Component: ARM Compiler 6.16 Tool: armlink [5dfeaa00]

==============================================================================

Section Cross References

    diagnostics.o(.ARM.exidx.text.SysTick_Init) refers to diagnostics.o(.text.SysTick_Init) for [Anonymous Symbol]
    diagnostics.o(.text.Diagnostics_Init) refers to diagnostics.o(.bss.diagState) for diagState
    diagnostics.o(.text.Diagnostics_Init) refers to rt_memclr_w.o(.text) for __aeabi_memclr4
    diagnostics.o(.text.Diagnostics_Init) refers to diagnostics.o(.text.SysTick_Init) for SysTick_Init
    diagnostics.o(.text.Diagnostics_Init) refers to diagnostics.o(.text.InitPowerADC) for InitPowerADC
    diagnostics.o(.text.Diagnostics_Init) refers to diagnostics.o(.text.InitTempADC) for InitTempADC
    diagnostics.o(.text.Diagnostics_Init) refers to diagnostics.o(.text.Diagnostics_Log) for Diagnostics_Log
    diagnostics.o(.ARM.exidx.text.Diagnostics_Init) refers to diagnostics.o(.text.Diagnostics_Init) for [Anonymous Symbol]
    diagnostics.o(.ARM.exidx.text.InitPowerADC) refers to diagnostics.o(.text.InitPowerADC) for [Anonymous Symbol]
    diagnostics.o(.ARM.exidx.text.InitTempADC) refers to diagnostics.o(.text.InitTempADC) for [Anonymous Symbol]
    diagnostics.o(.text.Diagnostics_Log) refers to diagnostics.o(.bss.diagState) for diagState
    diagnostics.o(.ARM.exidx.text.Diagnostics_Log) refers to diagnostics.o(.text.Diagnostics_Log) for [Anonymous Symbol]
    diagnostics.o(.text.Diagnostics_UpdatePowerState) refers to diagnostics.o(.bss.diagState) for diagState
    diagnostics.o(.text.Diagnostics_UpdatePowerState) refers to diagnostics.o(.text.Diagnostics_Log) for Diagnostics_Log
    diagnostics.o(.ARM.exidx.text.Diagnostics_UpdatePowerState) refers to diagnostics.o(.text.Diagnostics_UpdatePowerState) for [Anonymous Symbol]
    diagnostics.o(.text.Diagnostics_GetPowerState) refers to diagnostics.o(.bss.diagState) for diagState
    diagnostics.o(.text.Diagnostics_GetPowerState) refers to diagnostics.o(.text.Diagnostics_Log) for Diagnostics_Log
    diagnostics.o(.ARM.exidx.text.Diagnostics_GetPowerState) refers to diagnostics.o(.text.Diagnostics_GetPowerState) for [Anonymous Symbol]
    diagnostics.o(.text.Diagnostics_GetBatteryVoltage) refers to diagnostics.o(.bss.diagState) for diagState
    diagnostics.o(.ARM.exidx.text.Diagnostics_GetBatteryVoltage) refers to diagnostics.o(.text.Diagnostics_GetBatteryVoltage) for [Anonymous Symbol]
    diagnostics.o(.text.Diagnostics_GetBatteryLevel) refers to diagnostics.o(.bss.diagState) for diagState
    diagnostics.o(.ARM.exidx.text.Diagnostics_GetBatteryLevel) refers to diagnostics.o(.text.Diagnostics_GetBatteryLevel) for [Anonymous Symbol]
    diagnostics.o(.text.ADC0SS1_Handler) refers to diagnostics.o(.bss.diagState) for diagState
    diagnostics.o(.text.ADC0SS1_Handler) refers to diagnostics.o(.text.GetCurrentTime) for GetCurrentTime
    diagnostics.o(.text.ADC0SS1_Handler) refers to diagnostics.o(.text.Diagnostics_Log) for Diagnostics_Log
    diagnostics.o(.ARM.exidx.text.ADC0SS1_Handler) refers to diagnostics.o(.text.ADC0SS1_Handler) for [Anonymous Symbol]
    diagnostics.o(.text.GetCurrentTime) refers to diagnostics.o(.bss.systemMillis) for systemMillis
    diagnostics.o(.ARM.exidx.text.GetCurrentTime) refers to diagnostics.o(.text.GetCurrentTime) for [Anonymous Symbol]
    diagnostics.o(.text.ADC1SS0_Handler) refers to diagnostics.o(.bss.diagState) for diagState
    diagnostics.o(.text.ADC1SS0_Handler) refers to diagnostics.o(.text.Diagnostics_Log) for Diagnostics_Log
    diagnostics.o(.ARM.exidx.text.ADC1SS0_Handler) refers to diagnostics.o(.text.ADC1SS0_Handler) for [Anonymous Symbol]
    diagnostics.o(.text.Diagnostics_UpdateThermalState) refers to diagnostics.o(.bss.diagState) for diagState
    diagnostics.o(.text.Diagnostics_UpdateThermalState) refers to diagnostics.o(.text.Diagnostics_Log) for Diagnostics_Log
    diagnostics.o(.ARM.exidx.text.Diagnostics_UpdateThermalState) refers to diagnostics.o(.text.Diagnostics_UpdateThermalState) for [Anonymous Symbol]
    diagnostics.o(.text.UpdateMotorTemperatures) refers to diagnostics.o(.bss.diagState) for diagState
    diagnostics.o(.text.UpdateMotorTemperatures) refers to diagnostics.o(.text.GetMotorTemperature) for GetMotorTemperature
    diagnostics.o(.text.UpdateMotorTemperatures) refers to diagnostics.o(.text.__ARM_isnanf) for __ARM_isnanf
    diagnostics.o(.ARM.exidx.text.UpdateMotorTemperatures) refers to diagnostics.o(.text.UpdateMotorTemperatures) for [Anonymous Symbol]
    diagnostics.o(.text.GetMotorTemperature) refers to diagnostics.o(.text.Diagnostics_GetADCValue) for Diagnostics_GetADCValue
    diagnostics.o(.text.GetMotorTemperature) refers to diagnostics.o(.text.Diagnostics_ConvertADCToTemp) for Diagnostics_ConvertADCToTemp
    diagnostics.o(.ARM.exidx.text.GetMotorTemperature) refers to diagnostics.o(.text.GetMotorTemperature) for [Anonymous Symbol]
[...]
    Removing distancefunctions.o(.text.arm_euclidean_distance_f32), (88 bytes).
    Removing distancefunctions.o(.ARM.exidx.text.arm_euclidean_distance_f32), (8 bytes).
    Removing distancefunctions.o(.text.arm_hamming_distance), (68 bytes).
    Removing distancefunctions.o(.ARM.exidx.text.arm_hamming_distance), (8 bytes).
    Removing distancefunctions.o(.text.arm_jaccard_distance), (74 bytes).
    Removing distancefunctions.o(.ARM.exidx.text.arm_jaccard_distance), (8 bytes).
    Removing distancefunctions.o(.text.arm_jensenshannon_distance_f32), (164 bytes).
    Removing distancefunctions.o(.ARM.exidx.text.arm_jensenshannon_distance_f32), (8 bytes).
    Removing distancefunctions.o(.text.rel_entr), (28 bytes).
    Removing distancefunctions.o(.ARM.exidx.text.rel_entr), (8 bytes).
    Removing distancefunctions.o(.text.arm_kulsinski_distance), (80 bytes).
    Removing distancefunctions.o(.ARM.exidx.text.arm_kulsinski_distance), (8 bytes).
    Removing distancefunctions.o(.text.arm_minkowski_distance_f32), (116 bytes).
    Removing distancefunctions.o(.ARM.exidx.text.arm_minkowski_distance_f32), (8 bytes).
    Removing distancefunctions.o(.text.arm_rogerstanimoto_distance), (86 bytes).
    Removing distancefunctions.o(.ARM.exidx.text.arm_rogerstanimoto_distance), (8 bytes).
    Removing distancefunctions.o(.text.arm_russellrao_distance), (70 bytes).
    Removing distancefunctions.o(.ARM.exidx.text.arm_russellrao_distance), (8 bytes).
    Removing distancefunctions.o(.text.arm_sokalmichener_distance), (90 bytes).
    Removing distancefunctions.o(.ARM.exidx.text.arm_sokalmichener_distance), (8 bytes).
    Removing distancefunctions.o(.text.arm_sokalsneath_distance), (76 bytes).
    Removing distancefunctions.o(.ARM.exidx.text.arm_sokalsneath_distance), (8 bytes).
    Removing distancefunctions.o(.text.arm_yule_distance), (120 bytes).
    Removing distancefunctions.o(.ARM.exidx.text.arm_yule_distance), (8 bytes).
    Removing distancefunctionsf16.o(.text), (0 bytes).
    Removing distancefunctionsf16.o(.text.arm_braycurtis_distance_f16), (124 bytes).
    Removing distancefunctionsf16.o(.ARM.exidx.text.arm_braycurtis_distance_f16), (8 bytes).
    Removing distancefunctionsf16.o(.text.arm_canberra_distance_f16), (152 bytes).
    Removing distancefunctionsf16.o(.ARM.exidx.text.arm_canberra_distance_f16), (8 bytes).
    Removing distancefunctionsf16.o(.text.arm_chebyshev_distance_f16), (120 bytes).
    Removing distancefunctionsf16.o(.ARM.exidx.text.arm_chebyshev_distance_f16), (8 bytes).
    Removing distancefunctionsf16.o(.text.arm_cityblock_distance_f16), (88 bytes).
    Removing distancefunctionsf16.o(.ARM.exidx.text.arm_cityblock_distance_f16), (8 bytes).
    Removing distancefunctionsf16.o(.text.arm_correlation_distance_f16), (312 bytes).
    Removing distancefunctionsf16.o(.ARM.exidx.text.arm_correlation_distance_f16), (8 bytes).
    Removing distancefunctionsf16.o(.text.arm_cosine_distance_f16), (168 bytes).
    Removing distancefunctionsf16.o(.ARM.exidx.text.arm_cosine_distance_f16), (8 bytes).
    Removing distancefunctionsf16.o(.text.arm_euclidean_distance_f16), (140 bytes).
    Removing distancefunctionsf16.o(.ARM.exidx.text.arm_euclidean_distance_f16), (8 bytes).
    Removing distancefunctionsf16.o(.text.arm_jensenshannon_distance_f16), (232 bytes).
    Removing distancefunctionsf16.o(.ARM.exidx.text.arm_jensenshannon_distance_f16), (8 bytes).
    Removing distancefunctionsf16.o(.text.rel_entr), (46 bytes).
    Removing distancefunctionsf16.o(.ARM.exidx.text.rel_entr), (8 bytes).
    Removing distancefunctionsf16.o(.text.arm_minkowski_distance_f16), (152 bytes).
    Removing distancefunctionsf16.o(.ARM.exidx.text.arm_minkowski_distance_f16), (8 bytes).
    Removing fastmathfunctions.o(.text), (0 bytes).
    Removing fastmathfunctions.o(.text.arm_cos_f32), (152 bytes).
    Removing fastmathfunctions.o(.ARM.exidx.text.arm_cos_f32), (8 bytes).
    Removing fastmathfunctions.o(.text.arm_cos_q15), (76 bytes).
    Removing fastmathfunctions.o(.ARM.exidx.text.arm_cos_q15), (8 bytes).
    Removing fastmathfunctions.o(.text.arm_cos_q31), (68 bytes).
    Removing fastmathfunctions.o(.ARM.exidx.text.arm_cos_q31), (8 bytes).
    Removing fastmathfunctions.o(.text.arm_sin_f32), (144 bytes).
    Removing fastmathfunctions.o(.ARM.exidx.text.arm_sin_f32), (8 bytes).
    Removing fastmathfunctions.o(.text.arm_sin_q15), (62 bytes).
    Removing fastmathfunctions.o(.ARM.exidx.text.arm_sin_q15), (8 bytes).
    Removing fastmathfunctions.o(.text.arm_sin_q31), (58 bytes).
    Removing fastmathfunctions.o(.ARM.exidx.text.arm_sin_q31), (8 bytes).
    Removing fastmathfunctions.o(.text.arm_sqrt_q15), (212 bytes).
    Removing fastmathfunctions.o(.ARM.exidx.text.arm_sqrt_q15), (8 bytes).
    Removing fastmathfunctions.o(.text.arm_sqrt_q31), (244 bytes).
    Removing fastmathfunctions.o(.ARM.exidx.text.arm_sqrt_q31), (8 bytes).
    Removing fastmathfunctions.o(.text.arm_vexp_f32), (40 bytes).
    Removing fastmathfunctions.o(.ARM.exidx.text.arm_vexp_f32), (8 bytes).
    Removing fastmathfunctions.o(.text.arm_vlog_f32), (40 bytes).
    Removing fastmathfunctions.o(.ARM.exidx.text.arm_vlog_f32), (8 bytes).
    Removing fastmathfunctions.o(.text.arm_divide_q15), (98 bytes).
    Removing fastmathfunctions.o(.ARM.exidx.text.arm_divide_q15), (8 bytes).
    Removing fastmathfunctionsf16.o(.text), (0 bytes).
    Removing fastmathfunctionsf16.o(.text.arm_vexp_f16), (50 bytes).
    Removing fastmathfunctionsf16.o(.ARM.exidx.text.arm_vexp_f16), (8 bytes).
    Removing fastmathfunctionsf16.o(.text.arm_vlog_f16), (50 bytes).
    Removing fastmathfunctionsf16.o(.ARM.exidx.text.arm_vlog_f16), (8 bytes).
    Removing fastmathfunctionsf16.o(.text.arm_vinverse_f16), (50 bytes).
    Removing fastmathfunctionsf16.o(.ARM.exidx.text.arm_vinverse_f16), (8 bytes).
    Removing filteringfunctions.o(.text), (0 bytes).
    Removing filteringfunctions.o(.text.arm_biquad_cas_df1_32x64_init_q31), (26 bytes).
    Removing filteringfunctions.o(.ARM.exidx.text.arm_biquad_cas_df1_32x64_init_q31), (8 bytes).
    Removing filteringfunctions.o(.text.arm_biquad_cas_df1_32x64_q31), (316 bytes).
    Removing filteringfunctions.o(.ARM.exidx.text.arm_biquad_cas_df1_32x64_q31), (8 bytes).
    Removing filteringfunctions.o(.text.arm_biquad_cascade_df1_f32), (170 bytes).
    Removing filteringfunctions.o(.ARM.exidx.text.arm_biquad_cascade_df1_f32), (8 bytes).
    Removing filteringfunctions.o(.text.arm_biquad_cascade_df1_fast_q15), (144 bytes).
    Removing filteringfunctions.o(.ARM.exidx.text.arm_biquad_cascade_df1_fast_q15), (8 bytes).
    Removing filteringfunctions.o(.text.arm_biquad_cascade_df1_fast_q31), (166 bytes).
    Removing filteringfunctions.o(.ARM.exidx.text.arm_biquad_cascade_df1_fast_q31), (8 bytes).
    Removing filteringfunctions.o(.text.arm_biquad_cascade_df1_init_f32), (22 bytes).
    Removing filteringfunctions.o(.ARM.exidx.text.arm_biquad_cascade_df1_init_f32), (8 bytes).
    Removing filteringfunctions.o(.text.arm_biquad_cascade_df1_init_q15), (26 bytes).
    Removing filteringfunctions.o(.ARM.exidx.text.arm_biquad_cascade_df1_init_q15), (8 bytes).
    Removing filteringfunctions.o(.text.arm_biquad_cascade_df1_init_q31), (26 bytes).
    Removing filteringfunctions.o(.ARM.exidx.text.arm_biquad_cascade_df1_init_q31), (8 bytes).
    Removing filteringfunctions.o(.text.arm_biquad_cascade_df1_q15), (296 bytes).
    Removing filteringfunctions.o(.ARM.exidx.text.arm_biquad_cascade_df1_q15), (8 bytes).
    Removing filteringfunctions.o(.text.arm_biquad_cascade_df1_q31), (188 bytes).
    Removing filteringfunctions.o(.ARM.exidx.text.arm_biquad_cascade_df1_q31), (8 bytes).
    Removing filteringfunctions.o(.text.arm_biquad_cascade_df2T_f32), (130 bytes).
    Removing filteringfunctions.o(.ARM.exidx.text.arm_biquad_cascade_df2T_f32), (8 bytes).
    Removing filteringfunctions.o(.text.arm_biquad_cascade_df2T_f64), (260 bytes).
    Removing filteringfunctions.o(.ARM.exidx.text.arm_biquad_cascade_df2T_f64), (8 bytes).
    Removing filteringfunctions.o(.text.arm_biquad_cascade_df2T_init_f32), (22 bytes).
    Removing filteringfunctions.o(.ARM.exidx.text.arm_biquad_cascade_df2T_init_f32), (8 bytes).
    Removing filteringfunctions.o(.text.arm_biquad_cascade_df2T_init_f64), (22 bytes).
    Removing filteringfunctions.o(.ARM.exidx.text.arm_biquad_cascade_df2T_init_f64), (8 bytes).
    Removing filteringfunctions.o(.text.arm_biquad_cascade_stereo_df2T_f32), (194 bytes).
    Removing filteringfunctions.o(.ARM.exidx.text.arm_biquad_cascade_stereo_df2T_f32), (8 bytes).
    Removing filteringfunctions.o(.text.arm_biquad_cascade_stereo_df2T_init_f32), (22 bytes).
    Removing filteringfunctions.o(.ARM.exidx.text.arm_biquad_cascade_stereo_df2T_init_f32), (8 bytes).
    Removing filteringfunctions.o(.text.arm_conv_f32), (376 bytes).
    Removing filteringfunctions.o(.ARM.exidx.text.arm_conv_f32), (8 bytes).
    Removing filteringfunctions.o(.text.arm_conv_fast_opt_q15), (238 bytes).
    Removing filteringfunctions.o(.ARM.exidx.text.arm_conv_fast_opt_q15), (8 bytes).
    Removing filteringfunctions.o(.text.arm_conv_fast_q15), (1150 bytes).
    Removing filteringfunctions.o(.ARM.exidx.text.arm_conv_fast_q15), (8 bytes).
    Removing filteringfunctions.o(.text.arm_conv_fast_q31), (952 bytes).
    Removing filteringfunctions.o(.ARM.exidx.text.arm_conv_fast_q31), (8 bytes).
    Removing filteringfunctions.o(.text.arm_conv_opt_q15), (248 bytes).
    Removing filteringfunctions.o(.ARM.exidx.text.arm_conv_opt_q15), (8 bytes).
    Removing filteringfunctions.o(.text.arm_conv_opt_q7), (666 bytes).
    Removing filteringfunctions.o(.ARM.exidx.text.arm_conv_opt_q7), (8 bytes).
    Removing filteringfunctions.o(.text.arm_conv_partial_f32), (508 bytes).
    Removing filteringfunctions.o(.ARM.exidx.text.arm_conv_partial_f32), (8 bytes).
    Removing filteringfunctions.o(.text.arm_conv_partial_fast_opt_q15), (266 bytes).
    Removing filteringfunctions.o(.ARM.exidx.text.arm_conv_partial_fast_opt_q15), (8 bytes).
    Removing filteringfunctions.o(.text.arm_conv_partial_fast_q15), (1280 bytes).
    Removing filteringfunctions.o(.ARM.exidx.text.arm_conv_partial_fast_q15), (8 bytes).
    Removing filteringfunctions.o(.text.arm_conv_partial_fast_q31), (450 bytes).
    Removing filteringfunctions.o(.ARM.exidx.text.arm_conv_partial_fast_q31), (8 bytes).
    Removing filteringfunctions.o(.text.arm_conv_partial_opt_q15), (280 bytes).
    Removing filteringfunctions.o(.ARM.exidx.text.arm_conv_partial_opt_q15), (8 bytes).
    Removing filteringfunctions.o(.text.arm_conv_partial_opt_q7), (680 bytes).
    Removing filteringfunctions.o(.ARM.exidx.text.arm_conv_partial_opt_q7), (8 bytes).
    Removing filteringfunctions.o(.text.arm_conv_partial_q15), (1550 bytes).
    Removing filteringfunctions.o(.ARM.exidx.text.arm_conv_partial_q15), (8 bytes).
    Removing filteringfunctions.o(.text.arm_conv_partial_q31), (472 bytes).
    Removing filteringfunctions.o(.ARM.exidx.text.arm_conv_partial_q31), (8 bytes).
    Removing filteringfunctions.o(.text.arm_conv_partial_q7), (448 bytes).
    Removing filteringfunctions.o(.ARM.exidx.text.arm_conv_partial_q7), (8 bytes).
    Removing filteringfunctions.o(.text.arm_conv_q15), (1290 bytes).
    Removing filteringfunctions.o(.ARM.exidx.text.arm_conv_q15), (8 bytes).
    Removing filteringfunctions.o(.text.arm_conv_q31), (330 bytes).
    Removing filteringfunctions.o(.ARM.exidx.text.arm_conv_q31), (8 bytes).
    Removing filteringfunctions.o(.text.arm_conv_q7), (302 bytes).
    Removing filteringfunctions.o(.ARM.exidx.text.arm_conv_q7), (8 bytes).
    Removing filteringfunctions.o(.text.arm_correlate_f32), (432 bytes).
    Removing filteringfunctions.o(.ARM.exidx.text.arm_correlate_f32), (8 bytes).
    Removing filteringfunctions.o(.text.arm_correlate_fast_opt_q15), (250 bytes).
    Removing filteringfunctions.o(.ARM.exidx.text.arm_correlate_fast_opt_q15), (8 bytes).
    Removing filteringfunctions.o(.text.arm_correlate_fast_q15), (1044 bytes).
    Removing filteringfunctions.o(.ARM.exidx.text.arm_correlate_fast_q15), (8 bytes).
    Removing filteringfunctions.o(.text.arm_correlate_fast_q31), (984 bytes).
    Removing filteringfunctions.o(.ARM.exidx.text.arm_correlate_fast_q31), (8 bytes).
    Removing filteringfunctions.o(.text.arm_correlate_opt_q15), (260 bytes).
    Removing filteringfunctions.o(.ARM.exidx.text.arm_correlate_opt_q15), (8 bytes).
    Removing filteringfunctions.o(.text.arm_correlate_opt_q7), (724 bytes).
    Removing filteringfunctions.o(.ARM.exidx.text.arm_correlate_opt_q7), (8 bytes).
    Removing filteringfunctions.o(.text.arm_correlate_q15), (1268 bytes).
    Removing filteringfunctions.o(.ARM.exidx.text.arm_correlate_q15), (8 bytes).
    Removing filteringfunctions.o(.text.arm_correlate_q31), (326 bytes).
    Removing filteringfunctions.o(.ARM.exidx.text.arm_correlate_q31), (8 bytes).
    Removing filteringfunctions.o(.text.arm_correlate_q7), (324 bytes).
    Removing filteringfunctions.o(.ARM.exidx.text.arm_correlate_q7), (8 bytes).
    Removing filteringfunctions.o(.text.arm_fir_decimate_f32), (184 bytes).
    Removing filteringfunctions.o(.ARM.exidx.text.arm_fir_decimate_f32), (8 bytes).
    Removing filteringfunctions.o(.text.arm_fir_decimate_fast_q15), (348 bytes).
    Removing filteringfunctions.o(.ARM.exidx.text.arm_fir_decimate_fast_q15), (8 bytes).
    Removing filteringfunctions.o(.text.arm_fir_decimate_fast_q31), (156 bytes).
    Removing filteringfunctions.o(.ARM.exidx.text.arm_fir_decimate_fast_q31), (8 bytes).
    Removing filteringfunctions.o(.text.arm_fir_decimate_init_f32), (58 bytes).
    Removing filteringfunctions.o(.ARM.exidx.text.arm_fir_decimate_init_f32), (8 bytes).
    Removing filteringfunctions.o(.text.arm_fir_decimate_init_q15), (58 bytes).
    Removing filteringfunctions.o(.ARM.exidx.text.arm_fir_decimate_init_q15), (8 bytes).
    Removing filteringfunctions.o(.text.arm_fir_decimate_init_q31), (58 bytes).
    Removing filteringfunctions.o(.ARM.exidx.text.arm_fir_decimate_init_q31), (8 bytes).
    Removing filteringfunctions.o(.text.arm_fir_decimate_q15), (410 bytes).
    Removing filteringfunctions.o(.ARM.exidx.text.arm_fir_decimate_q15), (8 bytes).
    Removing filteringfunctions.o(.text.arm_fir_decimate_q31), (158 bytes).
    Removing filteringfunctions.o(.ARM.exidx.text.arm_fir_decimate_q31), (8 bytes).
    Removing filteringfunctions.o(.text.arm_fir_f32), (160 bytes).
    Removing filteringfunctions.o(.ARM.exidx.text.arm_fir_f32), (8 bytes).
    Removing filteringfunctions.o(.text.arm_fir_fast_q15), (152 bytes).
    Removing filteringfunctions.o(.ARM.exidx.text.arm_fir_fast_q15), (8 bytes).
    Removing filteringfunctions.o(.text.arm_fir_fast_q31), (122 bytes).
    Removing filteringfunctions.o(.ARM.exidx.text.arm_fir_fast_q31), (8 bytes).
    Removing filteringfunctions.o(.text.arm_fir_init_f32), (32 bytes).
    Removing filteringfunctions.o(.ARM.exidx.text.arm_fir_init_f32), (8 bytes).
    Removing filteringfunctions.o(.text.arm_fir_init_q15), (40 bytes).
    Removing filteringfunctions.o(.ARM.exidx.text.arm_fir_init_q15), (8 bytes).
    Removing filteringfunctions.o(.text.arm_fir_init_q31), (32 bytes).
    Removing filteringfunctions.o(.ARM.exidx.text.arm_fir_init_q31), (8 bytes).
    Removing filteringfunctions.o(.text.arm_fir_init_q7), (26 bytes).
    Removing filteringfunctions.o(.ARM.exidx.text.arm_fir_init_q7), (8 bytes).
    Removing filteringfunctions.o(.text.arm_fir_interpolate_f32), (208 bytes).
    Removing filteringfunctions.o(.ARM.exidx.text.arm_fir_interpolate_f32), (8 bytes).
    Removing filteringfunctions.o(.text.arm_fir_interpolate_init_f32), (54 bytes).
    Removing filteringfunctions.o(.ARM.exidx.text.arm_fir_interpolate_init_f32), (8 bytes).
    Removing filteringfunctions.o(.text.arm_fir_interpolate_init_q15), (54 bytes).
    Removing filteringfunctions.o(.ARM.exidx.text.arm_fir_interpolate_init_q15), (8 bytes).
    Removing filteringfunctions.o(.text.arm_fir_interpolate_init_q31), (54 bytes).
    Removing filteringfunctions.o(.ARM.exidx.text.arm_fir_interpolate_init_q31), (8 bytes).
    Removing filteringfunctions.o(.text.arm_fir_interpolate_q15), (196 bytes).
    Removing filteringfunctions.o(.ARM.exidx.text.arm_fir_interpolate_q15), (8 bytes).
    Removing filteringfunctions.o(.text.arm_fir_interpolate_q31), (192 bytes).
    Removing filteringfunctions.o(.ARM.exidx.text.arm_fir_interpolate_q31), (8 bytes).
    Removing filteringfunctions.o(.text.arm_fir_lattice_f32), (148 bytes).
    Removing filteringfunctions.o(.ARM.exidx.text.arm_fir_lattice_f32), (8 bytes).
    Removing filteringfunctions.o(.text.arm_fir_lattice_init_f32), (22 bytes).
    Removing filteringfunctions.o(.ARM.exidx.text.arm_fir_lattice_init_f32), (8 bytes).
    Removing filteringfunctions.o(.text.arm_fir_lattice_init_q15), (22 bytes).
    Removing filteringfunctions.o(.ARM.exidx.text.arm_fir_lattice_init_q15), (8 bytes).
    Removing filteringfunctions.o(.text.arm_fir_lattice_init_q31), (22 bytes).
    Removing filteringfunctions.o(.ARM.exidx.text.arm_fir_lattice_init_q31), (8 bytes).
    Removing filteringfunctions.o(.text.arm_fir_lattice_q15), (164 bytes).
    Removing filteringfunctions.o(.ARM.exidx.text.arm_fir_lattice_q15), (8 bytes).
    Removing filteringfunctions.o(.text.arm_fir_lattice_q31), (146 bytes).
    Removing filteringfunctions.o(.ARM.exidx.text.arm_fir_lattice_q31), (8 bytes).
    Removing filteringfunctions.o(.text.arm_fir_q15), (184 bytes).
    Removing filteringfunctions.o(.ARM.exidx.text.arm_fir_q15), (8 bytes).
    Removing filteringfunctions.o(.text.arm_fir_q31), (126 bytes).
    Removing filteringfunctions.o(.ARM.exidx.text.arm_fir_q31), (8 bytes).
    Removing filteringfunctions.o(.text.arm_fir_q7), (152 bytes).
    Removing filteringfunctions.o(.ARM.exidx.text.arm_fir_q7), (8 bytes).
    Removing filteringfunctions.o(.text.arm_fir_sparse_f32), (404 bytes).
    Removing filteringfunctions.o(.ARM.exidx.text.arm_fir_sparse_f32), (8 bytes).
    Removing filteringfunctions.o(.text.arm_fir_sparse_init_f32), (42 bytes).
    Removing filteringfunctions.o(.ARM.exidx.text.arm_fir_sparse_init_f32), (8 bytes).
    Removing filteringfunctions.o(.text.arm_fir_sparse_init_q15), (42 bytes).
    Removing filteringfunctions.o(.ARM.exidx.text.arm_fir_sparse_init_q15), (8 bytes).
    Removing filteringfunctions.o(.text.arm_fir_sparse_init_q31), (42 bytes).
    Removing filteringfunctions.o(.ARM.exidx.text.arm_fir_sparse_init_q31), (8 bytes).
    Removing filteringfunctions.o(.text.arm_fir_sparse_init_q7), (40 bytes).
    Removing filteringfunctions.o(.ARM.exidx.text.arm_fir_sparse_init_q7), (8 bytes).
    Removing filteringfunctions.o(.text.arm_fir_sparse_q15), (398 bytes).
    Removing filteringfunctions.o(.ARM.exidx.text.arm_fir_sparse_q15), (8 bytes).
    Removing filteringfunctions.o(.text.arm_fir_sparse_q31), (410 bytes).
    Removing filteringfunctions.o(.ARM.exidx.text.arm_fir_sparse_q31), (8 bytes).
    Removing filteringfunctions.o(.text.arm_fir_sparse_q7), (398 bytes).
    Removing filteringfunctions.o(.ARM.exidx.text.arm_fir_sparse_q7), (8 bytes).
    Removing filteringfunctions.o(.text.arm_iir_lattice_f32), (224 bytes).
    Removing filteringfunctions.o(.ARM.exidx.text.arm_iir_lattice_f32), (8 bytes).
    Removing filteringfunctions.o(.text.arm_iir_lattice_init_f32), (28 bytes).
    Removing filteringfunctions.o(.ARM.exidx.text.arm_iir_lattice_init_f32), (8 bytes).
    Removing filteringfunctions.o(.text.arm_iir_lattice_init_q15), (28 bytes).
    Removing filteringfunctions.o(.ARM.exidx.text.arm_iir_lattice_init_q15), (8 bytes).
    Removing filteringfunctions.o(.text.arm_iir_lattice_init_q31), (28 bytes).
    Removing filteringfunctions.o(.ARM.exidx.text.arm_iir_lattice_init_q31), (8 bytes).
    Removing filteringfunctions.o(.text.arm_iir_lattice_q15), (308 bytes).
    Removing filteringfunctions.o(.ARM.exidx.text.arm_iir_lattice_q15), (8 bytes).
    Removing filteringfunctions.o(.text.arm_iir_lattice_q31), (292 bytes).
    Removing filteringfunctions.o(.ARM.exidx.text.arm_iir_lattice_q31), (8 bytes).
    Removing filteringfunctions.o(.text.arm_lms_f32), (248 bytes).
    Removing filteringfunctions.o(.ARM.exidx.text.arm_lms_f32), (8 bytes).
    Removing filteringfunctions.o(.text.arm_lms_init_f32), (48 bytes).
    Removing filteringfunctions.o(.ARM.exidx.text.arm_lms_init_f32), (8 bytes).
    Removing filteringfunctions.o(.text.arm_lms_init_q15), (44 bytes).
    Removing filteringfunctions.o(.ARM.exidx.text.arm_lms_init_q15), (8 bytes).
    Removing filteringfunctions.o(.text.arm_lms_init_q31), (44 bytes).
    Removing filteringfunctions.o(.ARM.exidx.text.arm_lms_init_q31), (8 bytes).
    Removing filteringfunctions.o(.text.arm_lms_norm_f32), (300 bytes).
    Removing filteringfunctions.o(.ARM.exidx.text.arm_lms_norm_f32), (8 bytes).
    Removing filteringfunctions.o(.text.arm_lms_norm_init_f32), (54 bytes).
    Removing filteringfunctions.o(.ARM.exidx.text.arm_lms_norm_init_f32), (8 bytes).
    Removing filteringfunctions.o(.text.arm_lms_norm_init_q15), (58 bytes).
    Removing filteringfunctions.o(.ARM.exidx.text.arm_lms_norm_init_q15), (8 bytes).
    Removing filteringfunctions.o(.text.arm_lms_norm_init_q31), (60 bytes).
    Removing filteringfunctions.o(.ARM.exidx.text.arm_lms_norm_init_q31), (8 bytes).
    Removing filteringfunctions.o(.text.arm_lms_norm_q15), (404 bytes).
    Removing filteringfunctions.o(.ARM.exidx.text.arm_lms_norm_q15), (8 bytes).
    Removing filteringfunctions.o(.text.arm_lms_norm_q31), (552 bytes).
    Removing filteringfunctions.o(.ARM.exidx.text.arm_lms_norm_q31), (8 bytes).
    Removing filteringfunctions.o(.text.arm_lms_q15), (260 bytes).
    Removing filteringfunctions.o(.ARM.exidx.text.arm_lms_q15), (8 bytes).
    Removing filteringfunctions.o(.text.arm_lms_q31), (312 bytes).
    Removing filteringfunctions.o(.ARM.exidx.text.arm_lms_q31), (8 bytes).
    Removing filteringfunctions.o(.text.arm_levinson_durbin_f32), (324 bytes).
    Removing filteringfunctions.o(.ARM.exidx.text.arm_levinson_durbin_f32), (8 bytes).
    Removing filteringfunctions.o(.text.arm_levinson_durbin_q31), (478 bytes).
    Removing filteringfunctions.o(.ARM.exidx.text.arm_levinson_durbin_q31), (8 bytes).
    Removing filteringfunctionsf16.o(.text), (0 bytes).
    Removing filteringfunctionsf16.o(.text.arm_fir_f16), (172 bytes).
    Removing filteringfunctionsf16.o(.ARM.exidx.text.arm_fir_f16), (8 bytes).
    Removing filteringfunctionsf16.o(.text.arm_fir_init_f16), (32 bytes).
    Removing filteringfunctionsf16.o(.ARM.exidx.text.arm_fir_init_f16), (8 bytes).
    Removing filteringfunctionsf16.o(.text.arm_biquad_cascade_df1_f16), (354 bytes).
    Removing filteringfunctionsf16.o(.ARM.exidx.text.arm_biquad_cascade_df1_f16), (8 bytes).
    Removing filteringfunctionsf16.o(.text.arm_biquad_cascade_df1_init_f16), (22 bytes).
    Removing filteringfunctionsf16.o(.ARM.exidx.text.arm_biquad_cascade_df1_init_f16), (8 bytes).
    Removing filteringfunctionsf16.o(.text.arm_biquad_cascade_df2T_f16), (270 bytes).
    Removing filteringfunctionsf16.o(.ARM.exidx.text.arm_biquad_cascade_df2T_f16), (8 bytes).
    Removing filteringfunctionsf16.o(.text.arm_biquad_cascade_df2T_init_f16), (22 bytes).
    Removing filteringfunctionsf16.o(.ARM.exidx.text.arm_biquad_cascade_df2T_init_f16), (8 bytes).
    Removing filteringfunctionsf16.o(.text.arm_biquad_cascade_stereo_df2T_f16), (398 bytes).
    Removing filteringfunctionsf16.o(.ARM.exidx.text.arm_biquad_cascade_stereo_df2T_f16), (8 bytes).
    Removing filteringfunctionsf16.o(.text.arm_biquad_cascade_stereo_df2T_init_f16), (22 bytes).
    Removing filteringfunctionsf16.o(.ARM.exidx.text.arm_biquad_cascade_stereo_df2T_init_f16), (8 bytes).
    Removing filteringfunctionsf16.o(.text.arm_correlate_f16), (520 bytes).
    Removing filteringfunctionsf16.o(.ARM.exidx.text.arm_correlate_f16), (8 bytes).
    Removing filteringfunctionsf16.o(.text.arm_levinson_durbin_f16), (492 bytes).
    Removing filteringfunctionsf16.o(.ARM.exidx.text.arm_levinson_durbin_f16), (8 bytes).
    Removing interpolationfunctions.o(.text), (0 bytes).
    Removing interpolationfunctions.o(.text.arm_bilinear_interp_f32), (160 bytes).
    Removing interpolationfunctions.o(.ARM.exidx.text.arm_bilinear_interp_f32), (8 bytes).
    Removing interpolationfunctions.o(.text.arm_bilinear_interp_q15), (210 bytes).
    Removing interpolationfunctions.o(.ARM.exidx.text.arm_bilinear_interp_q15), (8 bytes).
    Removing interpolationfunctions.o(.text.arm_bilinear_interp_q31), (144 bytes).
    Removing interpolationfunctions.o(.ARM.exidx.text.arm_bilinear_interp_q31), (8 bytes).
    Removing interpolationfunctions.o(.text.arm_bilinear_interp_q7), (140 bytes).
    Removing interpolationfunctions.o(.ARM.exidx.text.arm_bilinear_interp_q7), (8 bytes).
    Removing interpolationfunctions.o(.text.arm_linear_interp_f32), (128 bytes).
    Removing interpolationfunctions.o(.ARM.exidx.text.arm_linear_interp_f32), (8 bytes).
    Removing interpolationfunctions.o(.text.arm_linear_interp_q15), (74 bytes).
    Removing interpolationfunctions.o(.ARM.exidx.text.arm_linear_interp_q15), (8 bytes).
    Removing interpolationfunctions.o(.text.arm_linear_interp_q31), (66 bytes).
    Removing interpolationfunctions.o(.ARM.exidx.text.arm_linear_interp_q31), (8 bytes).
    Removing interpolationfunctions.o(.text.arm_linear_interp_q7), (62 bytes).
    Removing interpolationfunctions.o(.ARM.exidx.text.arm_linear_interp_q7), (8 bytes).
    Removing interpolationfunctions.o(.text.arm_spline_f32), (352 bytes).
    Removing interpolationfunctions.o(.ARM.exidx.text.arm_spline_f32), (8 bytes).
    Removing interpolationfunctions.o(.text.arm_spline_init_f32), (496 bytes).
    Removing interpolationfunctions.o(.ARM.exidx.text.arm_spline_init_f32), (8 bytes).
    Removing interpolationfunctionsf16.o(.text), (0 bytes).
    Removing interpolationfunctionsf16.o(.text.arm_bilinear_interp_f16), (240 bytes).
    Removing interpolationfunctionsf16.o(.ARM.exidx.text.arm_bilinear_interp_f16), (8 bytes).
    Removing interpolationfunctionsf16.o(.text.arm_linear_interp_f16), (200 bytes).
    Removing interpolationfunctionsf16.o(.ARM.exidx.text.arm_linear_interp_f16), (8 bytes).
    Removing matrixfunctions.o(.text), (0 bytes).
    Removing matrixfunctions.o(.text.arm_mat_add_f32), (58 bytes).
    Removing matrixfunctions.o(.ARM.exidx.text.arm_mat_add_f32), (8 bytes).
    Removing matrixfunctions.o(.text.arm_mat_add_q15), (58 bytes).
    Removing matrixfunctions.o(.ARM.exidx.text.arm_mat_add_q15), (8 bytes).
    Removing matrixfunctions.o(.text.arm_mat_add_q31), (58 bytes).
    Removing matrixfunctions.o(.ARM.exidx.text.arm_mat_add_q31), (8 bytes).
    Removing matrixfunctions.o(.text.arm_mat_cmplx_mult_f32), (192 bytes).
    Removing matrixfunctions.o(.ARM.exidx.text.arm_mat_cmplx_mult_f32), (8 bytes).
    Removing matrixfunctions.o(.text.arm_mat_cmplx_mult_q15), (378 bytes).
    Removing matrixfunctions.o(.ARM.exidx.text.arm_mat_cmplx_mult_q15), (8 bytes).
    Removing matrixfunctions.o(.text.arm_mat_cmplx_mult_q31), (252 bytes).
    Removing matrixfunctions.o(.ARM.exidx.text.arm_mat_cmplx_mult_q31), (8 bytes).
    Removing matrixfunctions.o(.text.arm_mat_init_f32), (8 bytes).
    Removing matrixfunctions.o(.ARM.exidx.text.arm_mat_init_f32), (8 bytes).
    Removing matrixfunctions.o(.text.arm_mat_init_q15), (8 bytes).
    Removing matrixfunctions.o(.ARM.exidx.text.arm_mat_init_q15), (8 bytes).
    Removing matrixfunctions.o(.text.arm_mat_init_q31), (8 bytes).
    Removing matrixfunctions.o(.ARM.exidx.text.arm_mat_init_q31), (8 bytes).
    Removing matrixfunctions.o(.text.arm_mat_inverse_f32), (684 bytes).
    Removing matrixfunctions.o(.ARM.exidx.text.arm_mat_inverse_f32), (8 bytes).
    Removing matrixfunctions.o(.text.arm_mat_inverse_f64), (912 bytes).
    Removing matrixfunctions.o(.ARM.exidx.text.arm_mat_inverse_f64), (8 bytes).
    Removing matrixfunctions.o(.text.arm_mat_mult_f64), (248 bytes).
    Removing matrixfunctions.o(.ARM.exidx.text.arm_mat_mult_f64), (8 bytes).
    Removing matrixfunctions.o(.text.arm_mat_mult_f32), (144 bytes).
    Removing matrixfunctions.o(.ARM.exidx.text.arm_mat_mult_f32), (8 bytes).
    Removing matrixfunctions.o(.text.arm_mat_mult_fast_q15), (926 bytes).
    Removing matrixfunctions.o(.ARM.exidx.text.arm_mat_mult_fast_q15), (8 bytes).
    Removing matrixfunctions.o(.text.arm_mat_mult_fast_q31), (482 bytes).
    Removing matrixfunctions.o(.ARM.exidx.text.arm_mat_mult_fast_q31), (8 bytes).
    Removing matrixfunctions.o(.text.arm_mat_mult_q7), (138 bytes).
    Removing matrixfunctions.o(.ARM.exidx.text.arm_mat_mult_q7), (8 bytes).
    Removing matrixfunctions.o(.text.arm_mat_mult_q15), (386 bytes).
    Removing matrixfunctions.o(.ARM.exidx.text.arm_mat_mult_q15), (8 bytes).
    Removing matrixfunctions.o(.text.arm_mat_mult_q31), (126 bytes).
    Removing matrixfunctions.o(.ARM.exidx.text.arm_mat_mult_q31), (8 bytes).
    Removing matrixfunctions.o(.text.arm_mat_scale_f32), (40 bytes).
    Removing matrixfunctions.o(.ARM.exidx.text.arm_mat_scale_f32), (8 bytes).
    Removing matrixfunctions.o(.text.arm_mat_scale_q15), (62 bytes).
    Removing matrixfunctions.o(.ARM.exidx.text.arm_mat_scale_q15), (8 bytes).
    Removing matrixfunctions.o(.text.arm_mat_scale_q31), (74 bytes).
    Removing matrixfunctions.o(.ARM.exidx.text.arm_mat_scale_q31), (8 bytes).
    Removing matrixfunctions.o(.text.arm_mat_sub_f64), (106 bytes).
    Removing matrixfunctions.o(.ARM.exidx.text.arm_mat_sub_f64), (8 bytes).
    Removing matrixfunctions.o(.text.arm_mat_sub_f32), (58 bytes).
    Removing matrixfunctions.o(.ARM.exidx.text.arm_mat_sub_f32), (8 bytes).
    Removing matrixfunctions.o(.text.arm_mat_sub_q15), (58 bytes).
    Removing matrixfunctions.o(.ARM.exidx.text.arm_mat_sub_q15), (8 bytes).
    Removing matrixfunctions.o(.text.arm_mat_sub_q31), (58 bytes).
    Removing matrixfunctions.o(.ARM.exidx.text.arm_mat_sub_q31), (8 bytes).
    Removing matrixfunctions.o(.text.arm_mat_trans_f32), (58 bytes).
    Removing matrixfunctions.o(.ARM.exidx.text.arm_mat_trans_f32), (8 bytes).
    Removing matrixfunctions.o(.text.arm_mat_trans_f64), (86 bytes).
    Removing matrixfunctions.o(.ARM.exidx.text.arm_mat_trans_f64), (8 bytes).
    Removing matrixfunctions.o(.text.arm_mat_trans_q7), (60 bytes).
    Removing matrixfunctions.o(.ARM.exidx.text.arm_mat_trans_q7), (8 bytes).
    Removing matrixfunctions.o(.text.arm_mat_trans_q15), (58 bytes).
    Removing matrixfunctions.o(.ARM.exidx.text.arm_mat_trans_q15), (8 bytes).
    Removing matrixfunctions.o(.text.arm_mat_trans_q31), (58 bytes).
    Removing matrixfunctions.o(.ARM.exidx.text.arm_mat_trans_q31), (8 bytes).
    Removing matrixfunctions.o(.text.arm_mat_vec_mult_f32), (428 bytes).
    Removing matrixfunctions.o(.ARM.exidx.text.arm_mat_vec_mult_f32), (8 bytes).
    Removing matrixfunctions.o(.text.arm_mat_vec_mult_q31), (446 bytes).
    Removing matrixfunctions.o(.ARM.exidx.text.arm_mat_vec_mult_q31), (8 bytes).
    Removing matrixfunctions.o(.text.arm_mat_vec_mult_q15), (614 bytes).
    Removing matrixfunctions.o(.ARM.exidx.text.arm_mat_vec_mult_q15), (8 bytes).
    Removing matrixfunctions.o(.text.arm_mat_vec_mult_q7), (616 bytes).
    Removing matrixfunctions.o(.ARM.exidx.text.arm_mat_vec_mult_q7), (8 bytes).
    Removing matrixfunctions.o(.text.arm_mat_cmplx_trans_f32), (74 bytes).
    Removing matrixfunctions.o(.ARM.exidx.text.arm_mat_cmplx_trans_f32), (8 bytes).
    Removing matrixfunctions.o(.text.arm_mat_cmplx_trans_q31), (74 bytes).
    Removing matrixfunctions.o(.ARM.exidx.text.arm_mat_cmplx_trans_q31), (8 bytes).
    Removing matrixfunctions.o(.text.arm_mat_cmplx_trans_q15), (74 bytes).
    Removing matrixfunctions.o(.ARM.exidx.text.arm_mat_cmplx_trans_q15), (8 bytes).
    Removing matrixfunctions.o(.text.arm_mat_cholesky_f64), (352 bytes).
    Removing matrixfunctions.o(.ARM.exidx.text.arm_mat_cholesky_f64), (8 bytes).
    Removing matrixfunctions.o(.text.arm_mat_cholesky_f32), (258 bytes).
    Removing matrixfunctions.o(.ARM.exidx.text.arm_mat_cholesky_f32), (8 bytes).
    Removing matrixfunctions.o(.text.arm_mat_solve_upper_triangular_f32), (190 bytes).
    Removing matrixfunctions.o(.ARM.exidx.text.arm_mat_solve_upper_triangular_f32), (8 bytes).
    Removing matrixfunctions.o(.text.arm_mat_solve_lower_triangular_f32), (164 bytes).
    Removing matrixfunctions.o(.ARM.exidx.text.arm_mat_solve_lower_triangular_f32), (8 bytes).
    Removing matrixfunctions.o(.text.arm_mat_solve_upper_triangular_f64), (296 bytes).
    Removing matrixfunctions.o(.ARM.exidx.text.arm_mat_solve_upper_triangular_f64), (8 bytes).
    Removing matrixfunctions.o(.text.arm_mat_solve_lower_triangular_f64), (264 bytes).
    Removing matrixfunctions.o(.ARM.exidx.text.arm_mat_solve_lower_triangular_f64), (8 bytes).
    Removing matrixfunctions.o(.text.arm_mat_ldlt_f32), (660 bytes).
    Removing matrixfunctions.o(.ARM.exidx.text.arm_mat_ldlt_f32), (8 bytes).
    Removing matrixfunctions.o(.text.arm_mat_ldlt_f64), (824 bytes).
    Removing matrixfunctions.o(.ARM.exidx.text.arm_mat_ldlt_f64), (8 bytes).
    Removing matrixfunctionsf16.o(.text), (0 bytes).
    Removing matrixfunctionsf16.o(.text.arm_mat_add_f16), (78 bytes).
    Removing matrixfunctionsf16.o(.ARM.exidx.text.arm_mat_add_f16), (8 bytes).
    Removing matrixfunctionsf16.o(.text.arm_mat_sub_f16), (78 bytes).
    Removing matrixfunctionsf16.o(.ARM.exidx.text.arm_mat_sub_f16), (8 bytes).
    Removing matrixfunctionsf16.o(.text.arm_mat_trans_f16), (58 bytes).
    Removing matrixfunctionsf16.o(.ARM.exidx.text.arm_mat_trans_f16), (8 bytes).
    Removing matrixfunctionsf16.o(.text.arm_mat_scale_f16), (64 bytes).
    Removing matrixfunctionsf16.o(.ARM.exidx.text.arm_mat_scale_f16), (8 bytes).
    Removing matrixfunctionsf16.o(.text.arm_mat_mult_f16), (172 bytes).
    Removing matrixfunctionsf16.o(.ARM.exidx.text.arm_mat_mult_f16), (8 bytes).
    Removing matrixfunctionsf16.o(.text.arm_mat_vec_mult_f16), (580 bytes).
    Removing matrixfunctionsf16.o(.ARM.exidx.text.arm_mat_vec_mult_f16), (8 bytes).
    Removing matrixfunctionsf16.o(.text.arm_mat_cmplx_trans_f16), (72 bytes).
    Removing matrixfunctionsf16.o(.ARM.exidx.text.arm_mat_cmplx_trans_f16), (8 bytes).
    Removing matrixfunctionsf16.o(.text.arm_mat_cmplx_mult_f16), (248 bytes).
    Removing matrixfunctionsf16.o(.ARM.exidx.text.arm_mat_cmplx_mult_f16), (8 bytes).
    Removing matrixfunctionsf16.o(.text.arm_mat_inverse_f16), (812 bytes).
    Removing matrixfunctionsf16.o(.ARM.exidx.text.arm_mat_inverse_f16), (8 bytes).
    Removing matrixfunctionsf16.o(.text.arm_mat_init_f16), (8 bytes).
    Removing matrixfunctionsf16.o(.ARM.exidx.text.arm_mat_init_f16), (8 bytes).
    Removing matrixfunctionsf16.o(.text.arm_mat_cholesky_f16), (324 bytes).
    Removing matrixfunctionsf16.o(.ARM.exidx.text.arm_mat_cholesky_f16), (8 bytes).
    Removing matrixfunctionsf16.o(.text.arm_mat_solve_upper_triangular_f16), (254 bytes).
    Removing matrixfunctionsf16.o(.ARM.exidx.text.arm_mat_solve_upper_triangular_f16), (8 bytes).
    Removing matrixfunctionsf16.o(.text.arm_mat_solve_lower_triangular_f16), (230 bytes).
    Removing matrixfunctionsf16.o(.ARM.exidx.text.arm_mat_solve_lower_triangular_f16), (8 bytes).
    Removing quaternionmathfunctions.o(.text), (0 bytes).
    Removing quaternionmathfunctions.o(.text.arm_quaternion_norm_f32), (102 bytes).
    Removing quaternionmathfunctions.o(.ARM.exidx.text.arm_quaternion_norm_f32), (8 bytes).
    Removing quaternionmathfunctions.o(.text.arm_quaternion_inverse_f32), (130 bytes).
    Removing quaternionmathfunctions.o(.ARM.exidx.text.arm_quaternion_inverse_f32), (8 bytes).
    Removing quaternionmathfunctions.o(.text.arm_quaternion_conjugate_f32), (62 bytes).
    Removing quaternionmathfunctions.o(.ARM.exidx.text.arm_quaternion_conjugate_f32), (8 bytes).
    Removing quaternionmathfunctions.o(.text.arm_quaternion_normalize_f32), (152 bytes).
    Removing quaternionmathfunctions.o(.ARM.exidx.text.arm_quaternion_normalize_f32), (8 bytes).
    Removing quaternionmathfunctions.o(.text.arm_quaternion_product_single_f32), (258 bytes).
    Removing quaternionmathfunctions.o(.ARM.exidx.text.arm_quaternion_product_single_f32), (8 bytes).
    Removing quaternionmathfunctions.o(.text.arm_quaternion_product_f32), (42 bytes).
    Removing quaternionmathfunctions.o(.ARM.exidx.text.arm_quaternion_product_f32), (8 bytes).
    Removing quaternionmathfunctions.o(.text.arm_quaternion2rotation_f32), (196 bytes).
    Removing quaternionmathfunctions.o(.ARM.exidx.text.arm_quaternion2rotation_f32), (8 bytes).
    Removing quaternionmathfunctions.o(.text.arm_rotation2quaternion_f32), (744 bytes).
    Removing quaternionmathfunctions.o(.ARM.exidx.text.arm_rotation2quaternion_f32), (8 bytes).
    Removing svmfunctions.o(.text), (0 bytes).
    Removing svmfunctions.o(.text.arm_svm_linear_init_f32), (24 bytes).
    Removing svmfunctions.o(.ARM.exidx.text.arm_svm_linear_init_f32), (8 bytes).
    Removing svmfunctions.o(.text.arm_svm_linear_predict_f32), (144 bytes).
    Removing svmfunctions.o(.ARM.exidx.text.arm_svm_linear_predict_f32), (8 bytes).
    Removing svmfunctions.o(.text.arm_svm_polynomial_init_f32), (40 bytes).
    Removing svmfunctions.o(.ARM.exidx.text.arm_svm_polynomial_init_f32), (8 bytes).
    Removing svmfunctions.o(.text.arm_svm_polynomial_predict_f32), (192 bytes).
    Removing svmfunctions.o(.ARM.exidx.text.arm_svm_polynomial_predict_f32), (8 bytes).
    Removing svmfunctions.o(.text.arm_exponent_f32), (28 bytes).
    Removing svmfunctions.o(.ARM.exidx.text.arm_exponent_f32), (8 bytes).
    Removing svmfunctions.o(.text.arm_svm_rbf_init_f32), (28 bytes).
    Removing svmfunctions.o(.ARM.exidx.text.arm_svm_rbf_init_f32), (8 bytes).
    Removing svmfunctions.o(.text.arm_svm_rbf_predict_f32), (172 bytes).
    Removing svmfunctions.o(.ARM.exidx.text.arm_svm_rbf_predict_f32), (8 bytes).
    Removing svmfunctions.o(.text.arm_svm_sigmoid_init_f32), (32 bytes).
    Removing svmfunctions.o(.ARM.exidx.text.arm_svm_sigmoid_init_f32), (8 bytes).
    Removing svmfunctions.o(.text.arm_svm_sigmoid_predict_f32), (176 bytes).
    Removing svmfunctions.o(.ARM.exidx.text.arm_svm_sigmoid_predict_f32), (8 bytes).
    Removing svmfunctionsf16.o(.text), (0 bytes).
    Removing svmfunctionsf16.o(.text.arm_svm_linear_init_f16), (26 bytes).
    Removing svmfunctionsf16.o(.ARM.exidx.text.arm_svm_linear_init_f16), (8 bytes).
    Removing svmfunctionsf16.o(.text.arm_svm_linear_predict_f16), (192 bytes).
    Removing svmfunctionsf16.o(.ARM.exidx.text.arm_svm_linear_predict_f16), (8 bytes).
    Removing svmfunctionsf16.o(.text.arm_svm_polynomial_init_f16), (44 bytes).
    Removing svmfunctionsf16.o(.ARM.exidx.text.arm_svm_polynomial_init_f16), (8 bytes).
    Removing svmfunctionsf16.o(.text.arm_svm_polynomial_predict_f16), (272 bytes).
    Removing svmfunctionsf16.o(.ARM.exidx.text.arm_svm_polynomial_predict_f16), (8 bytes).
    Removing svmfunctionsf16.o(.text.arm_exponent_f16), (54 bytes).
    Removing svmfunctionsf16.o(.ARM.exidx.text.arm_exponent_f16), (8 bytes).
    Removing svmfunctionsf16.o(.text.arm_svm_rbf_init_f16), (34 bytes).
    Removing svmfunctionsf16.o(.ARM.exidx.text.arm_svm_rbf_init_f16), (8 bytes).
    Removing svmfunctionsf16.o(.text.arm_svm_rbf_predict_f16), (244 bytes).
    Removing svmfunctionsf16.o(.ARM.exidx.text.arm_svm_rbf_predict_f16), (8 bytes).
    Removing svmfunctionsf16.o(.text.arm_svm_sigmoid_init_f16), (40 bytes).
    Removing svmfunctionsf16.o(.ARM.exidx.text.arm_svm_sigmoid_init_f16), (8 bytes).
    Removing svmfunctionsf16.o(.text.arm_svm_sigmoid_predict_f16), (260 bytes).
    Removing svmfunctionsf16.o(.ARM.exidx.text.arm_svm_sigmoid_predict_f16), (8 bytes).
    Removing statisticsfunctions.o(.text), (0 bytes).
    Removing statisticsfunctions.o(.text.arm_entropy_f32), (64 bytes).
    Removing statisticsfunctions.o(.ARM.exidx.text.arm_entropy_f32), (8 bytes).
    Removing statisticsfunctions.o(.text.arm_entropy_f64), (112 bytes).
    Removing statisticsfunctions.o(.ARM.exidx.text.arm_entropy_f64), (8 bytes).
    Removing statisticsfunctions.o(.text.arm_kullback_leibler_f32), (76 bytes).
    Removing statisticsfunctions.o(.ARM.exidx.text.arm_kullback_leibler_f32), (8 bytes).
    Removing statisticsfunctions.o(.text.arm_kullback_leibler_f64), (144 bytes).
    Removing statisticsfunctions.o(.ARM.exidx.text.arm_kullback_leibler_f64), (8 bytes).
    Removing statisticsfunctions.o(.text.arm_logsumexp_dot_prod_f32), (24 bytes).
    Removing statisticsfunctions.o(.ARM.exidx.text.arm_logsumexp_dot_prod_f32), (8 bytes).
    Removing statisticsfunctions.o(.text.arm_logsumexp_f32), (104 bytes).
    Removing statisticsfunctions.o(.ARM.exidx.text.arm_logsumexp_f32), (8 bytes).
    Removing statisticsfunctions.o(.text.arm_max_f32), (66 bytes).
    Removing statisticsfunctions.o(.ARM.exidx.text.arm_max_f32), (8 bytes).
    Removing statisticsfunctions.o(.text.arm_max_q15), (48 bytes).
    Removing statisticsfunctions.o(.ARM.exidx.text.arm_max_q15), (8 bytes).
    Removing statisticsfunctions.o(.text.arm_max_q31), (44 bytes).
    Removing statisticsfunctions.o(.ARM.exidx.text.arm_max_q31), (8 bytes).
    Removing statisticsfunctions.o(.text.arm_max_q7), (66 bytes).
    Removing statisticsfunctions.o(.ARM.exidx.text.arm_max_q7), (8 bytes).
    Removing statisticsfunctions.o(.text.arm_max_no_idx_f32), (44 bytes).
    Removing statisticsfunctions.o(.ARM.exidx.text.arm_max_no_idx_f32), (8 bytes).
    Removing statisticsfunctions.o(.text.arm_mean_f32), (56 bytes).
    Removing statisticsfunctions.o(.ARM.exidx.text.arm_mean_f32), (8 bytes).
    Removing statisticsfunctions.o(.text.arm_mean_q15), (36 bytes).
    Removing statisticsfunctions.o(.ARM.exidx.text.arm_mean_q15), (8 bytes).
    Removing statisticsfunctions.o(.text.arm_mean_q31), (48 bytes).
    Removing statisticsfunctions.o(.ARM.exidx.text.arm_mean_q31), (8 bytes).
    Removing statisticsfunctions.o(.text.arm_mean_q7), (36 bytes).
    Removing statisticsfunctions.o(.ARM.exidx.text.arm_mean_q7), (8 bytes).
    Removing statisticsfunctions.o(.text.arm_min_f32), (66 bytes).
    Removing statisticsfunctions.o(.ARM.exidx.text.arm_min_f32), (8 bytes).
    Removing statisticsfunctions.o(.text.arm_min_q15), (48 bytes).
    Removing statisticsfunctions.o(.ARM.exidx.text.arm_min_q15), (8 bytes).
    Removing statisticsfunctions.o(.text.arm_min_q31), (44 bytes).
    Removing statisticsfunctions.o(.ARM.exidx.text.arm_min_q31), (8 bytes).
    Removing statisticsfunctions.o(.text.arm_min_q7), (66 bytes).
    Removing statisticsfunctions.o(.ARM.exidx.text.arm_min_q7), (8 bytes).
    Removing statisticsfunctions.o(.text.arm_power_f32), (36 bytes).
    Removing statisticsfunctions.o(.ARM.exidx.text.arm_power_f32), (8 bytes).
    Removing statisticsfunctions.o(.text.arm_power_q15), (52 bytes).
    Removing statisticsfunctions.o(.ARM.exidx.text.arm_power_q15), (8 bytes).
    Removing statisticsfunctions.o(.text.arm_power_q31), (60 bytes).
    Removing statisticsfunctions.o(.ARM.exidx.text.arm_power_q31), (8 bytes).
    Removing statisticsfunctions.o(.text.arm_power_q7), (30 bytes).
    Removing statisticsfunctions.o(.ARM.exidx.text.arm_power_q7), (8 bytes).
    Removing statisticsfunctions.o(.text.arm_rms_f32), (104 bytes).
    Removing statisticsfunctions.o(.ARM.exidx.text.arm_rms_f32), (8 bytes).
    Removing statisticsfunctions.o(.text.arm_rms_q15), (66 bytes).
    Removing statisticsfunctions.o(.ARM.exidx.text.arm_rms_q15), (8 bytes).
    Removing statisticsfunctions.o(.text.arm_rms_q31), (70 bytes).
    Removing statisticsfunctions.o(.ARM.exidx.text.arm_rms_q31), (8 bytes).
    Removing statisticsfunctions.o(.text.arm_std_f32), (68 bytes).
    Removing statisticsfunctions.o(.ARM.exidx.text.arm_std_f32), (8 bytes).
    Removing statisticsfunctions.o(.text.arm_var_f32), (108 bytes).
    Removing statisticsfunctions.o(.ARM.exidx.text.arm_var_f32), (8 bytes).
    Removing statisticsfunctions.o(.text.arm_std_q15), (98 bytes).
    Removing statisticsfunctions.o(.ARM.exidx.text.arm_std_q15), (8 bytes).
    Removing statisticsfunctions.o(.text.arm_std_q31), (128 bytes).
    Removing statisticsfunctions.o(.ARM.exidx.text.arm_std_q31), (8 bytes).
    Removing statisticsfunctions.o(.text.arm_var_q15), (80 bytes).
    Removing statisticsfunctions.o(.ARM.exidx.text.arm_var_q15), (8 bytes).
    Removing statisticsfunctions.o(.text.arm_var_q31), (118 bytes).
    Removing statisticsfunctions.o(.ARM.exidx.text.arm_var_q31), (8 bytes).
    Removing statisticsfunctions.o(.text.arm_absmax_f32), (74 bytes).
    Removing statisticsfunctions.o(.ARM.exidx.text.arm_absmax_f32), (8 bytes).
    Removing statisticsfunctions.o(.text.arm_absmax_q15), (258 bytes).
    Removing statisticsfunctions.o(.ARM.exidx.text.arm_absmax_q15), (8 bytes).
    Removing statisticsfunctions.o(.text.arm_absmax_q31), (210 bytes).
    Removing statisticsfunctions.o(.ARM.exidx.text.arm_absmax_q31), (8 bytes).
    Removing statisticsfunctions.o(.text.arm_absmax_q7), (258 bytes).
    Removing statisticsfunctions.o(.ARM.exidx.text.arm_absmax_q7), (8 bytes).
    Removing statisticsfunctions.o(.text.arm_absmin_f32), (74 bytes).
    Removing statisticsfunctions.o(.ARM.exidx.text.arm_absmin_f32), (8 bytes).
    Removing statisticsfunctions.o(.text.arm_absmin_q15), (258 bytes).
    Removing statisticsfunctions.o(.ARM.exidx.text.arm_absmin_q15), (8 bytes).
    Removing statisticsfunctions.o(.text.arm_absmin_q31), (210 bytes).
    Removing statisticsfunctions.o(.ARM.exidx.text.arm_absmin_q31), (8 bytes).
    Removing statisticsfunctions.o(.text.arm_absmin_q7), (258 bytes).
    Removing statisticsfunctions.o(.ARM.exidx.text.arm_absmin_q7), (8 bytes).
    Removing statisticsfunctionsf16.o(.text), (0 bytes).
    Removing statisticsfunctionsf16.o(.text.arm_max_f16), (96 bytes).
    Removing statisticsfunctionsf16.o(.ARM.exidx.text.arm_max_f16), (8 bytes).
    Removing statisticsfunctionsf16.o(.text.arm_min_f16), (96 bytes).
    Removing statisticsfunctionsf16.o(.ARM.exidx.text.arm_min_f16), (8 bytes).
    Removing statisticsfunctionsf16.o(.text.arm_mean_f16), (84 bytes).
    Removing statisticsfunctionsf16.o(.ARM.exidx.text.arm_mean_f16), (8 bytes).
    Removing statisticsfunctionsf16.o(.text.arm_power_f16), (56 bytes).
    Removing statisticsfunctionsf16.o(.ARM.exidx.text.arm_power_f16), (8 bytes).
    Removing statisticsfunctionsf16.o(.text.arm_rms_f16), (144 bytes).
    Removing statisticsfunctionsf16.o(.ARM.exidx.text.arm_rms_f16), (8 bytes).
    Removing statisticsfunctionsf16.o(.text.arm_std_f16), (92 bytes).
    Removing statisticsfunctionsf16.o(.ARM.exidx.text.arm_std_f16), (8 bytes).
    Removing statisticsfunctionsf16.o(.text.arm_var_f16), (172 bytes).
    Removing statisticsfunctionsf16.o(.ARM.exidx.text.arm_var_f16), (8 bytes).
    Removing statisticsfunctionsf16.o(.text.arm_entropy_f16), (96 bytes).
    Removing statisticsfunctionsf16.o(.ARM.exidx.text.arm_entropy_f16), (8 bytes).
    Removing statisticsfunctionsf16.o(.text.arm_kullback_leibler_f16), (112 bytes).
    Removing statisticsfunctionsf16.o(.ARM.exidx.text.arm_kullback_leibler_f16), (8 bytes).
    Removing statisticsfunctionsf16.o(.text.arm_logsumexp_dot_prod_f16), (24 bytes).
    Removing statisticsfunctionsf16.o(.ARM.exidx.text.arm_logsumexp_dot_prod_f16), (8 bytes).
    Removing statisticsfunctionsf16.o(.text.arm_logsumexp_f16), (168 bytes).
    Removing statisticsfunctionsf16.o(.ARM.exidx.text.arm_logsumexp_f16), (8 bytes).
    Removing statisticsfunctionsf16.o(.text.arm_max_no_idx_f16), (64 bytes).
    Removing statisticsfunctionsf16.o(.ARM.exidx.text.arm_max_no_idx_f16), (8 bytes).
    Removing statisticsfunctionsf16.o(.text.arm_absmax_f16), (104 bytes).
    Removing statisticsfunctionsf16.o(.ARM.exidx.text.arm_absmax_f16), (8 bytes).
    Removing statisticsfunctionsf16.o(.text.arm_absmin_f16), (104 bytes).
    Removing statisticsfunctionsf16.o(.ARM.exidx.text.arm_absmin_f16), (8 bytes).
    Removing supportfunctions.o(.text), (0 bytes).
    Removing supportfunctions.o(.text.arm_barycenter_f32), (136 bytes).
    Removing supportfunctions.o(.ARM.exidx.text.arm_barycenter_f32), (8 bytes).
    Removing supportfunctions.o(.text.arm_bitonic_sort_f32), (82 bytes).
    Removing supportfunctions.o(.ARM.exidx.text.arm_bitonic_sort_f32), (8 bytes).
    Removing supportfunctions.o(.text.arm_bitonic_sort_core_f32), (168 bytes).
    Removing supportfunctions.o(.ARM.exidx.text.arm_bitonic_sort_core_f32), (8 bytes).
    Removing supportfunctions.o(.text.arm_bubble_sort_f32), (106 bytes).
    Removing supportfunctions.o(.ARM.exidx.text.arm_bubble_sort_f32), (8 bytes).
    Removing supportfunctions.o(.text.arm_copy_f32), (26 bytes).
    Removing supportfunctions.o(.ARM.exidx.text.arm_copy_f32), (8 bytes).
    Removing supportfunctions.o(.text.arm_copy_q15), (26 bytes).
    Removing supportfunctions.o(.ARM.exidx.text.arm_copy_q15), (8 bytes).
    Removing supportfunctions.o(.text.arm_copy_q31), (26 bytes).
    Removing supportfunctions.o(.ARM.exidx.text.arm_copy_q31), (8 bytes).
    Removing supportfunctions.o(.text.arm_copy_q7), (26 bytes).
    Removing supportfunctions.o(.ARM.exidx.text.arm_copy_q7), (8 bytes).
    Removing supportfunctions.o(.text.arm_fill_f32), (20 bytes).
    Removing supportfunctions.o(.ARM.exidx.text.arm_fill_f32), (8 bytes).
    Removing supportfunctions.o(.text.arm_fill_q15), (18 bytes).
    Removing supportfunctions.o(.ARM.exidx.text.arm_fill_q15), (8 bytes).
    Removing supportfunctions.o(.text.arm_fill_q31), (18 bytes).
    Removing supportfunctions.o(.ARM.exidx.text.arm_fill_q31), (8 bytes).
    Removing supportfunctions.o(.text.arm_fill_q7), (26 bytes).
    Removing supportfunctions.o(.ARM.exidx.text.arm_fill_q7), (8 bytes).
    Removing supportfunctions.o(.text.arm_heap_sort_f32), (102 bytes).
    Removing supportfunctions.o(.ARM.exidx.text.arm_heap_sort_f32), (8 bytes).
    Removing supportfunctions.o(.text.arm_heapify), (126 bytes).
    Removing supportfunctions.o(.ARM.exidx.text.arm_heapify), (8 bytes).
    Removing supportfunctions.o(.text.arm_insertion_sort_f32), (102 bytes).
    Removing supportfunctions.o(.ARM.exidx.text.arm_insertion_sort_f32), (8 bytes).
    Removing supportfunctions.o(.text.arm_merge_sort_f32), (64 bytes).
    Removing supportfunctions.o(.ARM.exidx.text.arm_merge_sort_f32), (8 bytes).
    Removing supportfunctions.o(.text.arm_merge_sort_core_f32), (86 bytes).
    Removing supportfunctions.o(.ARM.exidx.text.arm_merge_sort_core_f32), (8 bytes).
    Removing supportfunctions.o(.text.arm_merge_sort_init_f32), (6 bytes).
    Removing supportfunctions.o(.ARM.exidx.text.arm_merge_sort_init_f32), (8 bytes).
    Removing supportfunctions.o(.text.arm_quick_sort_f32), (38 bytes).
    Removing supportfunctions.o(.ARM.exidx.text.arm_quick_sort_f32), (8 bytes).
    Removing supportfunctions.o(.text.arm_quick_sort_core_f32), (56 bytes).
    Removing supportfunctions.o(.ARM.exidx.text.arm_quick_sort_core_f32), (8 bytes).
    Removing supportfunctions.o(.text.arm_selection_sort_f32), (158 bytes).
    Removing supportfunctions.o(.ARM.exidx.text.arm_selection_sort_f32), (8 bytes).
    Removing supportfunctions.o(.text.arm_sort_f32), (60 bytes).
    Removing supportfunctions.o(.ARM.exidx.text.arm_sort_f32), (8 bytes).
    Removing supportfunctions.o(.text.arm_sort_init_f32), (6 bytes).
    Removing supportfunctions.o(.ARM.exidx.text.arm_sort_init_f32), (8 bytes).
    Removing supportfunctions.o(.text.arm_weighted_sum_f32), (64 bytes).
    Removing supportfunctions.o(.ARM.exidx.text.arm_weighted_sum_f32), (8 bytes).
    Removing supportfunctions.o(.text.arm_float_to_q15), (52 bytes).
    Removing supportfunctions.o(.ARM.exidx.text.arm_float_to_q15), (8 bytes).
    Removing supportfunctions.o(.text.arm_float_to_q31), (76 bytes).
    Removing supportfunctions.o(.ARM.exidx.text.arm_float_to_q31), (8 bytes).
    Removing supportfunctions.o(.text.arm_float_to_q7), (52 bytes).
    Removing supportfunctions.o(.ARM.exidx.text.arm_float_to_q7), (8 bytes).
    Removing supportfunctions.o(.text.arm_q15_to_float), (52 bytes).
    Removing supportfunctions.o(.ARM.exidx.text.arm_q15_to_float), (8 bytes).
    Removing supportfunctions.o(.text.arm_q15_to_q31), (30 bytes).
    Removing supportfunctions.o(.ARM.exidx.text.arm_q15_to_q31), (8 bytes).
    Removing supportfunctions.o(.text.arm_q15_to_q7), (26 bytes).
    Removing supportfunctions.o(.ARM.exidx.text.arm_q15_to_q7), (8 bytes).
    Removing supportfunctions.o(.text.arm_q31_to_float), (52 bytes).
    Removing supportfunctions.o(.ARM.exidx.text.arm_q31_to_float), (8 bytes).
    Removing supportfunctions.o(.text.arm_q31_to_q15), (26 bytes).
    Removing supportfunctions.o(.ARM.exidx.text.arm_q31_to_q15), (8 bytes).
    Removing supportfunctions.o(.text.arm_q31_to_q7), (26 bytes).
    Removing supportfunctions.o(.ARM.exidx.text.arm_q31_to_q7), (8 bytes).
    Removing supportfunctions.o(.text.arm_q7_to_float), (52 bytes).
    Removing supportfunctions.o(.ARM.exidx.text.arm_q7_to_float), (8 bytes).
    Removing supportfunctions.o(.text.arm_q7_to_q15), (30 bytes).
    Removing supportfunctions.o(.ARM.exidx.text.arm_q7_to_q15), (8 bytes).
    Removing supportfunctions.o(.text.arm_q7_to_q31), (30 bytes).
    Removing supportfunctions.o(.ARM.exidx.text.arm_q7_to_q31), (8 bytes).
    Removing supportfunctions.o(.text.topDownMerge), (96 bytes).
    Removing supportfunctions.o(.ARM.exidx.text.topDownMerge), (8 bytes).
    Removing supportfunctions.o(.text.arm_quick_sort_partition_f32), (168 bytes).
    Removing supportfunctions.o(.ARM.exidx.text.arm_quick_sort_partition_f32), (8 bytes).
    Removing supportfunctionsf16.o(.text), (0 bytes).
    Removing supportfunctionsf16.o(.text.arm_copy_f16), (26 bytes).
    Removing supportfunctionsf16.o(.ARM.exidx.text.arm_copy_f16), (8 bytes).
    Removing supportfunctionsf16.o(.text.arm_fill_f16), (30 bytes).
    Removing supportfunctionsf16.o(.ARM.exidx.text.arm_fill_f16), (8 bytes).
    Removing supportfunctionsf16.o(.text.arm_f16_to_q15), (96 bytes).
    Removing supportfunctionsf16.o(.ARM.exidx.text.arm_f16_to_q15), (8 bytes).
    Removing supportfunctionsf16.o(.text.arm_f16_to_float), (38 bytes).
    Removing supportfunctionsf16.o(.ARM.exidx.text.arm_f16_to_float), (8 bytes).
    Removing supportfunctionsf16.o(.text.arm_q15_to_f16), (64 bytes).
    Removing supportfunctionsf16.o(.ARM.exidx.text.arm_q15_to_f16), (8 bytes).
    Removing supportfunctionsf16.o(.text.arm_float_to_f16), (36 bytes).
    Removing supportfunctionsf16.o(.ARM.exidx.text.arm_float_to_f16), (8 bytes).
    Removing supportfunctionsf16.o(.text.arm_weighted_sum_f16), (112 bytes).
    Removing supportfunctionsf16.o(.ARM.exidx.text.arm_weighted_sum_f16), (8 bytes).
    Removing supportfunctionsf16.o(.text.arm_barycenter_f16), (172 bytes).
    Removing supportfunctionsf16.o(.ARM.exidx.text.arm_barycenter_f16), (8 bytes).
    Removing transformfunctions.o(.text), (0 bytes).
    Removing transformfunctions.o(.text.arm_bitreversal_f32), (170 bytes).
    Removing transformfunctions.o(.ARM.exidx.text.arm_bitreversal_f32), (8 bytes).
    Removing transformfunctions.o(.text.arm_bitreversal_q31), (162 bytes).
    Removing transformfunctions.o(.ARM.exidx.text.arm_bitreversal_q31), (8 bytes).
    Removing transformfunctions.o(.text.arm_bitreversal_q15), (116 bytes).
    Removing transformfunctions.o(.ARM.exidx.text.arm_bitreversal_q15), (8 bytes).
    Removing transformfunctions.o(.text.arm_bitreversal_64), (142 bytes).
    Removing transformfunctions.o(.ARM.exidx.text.arm_bitreversal_64), (8 bytes).
    Removing transformfunctions.o(.text.arm_bitreversal_32), (72 bytes).
    Removing transformfunctions.o(.ARM.exidx.text.arm_bitreversal_32), (8 bytes).
    Removing transformfunctions.o(.text.arm_bitreversal_16), (82 bytes).
    Removing transformfunctions.o(.ARM.exidx.text.arm_bitreversal_16), (8 bytes).
    Removing transformfunctions.o(.text.arm_cfft_radix8by2_f32), (432 bytes).
    Removing transformfunctions.o(.ARM.exidx.text.arm_cfft_radix8by2_f32), (8 bytes).
    Removing transformfunctions.o(.text.arm_radix8_butterfly_f32), (1458 bytes).
    Removing transformfunctions.o(.ARM.exidx.text.arm_radix8_butterfly_f32), (8 bytes).
    Removing transformfunctions.o(.text.arm_cfft_radix8by4_f32), (1232 bytes).
    Removing transformfunctions.o(.ARM.exidx.text.arm_cfft_radix8by4_f32), (8 bytes).
    Removing transformfunctions.o(.text.arm_cfft_f32), (238 bytes).
    Removing transformfunctions.o(.ARM.exidx.text.arm_cfft_f32), (8 bytes).
    Removing transformfunctions.o(.text.arm_radix4_butterfly_f64), (950 bytes).
    Removing transformfunctions.o(.ARM.exidx.text.arm_radix4_butterfly_f64), (8 bytes).
    Removing transformfunctions.o(.text.arm_cfft_radix4by2_f64), (366 bytes).
    Removing transformfunctions.o(.ARM.exidx.text.arm_cfft_radix4by2_f64), (8 bytes).
    Removing transformfunctions.o(.text.arm_cfft_f64), (312 bytes).
    Removing transformfunctions.o(.ARM.exidx.text.arm_cfft_f64), (8 bytes).
    Removing transformfunctions.o(.text.arm_cfft_q15), (214 bytes).
    Removing transformfunctions.o(.ARM.exidx.text.arm_cfft_q15), (8 bytes).
    Removing transformfunctions.o(.text.arm_radix4_butterfly_inverse_q15), (590 bytes).
    Removing transformfunctions.o(.ARM.exidx.text.arm_radix4_butterfly_inverse_q15), (8 bytes).
    Removing transformfunctions.o(.text.arm_cfft_radix4by2_inverse_q15), (174 bytes).
    Removing transformfunctions.o(.ARM.exidx.text.arm_cfft_radix4by2_inverse_q15), (8 bytes).
    Removing transformfunctions.o(.text.arm_radix4_butterfly_q15), (590 bytes).
    Removing transformfunctions.o(.ARM.exidx.text.arm_radix4_butterfly_q15), (8 bytes).
    Removing transformfunctions.o(.text.arm_cfft_radix4by2_q15), (174 bytes).
    Removing transformfunctions.o(.ARM.exidx.text.arm_cfft_radix4by2_q15), (8 bytes).
    Removing transformfunctions.o(.text.arm_cfft_q31), (214 bytes).
    Removing transformfunctions.o(.ARM.exidx.text.arm_cfft_q31), (8 bytes).
    Removing transformfunctions.o(.text.arm_radix4_butterfly_inverse_q31), (924 bytes).
    Removing transformfunctions.o(.ARM.exidx.text.arm_radix4_butterfly_inverse_q31), (8 bytes).
    Removing transformfunctions.o(.text.arm_cfft_radix4by2_inverse_q31), (228 bytes).
    Removing transformfunctions.o(.ARM.exidx.text.arm_cfft_radix4by2_inverse_q31), (8 bytes).
    Removing transformfunctions.o(.text.arm_radix4_butterfly_q31), (966 bytes).
    Removing transformfunctions.o(.ARM.exidx.text.arm_radix4_butterfly_q31), (8 bytes).
    Removing transformfunctions.o(.text.arm_cfft_radix4by2_q31), (246 bytes).
    Removing transformfunctions.o(.ARM.exidx.text.arm_cfft_radix4by2_q31), (8 bytes).
    Removing transformfunctions.o(.text.arm_cfft_init_f32), (180 bytes).
    Removing transformfunctions.o(.ARM.exidx.text.arm_cfft_init_f32), (8 bytes).
    Removing transformfunctions.o(.text.arm_cfft_init_f64), (180 bytes).
    Removing transformfunctions.o(.ARM.exidx.text.arm_cfft_init_f64), (8 bytes).
    Removing transformfunctions.o(.text.arm_cfft_init_q15), (180 bytes).
    Removing transformfunctions.o(.ARM.exidx.text.arm_cfft_init_q15), (8 bytes).
    Removing transformfunctions.o(.text.arm_cfft_init_q31), (180 bytes).
    Removing transformfunctions.o(.ARM.exidx.text.arm_cfft_init_q31), (8 bytes).
    Removing transformfunctions.o(.text.arm_cfft_radix2_f32), (62 bytes).
    Removing transformfunctions.o(.ARM.exidx.text.arm_cfft_radix2_f32), (8 bytes).
    Removing transformfunctions.o(.text.arm_radix2_butterfly_inverse_f32), (402 bytes).
    Removing transformfunctions.o(.ARM.exidx.text.arm_radix2_butterfly_inverse_f32), (8 bytes).
    Removing transformfunctions.o(.text.arm_radix2_butterfly_f32), (382 bytes).
    Removing transformfunctions.o(.ARM.exidx.text.arm_radix2_butterfly_f32), (8 bytes).
    Removing transformfunctions.o(.text.arm_cfft_radix2_q15), (48 bytes).
    Removing transformfunctions.o(.ARM.exidx.text.arm_cfft_radix2_q15), (8 bytes).
    Removing transformfunctions.o(.text.arm_radix2_butterfly_inverse_q15), (442 bytes).
    Removing transformfunctions.o(.ARM.exidx.text.arm_radix2_butterfly_inverse_q15), (8 bytes).
    Removing transformfunctions.o(.text.arm_radix2_butterfly_q15), (444 bytes).
    Removing transformfunctions.o(.ARM.exidx.text.arm_radix2_butterfly_q15), (8 bytes).
    Removing transformfunctions.o(.text.arm_cfft_radix2_q31), (48 bytes).
    Removing transformfunctions.o(.ARM.exidx.text.arm_cfft_radix2_q31), (8 bytes).
    Removing transformfunctions.o(.text.arm_radix2_butterfly_inverse_q31), (464 bytes).
    Removing transformfunctions.o(.ARM.exidx.text.arm_radix2_butterfly_inverse_q31), (8 bytes).
    Removing transformfunctions.o(.text.arm_radix2_butterfly_q31), (484 bytes).
    Removing transformfunctions.o(.ARM.exidx.text.arm_radix2_butterfly_q31), (8 bytes).
    Removing transformfunctions.o(.text.arm_cfft_radix4_f32), (62 bytes).
    Removing transformfunctions.o(.ARM.exidx.text.arm_cfft_radix4_f32), (8 bytes).
    Removing transformfunctions.o(.text.arm_radix4_butterfly_inverse_f32), (658 bytes).
    Removing transformfunctions.o(.ARM.exidx.text.arm_radix4_butterfly_inverse_f32), (8 bytes).
    Removing transformfunctions.o(.text.arm_radix4_butterfly_f32), (432 bytes).
    Removing transformfunctions.o(.ARM.exidx.text.arm_radix4_butterfly_f32), (8 bytes).
    Removing transformfunctions.o(.text.arm_cfft_radix4_q15), (54 bytes).
    Removing transformfunctions.o(.ARM.exidx.text.arm_cfft_radix4_q15), (8 bytes).
    Removing transformfunctions.o(.text.arm_cfft_radix4_q31), (54 bytes).
    Removing transformfunctions.o(.ARM.exidx.text.arm_cfft_radix4_q31), (8 bytes).
    Removing transformfunctions.o(.text.stage_rfft_f32), (174 bytes).
    Removing transformfunctions.o(.ARM.exidx.text.stage_rfft_f32), (8 bytes).
    Removing transformfunctions.o(.text.merge_rfft_f32), (182 bytes).
    Removing transformfunctions.o(.ARM.exidx.text.merge_rfft_f32), (8 bytes).
    Removing transformfunctions.o(.text.arm_rfft_fast_f32), (66 bytes).
    Removing transformfunctions.o(.ARM.exidx.text.arm_rfft_fast_f32), (8 bytes).
    Removing transformfunctions.o(.text.stage_rfft_f64), (456 bytes).
    Removing transformfunctions.o(.ARM.exidx.text.stage_rfft_f64), (8 bytes).
    Removing transformfunctions.o(.text.merge_rfft_f64), (440 bytes).
    Removing transformfunctions.o(.ARM.exidx.text.merge_rfft_f64), (8 bytes).
    Removing transformfunctions.o(.text.arm_rfft_fast_f64), (72 bytes).
    Removing transformfunctions.o(.ARM.exidx.text.arm_rfft_fast_f64), (8 bytes).
    Removing transformfunctions.o(.text.arm_rfft_fast_init_f32), (154 bytes).
    Removing transformfunctions.o(.ARM.exidx.text.arm_rfft_fast_init_f32), (8 bytes).
    Removing transformfunctions.o(.text.arm_rfft_4096_fast_init_f32), (48 bytes).
    Removing transformfunctions.o(.ARM.exidx.text.arm_rfft_4096_fast_init_f32), (8 bytes).
    Removing transformfunctions.o(.text.arm_rfft_2048_fast_init_f32), (48 bytes).
    Removing transformfunctions.o(.ARM.exidx.text.arm_rfft_2048_fast_init_f32), (8 bytes).
    Removing transformfunctions.o(.text.arm_rfft_1024_fast_init_f32), (48 bytes).
    Removing transformfunctions.o(.ARM.exidx.text.arm_rfft_1024_fast_init_f32), (8 bytes).
    Removing transformfunctions.o(.text.arm_rfft_512_fast_init_f32), (48 bytes).
    Removing transformfunctions.o(.ARM.exidx.text.arm_rfft_512_fast_init_f32), (8 bytes).
    Removing transformfunctions.o(.text.arm_rfft_256_fast_init_f32), (46 bytes).
    Removing transformfunctions.o(.ARM.exidx.text.arm_rfft_256_fast_init_f32), (8 bytes).
    Removing transformfunctions.o(.text.arm_rfft_128_fast_init_f32), (44 bytes).
    Removing transformfunctions.o(.ARM.exidx.text.arm_rfft_128_fast_init_f32), (8 bytes).
    Removing transformfunctions.o(.text.arm_rfft_64_fast_init_f32), (44 bytes).
    Removing transformfunctions.o(.ARM.exidx.text.arm_rfft_64_fast_init_f32), (8 bytes).
    Removing transformfunctions.o(.text.arm_rfft_32_fast_init_f32), (44 bytes).
    Removing transformfunctions.o(.ARM.exidx.text.arm_rfft_32_fast_init_f32), (8 bytes).
    Removing transformfunctions.o(.text.arm_rfft_fast_init_f64), (154 bytes).
    Removing transformfunctions.o(.ARM.exidx.text.arm_rfft_fast_init_f64), (8 bytes).
    Removing transformfunctions.o(.text.arm_rfft_4096_fast_init_f64), (62 bytes).
    Removing transformfunctions.o(.ARM.exidx.text.arm_rfft_4096_fast_init_f64), (8 bytes).
    Removing transformfunctions.o(.text.arm_rfft_2048_fast_init_f64), (62 bytes).
    Removing transformfunctions.o(.ARM.exidx.text.arm_rfft_2048_fast_init_f64), (8 bytes).
    Removing transformfunctions.o(.text.arm_rfft_1024_fast_init_f64), (62 bytes).
    Removing transformfunctions.o(.ARM.exidx.text.arm_rfft_1024_fast_init_f64), (8 bytes).
    Removing transformfunctions.o(.text.arm_rfft_512_fast_init_f64), (60 bytes).
    Removing transformfunctions.o(.ARM.exidx.text.arm_rfft_512_fast_init_f64), (8 bytes).
    Removing transformfunctions.o(.text.arm_rfft_256_fast_init_f64), (58 bytes).
    Removing transformfunctions.o(.ARM.exidx.text.arm_rfft_256_fast_init_f64), (8 bytes).
    Removing transformfunctions.o(.text.arm_rfft_128_fast_init_f64), (56 bytes).
    Removing transformfunctions.o(.ARM.exidx.text.arm_rfft_128_fast_init_f64), (8 bytes).
    Removing transformfunctions.o(.text.arm_rfft_64_fast_init_f64), (56 bytes).
    Removing transformfunctions.o(.ARM.exidx.text.arm_rfft_64_fast_init_f64), (8 bytes).
    Removing transformfunctions.o(.text.arm_rfft_32_fast_init_f64), (56 bytes).
    Removing transformfunctions.o(.ARM.exidx.text.arm_rfft_32_fast_init_f64), (8 bytes).
    Removing transformfunctions.o(.text.arm_dct4_f32), (214 bytes).
    Removing transformfunctions.o(.ARM.exidx.text.arm_dct4_f32), (8 bytes).
    Removing transformfunctions.o(.text.arm_rfft_f32), (136 bytes).
    Removing transformfunctions.o(.ARM.exidx.text.arm_rfft_f32), (8 bytes).
    Removing transformfunctions.o(.text.arm_dct4_init_f32), (152 bytes).
    Removing transformfunctions.o(.ARM.exidx.text.arm_dct4_init_f32), (8 bytes).
    Removing transformfunctions.o(.text.arm_rfft_init_f32), (116 bytes).
    Removing transformfunctions.o(.ARM.exidx.text.arm_rfft_init_f32), (8 bytes).
    Removing transformfunctions.o(.text.arm_dct4_init_q15), (142 bytes).
    Removing transformfunctions.o(.ARM.exidx.text.arm_dct4_init_q15), (8 bytes).
    Removing transformfunctions.o(.text.arm_rfft_init_q15), (212 bytes).
    Removing transformfunctions.o(.ARM.exidx.text.arm_rfft_init_q15), (8 bytes).
    Removing transformfunctions.o(.text.arm_dct4_init_q31), (142 bytes).
    Removing transformfunctions.o(.ARM.exidx.text.arm_dct4_init_q31), (8 bytes).
    Removing transformfunctions.o(.text.arm_rfft_init_q31), (212 bytes).
    Removing transformfunctions.o(.ARM.exidx.text.arm_rfft_init_q31), (8 bytes).
    Removing transformfunctions.o(.text.arm_dct4_q15), (198 bytes).
    Removing transformfunctions.o(.ARM.exidx.text.arm_dct4_q15), (8 bytes).
    Removing transformfunctions.o(.text.arm_rfft_q15), (110 bytes).
    Removing transformfunctions.o(.ARM.exidx.text.arm_rfft_q15), (8 bytes).
    Removing transformfunctions.o(.text.arm_dct4_q31), (220 bytes).
    Removing transformfunctions.o(.ARM.exidx.text.arm_dct4_q31), (8 bytes).
    Removing transformfunctions.o(.text.arm_rfft_q31), (110 bytes).
    Removing transformfunctions.o(.ARM.exidx.text.arm_rfft_q31), (8 bytes).
    Removing transformfunctions.o(.text.arm_split_rifft_f32), (140 bytes).
    Removing transformfunctions.o(.ARM.exidx.text.arm_split_rifft_f32), (8 bytes).
    Removing transformfunctions.o(.text.arm_split_rfft_f32), (256 bytes).
    Removing transformfunctions.o(.ARM.exidx.text.arm_split_rfft_f32), (8 bytes).
    Removing transformfunctions.o(.text.arm_split_rifft_q15), (88 bytes).
    Removing transformfunctions.o(.ARM.exidx.text.arm_split_rifft_q15), (8 bytes).
    Removing transformfunctions.o(.text.arm_split_rfft_q15), (180 bytes).
    Removing transformfunctions.o(.ARM.exidx.text.arm_split_rfft_q15), (8 bytes).
    Removing transformfunctions.o(.text.arm_split_rifft_q31), (136 bytes).
    Removing transformfunctions.o(.ARM.exidx.text.arm_split_rifft_q31), (8 bytes).
    Removing transformfunctions.o(.text.arm_split_rfft_q31), (274 bytes).
    Removing transformfunctions.o(.ARM.exidx.text.arm_split_rfft_q31), (8 bytes).
    Removing transformfunctions.o(.text.arm_cfft_radix4_init_f32), (148 bytes).
    Removing transformfunctions.o(.ARM.exidx.text.arm_cfft_radix4_init_f32), (8 bytes).
    Removing transformfunctions.o(.text.arm_cfft_radix4_init_q15), (102 bytes).
    Removing transformfunctions.o(.ARM.exidx.text.arm_cfft_radix4_init_q15), (8 bytes).
    Removing transformfunctions.o(.text.arm_cfft_radix4_init_q31), (102 bytes).
    Removing transformfunctions.o(.ARM.exidx.text.arm_cfft_radix4_init_q31), (8 bytes).
    Removing transformfunctions.o(.text.arm_cfft_radix2_init_f32), (228 bytes).
    Removing transformfunctions.o(.ARM.exidx.text.arm_cfft_radix2_init_f32), (8 bytes).
    Removing transformfunctions.o(.text.arm_cfft_radix2_init_q15), (152 bytes).
    Removing transformfunctions.o(.ARM.exidx.text.arm_cfft_radix2_init_q15), (8 bytes).
    Removing transformfunctions.o(.text.arm_cfft_radix2_init_q31), (152 bytes).
    Removing transformfunctions.o(.ARM.exidx.text.arm_cfft_radix2_init_q31), (8 bytes).
    Removing transformfunctionsf16.o(.text), (0 bytes).
    Removing transformfunctionsf16.o(.text.arm_cfft_f16), (270 bytes).
    Removing transformfunctionsf16.o(.ARM.exidx.text.arm_cfft_f16), (8 bytes).
    Removing transformfunctionsf16.o(.text.arm_radix4_butterfly_f16), (1390 bytes).
    Removing transformfunctionsf16.o(.ARM.exidx.text.arm_radix4_butterfly_f16), (8 bytes).
    Removing transformfunctionsf16.o(.text.arm_cfft_radix4by2_f16), (220 bytes).
    Removing transformfunctionsf16.o(.ARM.exidx.text.arm_cfft_radix4by2_f16), (8 bytes).
    Removing transformfunctionsf16.o(.text.arm_cfft_init_f16), (180 bytes).
    Removing transformfunctionsf16.o(.ARM.exidx.text.arm_cfft_init_f16), (8 bytes).
    Removing transformfunctionsf16.o(.text.arm_cfft_radix2_f16), (64 bytes).
    Removing transformfunctionsf16.o(.ARM.exidx.text.arm_cfft_radix2_f16), (8 bytes).
    Removing transformfunctionsf16.o(.text.arm_radix2_butterfly_inverse_f16), (602 bytes).
    Removing transformfunctionsf16.o(.ARM.exidx.text.arm_radix2_butterfly_inverse_f16), (8 bytes).
    Removing transformfunctionsf16.o(.text.arm_radix2_butterfly_f16), (554 bytes).
    Removing transformfunctionsf16.o(.ARM.exidx.text.arm_radix2_butterfly_f16), (8 bytes).
    Removing transformfunctionsf16.o(.text.arm_bitreversal_f16), (162 bytes).
    Removing transformfunctionsf16.o(.ARM.exidx.text.arm_bitreversal_f16), (8 bytes).
    Removing transformfunctionsf16.o(.text.arm_cfft_radix4_f16), (64 bytes).
    Removing transformfunctionsf16.o(.ARM.exidx.text.arm_cfft_radix4_f16), (8 bytes).
    Removing transformfunctionsf16.o(.text.arm_radix4_butterfly_inverse_f16), (1436 bytes).
    Removing transformfunctionsf16.o(.ARM.exidx.text.arm_radix4_butterfly_inverse_f16), (8 bytes).
    Removing transformfunctionsf16.o(.text.arm_rfft_fast_init_f16), (154 bytes).
    Removing transformfunctionsf16.o(.ARM.exidx.text.arm_rfft_fast_init_f16), (8 bytes).
    Removing transformfunctionsf16.o(.text.arm_rfft_4096_fast_init_f16), (48 bytes).
    Removing transformfunctionsf16.o(.ARM.exidx.text.arm_rfft_4096_fast_init_f16), (8 bytes).
    Removing transformfunctionsf16.o(.text.arm_rfft_2048_fast_init_f16), (48 bytes).
    Removing transformfunctionsf16.o(.ARM.exidx.text.arm_rfft_2048_fast_init_f16), (8 bytes).
    Removing transformfunctionsf16.o(.text.arm_rfft_1024_fast_init_f16), (48 bytes).
    Removing transformfunctionsf16.o(.ARM.exidx.text.arm_rfft_1024_fast_init_f16), (8 bytes).
    Removing transformfunctionsf16.o(.text.arm_rfft_512_fast_init_f16), (48 bytes).
    Removing transformfunctionsf16.o(.ARM.exidx.text.arm_rfft_512_fast_init_f16), (8 bytes).
    Removing transformfunctionsf16.o(.text.arm_rfft_256_fast_init_f16), (46 bytes).
    Removing transformfunctionsf16.o(.ARM.exidx.text.arm_rfft_256_fast_init_f16), (8 bytes).
    Removing transformfunctionsf16.o(.text.arm_rfft_128_fast_init_f16), (44 bytes).
    Removing transformfunctionsf16.o(.ARM.exidx.text.arm_rfft_128_fast_init_f16), (8 bytes).
    Removing transformfunctionsf16.o(.text.arm_rfft_64_fast_init_f16), (44 bytes).
    Removing transformfunctionsf16.o(.ARM.exidx.text.arm_rfft_64_fast_init_f16), (8 bytes).
    Removing transformfunctionsf16.o(.text.arm_rfft_32_fast_init_f16), (44 bytes).
    Removing transformfunctionsf16.o(.ARM.exidx.text.arm_rfft_32_fast_init_f16), (8 bytes).
    Removing transformfunctionsf16.o(.text.stage_rfft_f16), (272 bytes).
    Removing transformfunctionsf16.o(.ARM.exidx.text.stage_rfft_f16), (8 bytes).
    Removing transformfunctionsf16.o(.text.merge_rfft_f16), (270 bytes).
    Removing transformfunctionsf16.o(.ARM.exidx.text.merge_rfft_f16), (8 bytes).
    Removing transformfunctionsf16.o(.text.arm_rfft_fast_f16), (66 bytes).
    Removing transformfunctionsf16.o(.ARM.exidx.text.arm_rfft_fast_f16), (8 bytes).
    Removing transformfunctionsf16.o(.text.arm_radix8_butterfly_f16), (2158 bytes).
    Removing transformfunctionsf16.o(.ARM.exidx.text.arm_radix8_butterfly_f16), (8 bytes).
    Removing transformfunctionsf16.o(.text.arm_cfft_radix2_init_f16), (236 bytes).
    Removing transformfunctionsf16.o(.ARM.exidx.text.arm_cfft_radix2_init_f16), (8 bytes).
    Removing transformfunctionsf16.o(.text.arm_cfft_radix4_init_f16), (152 bytes).
    Removing transformfunctionsf16.o(.ARM.exidx.text.arm_cfft_radix4_init_f16), (8 bytes).
    Removing arm_nn_activations_q15.o(.text), (0 bytes).
    Removing arm_nn_activations_q15.o(.text.arm_nn_activations_direct_q15), (120 bytes).
    Removing arm_nn_activations_q15.o(.ARM.exidx.text.arm_nn_activations_direct_q15), (8 bytes).
    Removing arm_nn_activations_q7.o(.text), (0 bytes).
    Removing arm_nn_activations_q7.o(.text.arm_nn_activations_direct_q7), (64 bytes).
    Removing arm_nn_activations_q7.o(.ARM.exidx.text.arm_nn_activations_direct_q7), (8 bytes).
    Removing arm_relu6_s8.o(.text), (0 bytes).
    Removing arm_relu6_s8.o(.text.arm_relu6_s8), (30 bytes).
    Removing arm_relu6_s8.o(.ARM.exidx.text.arm_relu6_s8), (8 bytes).
    Removing arm_relu_q15.o(.text), (0 bytes).
    Removing arm_relu_q15.o(.text.arm_relu_q15), (66 bytes).
    Removing arm_relu_q15.o(.ARM.exidx.text.arm_relu_q15), (8 bytes).
    Removing arm_relu_q7.o(.text), (0 bytes).
    Removing arm_relu_q7.o(.text.arm_relu_q7), (80 bytes).
    Removing arm_relu_q7.o(.ARM.exidx.text.arm_relu_q7), (8 bytes).
    Removing arm_elementwise_add_s8.o(.text), (0 bytes).
    Removing arm_elementwise_add_s8.o(.text.arm_elementwise_add_s8), (1294 bytes).
    Removing arm_elementwise_add_s8.o(.ARM.exidx.text.arm_elementwise_add_s8), (8 bytes).
    Removing arm_elementwise_mul_s8.o(.text), (0 bytes).
    Removing arm_elementwise_mul_s8.o(.text.arm_elementwise_mul_s8), (654 bytes).
    Removing arm_elementwise_mul_s8.o(.ARM.exidx.text.arm_elementwise_mul_s8), (8 bytes).
    Removing arm_concatenation_s8_w.o(.text), (0 bytes).
    Removing arm_concatenation_s8_w.o(.text.arm_concatenation_s8_w), (30 bytes).
    Removing arm_concatenation_s8_w.o(.ARM.exidx.text.arm_concatenation_s8_w), (8 bytes).
    Removing arm_concatenation_s8_x.o(.text), (0 bytes).
    Removing arm_concatenation_s8_x.o(.text.arm_concatenation_s8_x), (62 bytes).
    Removing arm_concatenation_s8_x.o(.ARM.exidx.text.arm_concatenation_s8_x), (8 bytes).
    Removing arm_concatenation_s8_y.o(.text), (0 bytes).
    Removing arm_concatenation_s8_y.o(.text.arm_concatenation_s8_y), (58 bytes).
    Removing arm_concatenation_s8_y.o(.ARM.exidx.text.arm_concatenation_s8_y), (8 bytes).
    Removing arm_concatenation_s8_z.o(.text), (0 bytes).
    Removing arm_concatenation_s8_z.o(.text.arm_concatenation_s8_z), (62 bytes).
    Removing arm_concatenation_s8_z.o(.ARM.exidx.text.arm_concatenation_s8_z), (8 bytes).
    Removing arm_convolve_1_x_n_s8.o(.text), (0 bytes).
    Removing arm_convolve_1_x_n_s8.o(.text.arm_convolve_1_x_n_s8), (66 bytes).
    Removing arm_convolve_1_x_n_s8.o(.ARM.exidx.text.arm_convolve_1_x_n_s8), (8 bytes).
    Removing arm_convolve_1_x_n_s8.o(.text.arm_convolve_1_x_n_s8_get_buffer_size), (14 bytes).
    Removing arm_convolve_1_x_n_s8.o(.ARM.exidx.text.arm_convolve_1_x_n_s8_get_buffer_size), (8 bytes).
    Removing arm_convolve_1x1_hwc_q7_fast_nonsquare.o(.text), (0 bytes).
    Removing arm_convolve_1x1_hwc_q7_fast_nonsquare.o(.text.arm_convolve_1x1_HWC_q7_fast_nonsquare), (416 bytes).
    Removing arm_convolve_1x1_hwc_q7_fast_nonsquare.o(.ARM.exidx.text.arm_convolve_1x1_HWC_q7_fast_nonsquare), (8 bytes).
    Removing arm_convolve_1x1_s8_fast.o(.text), (0 bytes).
    Removing arm_convolve_1x1_s8_fast.o(.text.arm_convolve_1x1_s8_fast), (132 bytes).
    Removing arm_convolve_1x1_s8_fast.o(.ARM.exidx.text.arm_convolve_1x1_s8_fast), (8 bytes).
    Removing arm_convolve_1x1_s8_fast.o(.text.arm_convolve_1x1_s8_fast_get_buffer_size), (4 bytes).
    Removing arm_convolve_1x1_s8_fast.o(.ARM.exidx.text.arm_convolve_1x1_s8_fast_get_buffer_size), (8 bytes).
    Removing arm_convolve_hwc_q15_basic.o(.text), (0 bytes).
    Removing arm_convolve_hwc_q15_basic.o(.text.arm_convolve_HWC_q15_basic), (448 bytes).
    Removing arm_convolve_hwc_q15_basic.o(.ARM.exidx.text.arm_convolve_HWC_q15_basic), (8 bytes).
    Removing arm_convolve_hwc_q15_fast.o(.text), (0 bytes).
    Removing arm_convolve_hwc_q15_fast.o(.text.arm_convolve_HWC_q15_fast), (640 bytes).
    Removing arm_convolve_hwc_q15_fast.o(.ARM.exidx.text.arm_convolve_HWC_q15_fast), (8 bytes).
    Removing arm_convolve_hwc_q15_fast_nonsquare.o(.text), (0 bytes).
    Removing arm_convolve_hwc_q15_fast_nonsquare.o(.text.arm_convolve_HWC_q15_fast_nonsquare), (656 bytes).
    Removing arm_convolve_hwc_q15_fast_nonsquare.o(.ARM.exidx.text.arm_convolve_HWC_q15_fast_nonsquare), (8 bytes).
    Removing arm_convolve_hwc_q7_rgb.o(.text), (0 bytes).
    Removing arm_convolve_hwc_q7_rgb.o(.text.arm_convolve_HWC_q7_RGB), (532 bytes).
    Removing arm_convolve_hwc_q7_rgb.o(.ARM.exidx.text.arm_convolve_HWC_q7_RGB), (8 bytes).
    Removing arm_convolve_hwc_q7_basic.o(.text), (0 bytes).
    Removing arm_convolve_hwc_q7_basic.o(.text.arm_convolve_HWC_q7_basic), (524 bytes).
    Removing arm_convolve_hwc_q7_basic.o(.ARM.exidx.text.arm_convolve_HWC_q7_basic), (8 bytes).
    Removing arm_convolve_hwc_q7_basic_nonsquare.o(.text), (0 bytes).
    Removing arm_convolve_hwc_q7_basic_nonsquare.o(.text.arm_convolve_HWC_q7_basic_nonsquare), (530 bytes).
    Removing arm_convolve_hwc_q7_basic_nonsquare.o(.ARM.exidx.text.arm_convolve_HWC_q7_basic_nonsquare), (8 bytes).
    Removing arm_convolve_hwc_q7_fast.o(.text), (0 bytes).
    Removing arm_convolve_hwc_q7_fast.o(.text.arm_convolve_HWC_q7_fast), (1480 bytes).
    Removing arm_convolve_hwc_q7_fast.o(.ARM.exidx.text.arm_convolve_HWC_q7_fast), (8 bytes).
    Removing arm_convolve_hwc_q7_fast_nonsquare.o(.text), (0 bytes).
    Removing arm_convolve_hwc_q7_fast_nonsquare.o(.text.arm_convolve_HWC_q7_fast_nonsquare), (1500 bytes).
    Removing arm_convolve_hwc_q7_fast_nonsquare.o(.ARM.exidx.text.arm_convolve_HWC_q7_fast_nonsquare), (8 bytes).
    Removing arm_convolve_s8.o(.text), (0 bytes).
    Removing arm_convolve_s8.o(.text.arm_convolve_s8), (796 bytes).
    Removing arm_convolve_s8.o(.ARM.exidx.text.arm_convolve_s8), (8 bytes).
    Removing arm_convolve_s8.o(.text.arm_convolve_s8_get_buffer_size), (14 bytes).
    Removing arm_convolve_s8.o(.ARM.exidx.text.arm_convolve_s8_get_buffer_size), (8 bytes).
    Removing arm_convolve_wrapper_s8.o(.text), (0 bytes).
    Removing arm_convolve_wrapper_s8.o(.text.arm_convolve_wrapper_s8), (172 bytes).
    Removing arm_convolve_wrapper_s8.o(.ARM.exidx.text.arm_convolve_wrapper_s8), (8 bytes).
    Removing arm_convolve_wrapper_s8.o(.text.arm_convolve_wrapper_s8_get_buffer_size), (120 bytes).
    Removing arm_convolve_wrapper_s8.o(.ARM.exidx.text.arm_convolve_wrapper_s8_get_buffer_size), (8 bytes).
    Removing arm_depthwise_conv_3x3_s8.o(.text), (0 bytes).
    Removing arm_depthwise_conv_3x3_s8.o(.text.arm_depthwise_conv_3x3_s8), (1484 bytes).
    Removing arm_depthwise_conv_3x3_s8.o(.ARM.exidx.text.arm_depthwise_conv_3x3_s8), (8 bytes).
    Removing arm_depthwise_conv_s8.o(.text), (0 bytes).
    Removing arm_depthwise_conv_s8.o(.text.arm_depthwise_conv_s8), (278 bytes).
    Removing arm_depthwise_conv_s8.o(.ARM.exidx.text.arm_depthwise_conv_s8), (8 bytes).
    Removing arm_depthwise_conv_s8.o(.text.depthwise_conv_s8_mult_4), (944 bytes).
    Removing arm_depthwise_conv_s8.o(.ARM.exidx.text.depthwise_conv_s8_mult_4), (8 bytes).
    Removing arm_depthwise_conv_s8.o(.text.depthwise_conv_s8_generic), (594 bytes).
    Removing arm_depthwise_conv_s8.o(.ARM.exidx.text.depthwise_conv_s8_generic), (8 bytes).
    Removing arm_depthwise_conv_s8_opt.o(.text), (0 bytes).
    Removing arm_depthwise_conv_s8_opt.o(.text.arm_depthwise_conv_s8_opt), (1406 bytes).
    Removing arm_depthwise_conv_s8_opt.o(.ARM.exidx.text.arm_depthwise_conv_s8_opt), (8 bytes).
    Removing arm_depthwise_conv_s8_opt.o(.text.arm_depthwise_conv_s8_opt_get_buffer_size), (14 bytes).
    Removing arm_depthwise_conv_s8_opt.o(.ARM.exidx.text.arm_depthwise_conv_s8_opt_get_buffer_size), (8 bytes).
    Removing arm_depthwise_conv_u8_basic_ver1.o(.text), (0 bytes).
    Removing arm_depthwise_conv_u8_basic_ver1.o(.text.arm_depthwise_conv_u8_basic_ver1), (176 bytes).
    Removing arm_depthwise_conv_u8_basic_ver1.o(.ARM.exidx.text.arm_depthwise_conv_u8_basic_ver1), (8 bytes).
    Removing arm_depthwise_conv_u8_basic_ver1.o(.text.depthwise_conv_u8_mult_4), (848 bytes).
    Removing arm_depthwise_conv_u8_basic_ver1.o(.ARM.exidx.text.depthwise_conv_u8_mult_4), (8 bytes).
    Removing arm_depthwise_conv_u8_basic_ver1.o(.text.depthwise_conv_u8_generic), (602 bytes).
    Removing arm_depthwise_conv_u8_basic_ver1.o(.ARM.exidx.text.depthwise_conv_u8_generic), (8 bytes).
    Removing arm_depthwise_conv_wrapper_s8.o(.text), (0 bytes).
    Removing arm_depthwise_conv_wrapper_s8.o(.text.arm_depthwise_conv_wrapper_s8), (128 bytes).
    Removing arm_depthwise_conv_wrapper_s8.o(.ARM.exidx.text.arm_depthwise_conv_wrapper_s8), (8 bytes).
    Removing arm_depthwise_conv_wrapper_s8.o(.text.arm_depthwise_conv_wrapper_s8_get_buffer_size), (30 bytes).
    Removing arm_depthwise_conv_wrapper_s8.o(.ARM.exidx.text.arm_depthwise_conv_wrapper_s8_get_buffer_size), (8 bytes).
    Removing arm_depthwise_separable_conv_hwc_q7.o(.text), (0 bytes).
    Removing arm_depthwise_separable_conv_hwc_q7.o(.text.arm_depthwise_separable_conv_HWC_q7), (820 bytes).
    Removing arm_depthwise_separable_conv_hwc_q7.o(.ARM.exidx.text.arm_depthwise_separable_conv_HWC_q7), (8 bytes).
    Removing arm_depthwise_separable_conv_hwc_q7_nonsquare.o(.text), (0 bytes).
    Removing arm_depthwise_separable_conv_hwc_q7_nonsquare.o(.text.arm_depthwise_separable_conv_HWC_q7_nonsquare), (784 bytes).
    Removing arm_depthwise_separable_conv_hwc_q7_nonsquare.o(.ARM.exidx.text.arm_depthwise_separable_conv_HWC_q7_nonsquare), (8 bytes).
    Removing arm_nn_depthwise_conv_s8_core.o(.text), (0 bytes).
    Removing arm_nn_depthwise_conv_s8_core.o(.text.arm_nn_depthwise_conv_s8_core), (4 bytes).
    Removing arm_nn_depthwise_conv_s8_core.o(.ARM.exidx.text.arm_nn_depthwise_conv_s8_core), (8 bytes).
    Removing arm_nn_mat_mult_kernel_q7_q15.o(.text), (0 bytes).
    Removing arm_nn_mat_mult_kernel_q7_q15.o(.text.arm_nn_mat_mult_kernel_q7_q15), (672 bytes).
    Removing arm_nn_mat_mult_kernel_q7_q15.o(.ARM.exidx.text.arm_nn_mat_mult_kernel_q7_q15), (8 bytes).
    Removing arm_nn_mat_mult_kernel_q7_q15_reordered.o(.text), (0 bytes).
    Removing arm_nn_mat_mult_kernel_q7_q15_reordered.o(.text.arm_nn_mat_mult_kernel_q7_q15_reordered), (436 bytes).
    Removing arm_nn_mat_mult_kernel_q7_q15_reordered.o(.ARM.exidx.text.arm_nn_mat_mult_kernel_q7_q15_reordered), (8 bytes).
    Removing arm_nn_mat_mult_kernel_s8_s16.o(.text), (0 bytes).
    Removing arm_nn_mat_mult_kernel_s8_s16.o(.text.arm_nn_mat_mult_kernel_s8_s16), (1156 bytes).
    Removing arm_nn_mat_mult_kernel_s8_s16.o(.ARM.exidx.text.arm_nn_mat_mult_kernel_s8_s16), (8 bytes).
    Removing arm_nn_mat_mult_kernel_s8_s16_reordered.o(.text), (0 bytes).
    Removing arm_nn_mat_mult_kernel_s8_s16_reordered.o(.text.arm_nn_mat_mult_kernel_s8_s16_reordered), (918 bytes).
    Removing arm_nn_mat_mult_kernel_s8_s16_reordered.o(.ARM.exidx.text.arm_nn_mat_mult_kernel_s8_s16_reordered), (8 bytes).
    Removing arm_nn_mat_mult_s8.o(.text), (0 bytes).
    Removing arm_nn_mat_mult_s8.o(.text.arm_nn_mat_mult_s8), (4 bytes).
    Removing arm_nn_mat_mult_s8.o(.ARM.exidx.text.arm_nn_mat_mult_s8), (8 bytes).
    Removing arm_fully_connected_mat_q7_vec_q15.o(.text), (0 bytes).
    Removing arm_fully_connected_mat_q7_vec_q15.o(.text.arm_fully_connected_mat_q7_vec_q15), (430 bytes).
    Removing arm_fully_connected_mat_q7_vec_q15.o(.ARM.exidx.text.arm_fully_connected_mat_q7_vec_q15), (8 bytes).
    Removing arm_fully_connected_mat_q7_vec_q15_opt.o(.text), (0 bytes).
    Removing arm_fully_connected_mat_q7_vec_q15_opt.o(.text.arm_fully_connected_mat_q7_vec_q15_opt), (500 bytes).
    Removing arm_fully_connected_mat_q7_vec_q15_opt.o(.ARM.exidx.text.arm_fully_connected_mat_q7_vec_q15_opt), (8 bytes).
    Removing arm_fully_connected_q15.o(.text), (0 bytes).
    Removing arm_fully_connected_q15.o(.text.arm_fully_connected_q15), (392 bytes).
    Removing arm_fully_connected_q15.o(.ARM.exidx.text.arm_fully_connected_q15), (8 bytes).
    Removing arm_fully_connected_q15_opt.o(.text), (0 bytes).
    Removing arm_fully_connected_q15_opt.o(.text.arm_fully_connected_q15_opt), (444 bytes).
    Removing arm_fully_connected_q15_opt.o(.ARM.exidx.text.arm_fully_connected_q15_opt), (8 bytes).
    Removing arm_fully_connected_q7.o(.text), (0 bytes).
    Removing arm_fully_connected_q7.o(.text.arm_fully_connected_q7), (458 bytes).
    Removing arm_fully_connected_q7.o(.ARM.exidx.text.arm_fully_connected_q7), (8 bytes).
    Removing arm_fully_connected_q7_opt.o(.text), (0 bytes).
    Removing arm_fully_connected_q7_opt.o(.text.arm_fully_connected_q7_opt), (588 bytes).
    Removing arm_fully_connected_q7_opt.o(.ARM.exidx.text.arm_fully_connected_q7_opt), (8 bytes).
    Removing arm_fully_connected_s8.o(.text), (0 bytes).
    Removing arm_fully_connected_s8.o(.text.arm_fully_connected_s8), (108 bytes).
    Removing arm_fully_connected_s8.o(.ARM.exidx.text.arm_fully_connected_s8), (8 bytes).
    Removing arm_fully_connected_s8.o(.text.arm_fully_connected_s8_get_buffer_size), (4 bytes).
    Removing arm_fully_connected_s8.o(.ARM.exidx.text.arm_fully_connected_s8_get_buffer_size), (8 bytes).
    Removing arm_nn_accumulate_q7_to_q15.o(.text), (0 bytes).
    Removing arm_nn_accumulate_q7_to_q15.o(.text.arm_nn_accumulate_q7_to_q15), (104 bytes).
    Removing arm_nn_accumulate_q7_to_q15.o(.ARM.exidx.text.arm_nn_accumulate_q7_to_q15), (8 bytes).
    Removing arm_nn_add_q7.o(.text), (0 bytes).
    Removing arm_nn_add_q7.o(.text.arm_nn_add_q7), (74 bytes).
    Removing arm_nn_add_q7.o(.ARM.exidx.text.arm_nn_add_q7), (8 bytes).
    Removing arm_nn_depthwise_conv_nt_t_padded_s8.o(.text), (0 bytes).
    Removing arm_nn_depthwise_conv_nt_t_padded_s8.o(.text.arm_nn_depthwise_conv_nt_t_padded_s8), (4 bytes).
    Removing arm_nn_depthwise_conv_nt_t_padded_s8.o(.ARM.exidx.text.arm_nn_depthwise_conv_nt_t_padded_s8), (8 bytes).
    Removing arm_nn_depthwise_conv_nt_t_s8.o(.text), (0 bytes).
    Removing arm_nn_depthwise_conv_nt_t_s8.o(.text.arm_nn_depthwise_conv_nt_t_s8), (4 bytes).
    Removing arm_nn_depthwise_conv_nt_t_s8.o(.ARM.exidx.text.arm_nn_depthwise_conv_nt_t_s8), (8 bytes).
    Removing arm_nn_mat_mul_core_1x_s8.o(.text), (0 bytes).
    Removing arm_nn_mat_mul_core_1x_s8.o(.text.arm_nn_mat_mul_core_1x_s8), (58 bytes).
    Removing arm_nn_mat_mul_core_1x_s8.o(.ARM.exidx.text.arm_nn_mat_mul_core_1x_s8), (8 bytes).
    Removing arm_nn_mat_mul_core_4x_s8.o(.text), (0 bytes).
    Removing arm_nn_mat_mul_core_4x_s8.o(.text.arm_nn_mat_mul_core_4x_s8), (130 bytes).
    Removing arm_nn_mat_mul_core_4x_s8.o(.ARM.exidx.text.arm_nn_mat_mul_core_4x_s8), (8 bytes).
    Removing arm_nn_mat_mult_nt_t_s8.o(.text), (0 bytes).
    Removing arm_nn_mat_mult_nt_t_s8.o(.text.arm_nn_mat_mult_nt_t_s8), (1924 bytes).
    Removing arm_nn_mat_mult_nt_t_s8.o(.ARM.exidx.text.arm_nn_mat_mult_nt_t_s8), (8 bytes).
    Removing arm_nn_mult_q15.o(.text), (0 bytes).
    Removing arm_nn_mult_q15.o(.text.arm_nn_mult_q15), (172 bytes).
    Removing arm_nn_mult_q15.o(.ARM.exidx.text.arm_nn_mult_q15), (8 bytes).
    Removing arm_nn_mult_q7.o(.text), (0 bytes).
    Removing arm_nn_mult_q7.o(.text.arm_nn_mult_q7), (218 bytes).
    Removing arm_nn_mult_q7.o(.ARM.exidx.text.arm_nn_mult_q7), (8 bytes).
    Removing arm_nn_vec_mat_mult_t_s8.o(.text), (0 bytes).
    Removing arm_nn_vec_mat_mult_t_s8.o(.text.arm_nn_vec_mat_mult_t_s8), (664 bytes).
    Removing arm_nn_vec_mat_mult_t_s8.o(.ARM.exidx.text.arm_nn_vec_mat_mult_t_s8), (8 bytes).
    Removing arm_nn_vec_mat_mult_t_svdf_s8.o(.text), (0 bytes).
    Removing arm_nn_vec_mat_mult_t_svdf_s8.o(.text.arm_nn_vec_mat_mult_t_svdf_s8), (770 bytes).
    Removing arm_nn_vec_mat_mult_t_svdf_s8.o(.ARM.exidx.text.arm_nn_vec_mat_mult_t_svdf_s8), (8 bytes).
    Removing arm_nntables.o(.text), (0 bytes).
    Removing arm_nntables.o(.rodata.sigmoidTable_q7), (256 bytes).
    Removing arm_nntables.o(.rodata.sigmoidTable_q15), (512 bytes).
    Removing arm_nntables.o(.rodata.sigmoidLTable_q15), (256 bytes).
    Removing arm_nntables.o(.rodata.sigmoidHTable_q15), (384 bytes).
    Removing arm_nntables.o(.rodata.tanhTable_q7), (256 bytes).
    Removing arm_nntables.o(.rodata.tanhTable_q15), (512 bytes).
    Removing arm_nntables.o(.rodata.tanhLTable_q15), (256 bytes).
    Removing arm_nntables.o(.rodata.tanhHTable_q15), (384 bytes).
    Removing arm_q7_to_q15_no_shift.o(.text), (0 bytes).
    Removing arm_q7_to_q15_no_shift.o(.text.arm_q7_to_q15_no_shift), (82 bytes).
    Removing arm_q7_to_q15_no_shift.o(.ARM.exidx.text.arm_q7_to_q15_no_shift), (8 bytes).
    Removing arm_q7_to_q15_reordered_no_shift.o(.text), (0 bytes).
    Removing arm_q7_to_q15_reordered_no_shift.o(.text.arm_q7_to_q15_reordered_no_shift), (70 bytes).
    Removing arm_q7_to_q15_reordered_no_shift.o(.ARM.exidx.text.arm_q7_to_q15_reordered_no_shift), (8 bytes).
    Removing arm_q7_to_q15_reordered_with_offset.o(.text), (0 bytes).
    Removing arm_q7_to_q15_reordered_with_offset.o(.text.arm_q7_to_q15_reordered_with_offset), (80 bytes).
    Removing arm_q7_to_q15_reordered_with_offset.o(.ARM.exidx.text.arm_q7_to_q15_reordered_with_offset), (8 bytes).
    Removing arm_q7_to_q15_with_offset.o(.text), (0 bytes).
    Removing arm_q7_to_q15_with_offset.o(.text.arm_q7_to_q15_with_offset), (102 bytes).
    Removing arm_q7_to_q15_with_offset.o(.ARM.exidx.text.arm_q7_to_q15_with_offset), (8 bytes).
    Removing arm_avgpool_s8.o(.text), (0 bytes).
    Removing arm_avgpool_s8.o(.text.arm_avgpool_s8), (460 bytes).
    Removing arm_avgpool_s8.o(.ARM.exidx.text.arm_avgpool_s8), (8 bytes).
    Removing arm_avgpool_s8.o(.text.scale_q31_to_q7_and_clamp), (64 bytes).
    Removing arm_avgpool_s8.o(.ARM.exidx.text.scale_q31_to_q7_and_clamp), (8 bytes).
    Removing arm_avgpool_s8.o(.text.arm_avgpool_s8_get_buffer_size), (4 bytes).
    Removing arm_avgpool_s8.o(.ARM.exidx.text.arm_avgpool_s8_get_buffer_size), (8 bytes).
    Removing arm_max_pool_s8.o(.text), (0 bytes).
    Removing arm_max_pool_s8.o(.text.arm_max_pool_s8), (320 bytes).
    Removing arm_max_pool_s8.o(.ARM.exidx.text.arm_max_pool_s8), (8 bytes).
    Removing arm_max_pool_s8.o(.text.compare_and_replace_if_larger_q7), (170 bytes).
    Removing arm_max_pool_s8.o(.ARM.exidx.text.compare_and_replace_if_larger_q7), (8 bytes).
    Removing arm_max_pool_s8.o(.text.clamp_output), (178 bytes).
    Removing arm_max_pool_s8.o(.ARM.exidx.text.clamp_output), (8 bytes).
    Removing arm_pool_q7_hwc.o(.text), (0 bytes).
    Removing arm_pool_q7_hwc.o(.text.arm_maxpool_q7_HWC), (286 bytes).
    Removing arm_pool_q7_hwc.o(.ARM.exidx.text.arm_maxpool_q7_HWC), (8 bytes).
    Removing arm_pool_q7_hwc.o(.text.compare_and_replace_if_larger_q7), (166 bytes).
    Removing arm_pool_q7_hwc.o(.ARM.exidx.text.compare_and_replace_if_larger_q7), (8 bytes).
    Removing arm_pool_q7_hwc.o(.text.arm_avepool_q7_HWC), (348 bytes).
    Removing arm_pool_q7_hwc.o(.ARM.exidx.text.arm_avepool_q7_HWC), (8 bytes).
    Removing arm_pool_q7_hwc.o(.text.accumulate_q7_to_q15), (104 bytes).
    Removing arm_pool_q7_hwc.o(.ARM.exidx.text.accumulate_q7_to_q15), (8 bytes).
    Removing arm_pool_q7_hwc.o(.text.buffer_scale_back_q15_to_q7), (30 bytes).
    Removing arm_pool_q7_hwc.o(.ARM.exidx.text.buffer_scale_back_q15_to_q7), (8 bytes).
    Removing arm_reshape_s8.o(.text), (0 bytes).
    Removing arm_reshape_s8.o(.text.arm_reshape_s8), (14 bytes).
    Removing arm_reshape_s8.o(.ARM.exidx.text.arm_reshape_s8), (8 bytes).
    Removing arm_svdf_s8.o(.text), (0 bytes).
    Removing arm_svdf_s8.o(.text.arm_svdf_s8), (914 bytes).
    Removing arm_svdf_s8.o(.ARM.exidx.text.arm_svdf_s8), (8 bytes).
    Removing arm_softmax_q15.o(.text), (0 bytes).
    Removing arm_softmax_q15.o(.text.arm_softmax_q15), (164 bytes).
    Removing arm_softmax_q15.o(.ARM.exidx.text.arm_softmax_q15), (8 bytes).
    Removing arm_softmax_q7.o(.text), (0 bytes).
    Removing arm_softmax_q7.o(.text.arm_softmax_q7), (148 bytes).
    Removing arm_softmax_q7.o(.ARM.exidx.text.arm_softmax_q7), (8 bytes).
    Removing arm_softmax_s8.o(.text), (0 bytes).
    Removing arm_softmax_s8.o(.text.arm_softmax_s8), (2572 bytes).
    Removing arm_softmax_s8.o(.ARM.exidx.text.arm_softmax_s8), (8 bytes).
    Removing arm_softmax_u8.o(.text), (0 bytes).
    Removing arm_softmax_u8.o(.text.arm_softmax_u8), (2536 bytes).
    Removing arm_softmax_u8.o(.ARM.exidx.text.arm_softmax_u8), (8 bytes).
    Removing arm_softmax_with_batch_q7.o(.text), (0 bytes).
    Removing arm_softmax_with_batch_q7.o(.text.arm_softmax_with_batch_q7), (46 bytes).
    Removing arm_softmax_with_batch_q7.o(.ARM.exidx.text.arm_softmax_with_batch_q7), (8 bytes).
    Removing system_tm4c123_1.o(.text), (0 bytes).
    Removing system_tm4c123_1.o(.text.SystemCoreClockUpdate), (132 bytes).
    Removing system_tm4c123_1.o(.ARM.exidx.text.SystemCoreClockUpdate), (8 bytes).
    Removing system_tm4c123_1.o(.text.getOscClk), (56 bytes).
    Removing system_tm4c123_1.o(.ARM.exidx.text.getOscClk), (8 bytes).
    Removing system_tm4c123_1.o(.ARM.exidx.text.SystemInit), (8 bytes).
    Removing system_tm4c123_1.o(.data.SystemCoreClock), (4 bytes).
    Removing system_tm4c123_1.o(.rodata..Lswitch.table.getOscClk), (92 bytes).

1983 unused section(s) (total 1130610 bytes) removed from the image.
