Component: ARM Compiler 6.16 Tool: armlink [5dfeaa00]

==============================================================================

Section Cross References

    aa.o(.text.Delay) refers to aa.o(.bss.i) for i
    aa.o(.ARM.exidx.text.Delay) refers to aa.o(.text.Delay) for [Anonymous Symbol]
    aa.o(.text.main) refers to aa.o(.text.Delay) for Delay
    aa.o(.text.main) refers to aa.o(.bss.i) for i
    aa.o(.ARM.exidx.text.main) refers to aa.o(.text.main) for [Anonymous Symbol]
    basicmathfunctions.o(.ARM.exidx.text.arm_abs_f32) refers to basicmathfunctions.o(.text.arm_abs_f32) for [Anonymous Symbol]
    basicmathfunctions.o(.ARM.exidx.text.arm_abs_q15) refers to basicmathfunctions.o(.text.arm_abs_q15) for [Anonymous Symbol]
    basicmathfunctions.o(.ARM.exidx.text.arm_abs_q31) refers to basicmathfunctions.o(.text.arm_abs_q31) for [Anonymous Symbol]
    basicmathfunctions.o(.ARM.exidx.text.arm_abs_q7) refers to basicmathfunctions.o(.text.arm_abs_q7) for [Anonymous Symbol]
    basicmathfunctions.o(.ARM.exidx.text.arm_add_f32) refers to basicmathfunctions.o(.text.arm_add_f32) for [Anonymous Symbol]
    basicmathfunctions.o(.ARM.exidx.text.arm_add_q15) refers to basicmathfunctions.o(.text.arm_add_q15) for [Anonymous Symbol]
    basicmathfunctions.o(.ARM.exidx.text.arm_add_q31) refers to basicmathfunctions.o(.text.arm_add_q31) for [Anonymous Symbol]
    basicmathfunctions.o(.ARM.exidx.text.arm_add_q7) refers to basicmathfunctions.o(.text.arm_add_q7) for [Anonymous Symbol]
    basicmathfunctions.o(.ARM.exidx.text.arm_and_u16) refers to basicmathfunctions.o(.text.arm_and_u16) for [Anonymous Symbol]
    basicmathfunctions.o(.ARM.exidx.text.arm_and_u32) refers to basicmathfunctions.o(.text.arm_and_u32) for [Anonymous Symbol]
    basicmathfunctions.o(.ARM.exidx.text.arm_and_u8) refers to basicmathfunctions.o(.text.arm_and_u8) for [Anonymous Symbol]
    basicmathfunctions.o(.ARM.exidx.text.arm_dot_prod_f32) refers to basicmathfunctions.o(.text.arm_dot_prod_f32) for [Anonymous Symbol]
    basicmathfunctions.o(.ARM.exidx.text.arm_dot_prod_q15) refers to basicmathfunctions.o(.text.arm_dot_prod_q15) for [Anonymous Symbol]
    basicmathfunctions.o(.ARM.exidx.text.arm_dot_prod_q31) refers to basicmathfunctions.o(.text.arm_dot_prod_q31) for [Anonymous Symbol]
    basicmathfunctions.o(.ARM.exidx.text.arm_dot_prod_q7) refers to basicmathfunctions.o(.text.arm_dot_prod_q7) for [Anonymous Symbol]
    basicmathfunctions.o(.ARM.exidx.text.arm_mult_f32) refers to basicmathfunctions.o(.text.arm_mult_f32) for [Anonymous Symbol]
    basicmathfunctions.o(.ARM.exidx.text.arm_mult_q15) refers to basicmathfunctions.o(.text.arm_mult_q15) for [Anonymous Symbol]
    basicmathfunctions.o(.ARM.exidx.text.arm_mult_q31) refers to basicmathfunctions.o(.text.arm_mult_q31) for [Anonymous Symbol]
    basicmathfunctions.o(.ARM.exidx.text.arm_mult_q7) refers to basicmathfunctions.o(.text.arm_mult_q7) for [Anonymous Symbol]
    basicmathfunctions.o(.ARM.exidx.text.arm_negate_f32) refers to basicmathfunctions.o(.text.arm_negate_f32) for [Anonymous Symbol]
    basicmathfunctions.o(.ARM.exidx.text.arm_negate_q15) refers to basicmathfunctions.o(.text.arm_negate_q15) for [Anonymous Symbol]
    basicmathfunctions.o(.ARM.exidx.text.arm_negate_q31) refers to basicmathfunctions.o(.text.arm_negate_q31) for [Anonymous Symbol]
    basicmathfunctions.o(.ARM.exidx.text.arm_negate_q7) refers to basicmathfunctions.o(.text.arm_negate_q7) for [Anonymous Symbol]
    basicmathfunctions.o(.ARM.exidx.text.arm_not_u16) refers to basicmathfunctions.o(.text.arm_not_u16) for [Anonymous Symbol]
    basicmathfunctions.o(.ARM.exidx.text.arm_not_u32) refers to basicmathfunctions.o(.text.arm_not_u32) for [Anonymous Symbol]
    basicmathfunctions.o(.ARM.exidx.text.arm_not_u8) refers to basicmathfunctions.o(.text.arm_not_u8) for [Anonymous Symbol]
    basicmathfunctions.o(.ARM.exidx.text.arm_offset_f32) refers to basicmathfunctions.o(.text.arm_offset_f32) for [Anonymous Symbol]
    basicmathfunctions.o(.ARM.exidx.text.arm_offset_q15) refers to basicmathfunctions.o(.text.arm_offset_q15) for [Anonymous Symbol]
    basicmathfunctions.o(.ARM.exidx.text.arm_offset_q31) refers to basicmathfunctions.o(.text.arm_offset_q31) for [Anonymous Symbol]
    basicmathfunctions.o(.ARM.exidx.text.arm_offset_q7) refers to basicmathfunctions.o(.text.arm_offset_q7) for [Anonymous Symbol]
    basicmathfunctions.o(.ARM.exidx.text.arm_or_u16) refers to basicmathfunctions.o(.text.arm_or_u16) for [Anonymous Symbol]
    basicmathfunctions.o(.ARM.exidx.text.arm_or_u32) refers to basicmathfunctions.o(.text.arm_or_u32) for [Anonymous Symbol]
    basicmathfunctions.o(.ARM.exidx.text.arm_or_u8) refers to basicmathfunctions.o(.text.arm_or_u8) for [Anonymous Symbol]
    basicmathfunctions.o(.ARM.exidx.text.arm_scale_f32) refers to basicmathfunctions.o(.text.arm_scale_f32) for [Anonymous Symbol]
[...]
    Removing transformfunctions.o(.ARM.exidx.text.arm_rfft_256_fast_init_f32), (8 bytes).
    Removing transformfunctions.o(.text.arm_rfft_128_fast_init_f32), (44 bytes).
    Removing transformfunctions.o(.ARM.exidx.text.arm_rfft_128_fast_init_f32), (8 bytes).
    Removing transformfunctions.o(.text.arm_rfft_64_fast_init_f32), (44 bytes).
    Removing transformfunctions.o(.ARM.exidx.text.arm_rfft_64_fast_init_f32), (8 bytes).
    Removing transformfunctions.o(.text.arm_rfft_32_fast_init_f32), (44 bytes).
    Removing transformfunctions.o(.ARM.exidx.text.arm_rfft_32_fast_init_f32), (8 bytes).
    Removing transformfunctions.o(.text.arm_rfft_fast_init_f64), (154 bytes).
    Removing transformfunctions.o(.ARM.exidx.text.arm_rfft_fast_init_f64), (8 bytes).
    Removing transformfunctions.o(.text.arm_rfft_4096_fast_init_f64), (62 bytes).
    Removing transformfunctions.o(.ARM.exidx.text.arm_rfft_4096_fast_init_f64), (8 bytes).
    Removing transformfunctions.o(.text.arm_rfft_2048_fast_init_f64), (62 bytes).
    Removing transformfunctions.o(.ARM.exidx.text.arm_rfft_2048_fast_init_f64), (8 bytes).
    Removing transformfunctions.o(.text.arm_rfft_1024_fast_init_f64), (62 bytes).
    Removing transformfunctions.o(.ARM.exidx.text.arm_rfft_1024_fast_init_f64), (8 bytes).
    Removing transformfunctions.o(.text.arm_rfft_512_fast_init_f64), (60 bytes).
    Removing transformfunctions.o(.ARM.exidx.text.arm_rfft_512_fast_init_f64), (8 bytes).
    Removing transformfunctions.o(.text.arm_rfft_256_fast_init_f64), (58 bytes).
    Removing transformfunctions.o(.ARM.exidx.text.arm_rfft_256_fast_init_f64), (8 bytes).
    Removing transformfunctions.o(.text.arm_rfft_128_fast_init_f64), (56 bytes).
    Removing transformfunctions.o(.ARM.exidx.text.arm_rfft_128_fast_init_f64), (8 bytes).
    Removing transformfunctions.o(.text.arm_rfft_64_fast_init_f64), (56 bytes).
    Removing transformfunctions.o(.ARM.exidx.text.arm_rfft_64_fast_init_f64), (8 bytes).
    Removing transformfunctions.o(.text.arm_rfft_32_fast_init_f64), (56 bytes).
    Removing transformfunctions.o(.ARM.exidx.text.arm_rfft_32_fast_init_f64), (8 bytes).
    Removing transformfunctions.o(.text.arm_dct4_f32), (214 bytes).
    Removing transformfunctions.o(.ARM.exidx.text.arm_dct4_f32), (8 bytes).
    Removing transformfunctions.o(.text.arm_rfft_f32), (136 bytes).
    Removing transformfunctions.o(.ARM.exidx.text.arm_rfft_f32), (8 bytes).
    Removing transformfunctions.o(.text.arm_dct4_init_f32), (152 bytes).
    Removing transformfunctions.o(.ARM.exidx.text.arm_dct4_init_f32), (8 bytes).
    Removing transformfunctions.o(.text.arm_rfft_init_f32), (116 bytes).
    Removing transformfunctions.o(.ARM.exidx.text.arm_rfft_init_f32), (8 bytes).
    Removing transformfunctions.o(.text.arm_dct4_init_q15), (142 bytes).
    Removing transformfunctions.o(.ARM.exidx.text.arm_dct4_init_q15), (8 bytes).
    Removing transformfunctions.o(.text.arm_rfft_init_q15), (212 bytes).
    Removing transformfunctions.o(.ARM.exidx.text.arm_rfft_init_q15), (8 bytes).
    Removing transformfunctions.o(.text.arm_dct4_init_q31), (142 bytes).
    Removing transformfunctions.o(.ARM.exidx.text.arm_dct4_init_q31), (8 bytes).
    Removing transformfunctions.o(.text.arm_rfft_init_q31), (212 bytes).
    Removing transformfunctions.o(.ARM.exidx.text.arm_rfft_init_q31), (8 bytes).
    Removing transformfunctions.o(.text.arm_dct4_q15), (198 bytes).
    Removing transformfunctions.o(.ARM.exidx.text.arm_dct4_q15), (8 bytes).
    Removing transformfunctions.o(.text.arm_rfft_q15), (110 bytes).
    Removing transformfunctions.o(.ARM.exidx.text.arm_rfft_q15), (8 bytes).
    Removing transformfunctions.o(.text.arm_dct4_q31), (220 bytes).
    Removing transformfunctions.o(.ARM.exidx.text.arm_dct4_q31), (8 bytes).
    Removing transformfunctions.o(.text.arm_rfft_q31), (110 bytes).
    Removing transformfunctions.o(.ARM.exidx.text.arm_rfft_q31), (8 bytes).
    Removing transformfunctions.o(.text.arm_split_rifft_f32), (140 bytes).
    Removing transformfunctions.o(.ARM.exidx.text.arm_split_rifft_f32), (8 bytes).
    Removing transformfunctions.o(.text.arm_split_rfft_f32), (256 bytes).
    Removing transformfunctions.o(.ARM.exidx.text.arm_split_rfft_f32), (8 bytes).
    Removing transformfunctions.o(.text.arm_split_rifft_q15), (88 bytes).
    Removing transformfunctions.o(.ARM.exidx.text.arm_split_rifft_q15), (8 bytes).
    Removing transformfunctions.o(.text.arm_split_rfft_q15), (180 bytes).
    Removing transformfunctions.o(.ARM.exidx.text.arm_split_rfft_q15), (8 bytes).
    Removing transformfunctions.o(.text.arm_split_rifft_q31), (136 bytes).
    Removing transformfunctions.o(.ARM.exidx.text.arm_split_rifft_q31), (8 bytes).
    Removing transformfunctions.o(.text.arm_split_rfft_q31), (274 bytes).
    Removing transformfunctions.o(.ARM.exidx.text.arm_split_rfft_q31), (8 bytes).
    Removing transformfunctions.o(.text.arm_cfft_radix4_init_f32), (148 bytes).
    Removing transformfunctions.o(.ARM.exidx.text.arm_cfft_radix4_init_f32), (8 bytes).
    Removing transformfunctions.o(.text.arm_cfft_radix4_init_q15), (102 bytes).
    Removing transformfunctions.o(.ARM.exidx.text.arm_cfft_radix4_init_q15), (8 bytes).
    Removing transformfunctions.o(.text.arm_cfft_radix4_init_q31), (102 bytes).
    Removing transformfunctions.o(.ARM.exidx.text.arm_cfft_radix4_init_q31), (8 bytes).
    Removing transformfunctions.o(.text.arm_cfft_radix2_init_f32), (228 bytes).
    Removing transformfunctions.o(.ARM.exidx.text.arm_cfft_radix2_init_f32), (8 bytes).
    Removing transformfunctions.o(.text.arm_cfft_radix2_init_q15), (152 bytes).
    Removing transformfunctions.o(.ARM.exidx.text.arm_cfft_radix2_init_q15), (8 bytes).
    Removing transformfunctions.o(.text.arm_cfft_radix2_init_q31), (152 bytes).
    Removing transformfunctions.o(.ARM.exidx.text.arm_cfft_radix2_init_q31), (8 bytes).
    Removing transformfunctionsf16.o(.text), (0 bytes).
    Removing transformfunctionsf16.o(.text.arm_cfft_f16), (270 bytes).
    Removing transformfunctionsf16.o(.ARM.exidx.text.arm_cfft_f16), (8 bytes).
    Removing transformfunctionsf16.o(.text.arm_radix4_butterfly_f16), (1390 bytes).
    Removing transformfunctionsf16.o(.ARM.exidx.text.arm_radix4_butterfly_f16), (8 bytes).
    Removing transformfunctionsf16.o(.text.arm_cfft_radix4by2_f16), (220 bytes).
    Removing transformfunctionsf16.o(.ARM.exidx.text.arm_cfft_radix4by2_f16), (8 bytes).
    Removing transformfunctionsf16.o(.text.arm_cfft_init_f16), (180 bytes).
    Removing transformfunctionsf16.o(.ARM.exidx.text.arm_cfft_init_f16), (8 bytes).
    Removing transformfunctionsf16.o(.text.arm_cfft_radix2_f16), (64 bytes).
    Removing transformfunctionsf16.o(.ARM.exidx.text.arm_cfft_radix2_f16), (8 bytes).
    Removing transformfunctionsf16.o(.text.arm_radix2_butterfly_inverse_f16), (602 bytes).
    Removing transformfunctionsf16.o(.ARM.exidx.text.arm_radix2_butterfly_inverse_f16), (8 bytes).
    Removing transformfunctionsf16.o(.text.arm_radix2_butterfly_f16), (554 bytes).
    Removing transformfunctionsf16.o(.ARM.exidx.text.arm_radix2_butterfly_f16), (8 bytes).
    Removing transformfunctionsf16.o(.text.arm_bitreversal_f16), (162 bytes).
    Removing transformfunctionsf16.o(.ARM.exidx.text.arm_bitreversal_f16), (8 bytes).
    Removing transformfunctionsf16.o(.text.arm_cfft_radix4_f16), (64 bytes).
    Removing transformfunctionsf16.o(.ARM.exidx.text.arm_cfft_radix4_f16), (8 bytes).
    Removing transformfunctionsf16.o(.text.arm_radix4_butterfly_inverse_f16), (1436 bytes).
    Removing transformfunctionsf16.o(.ARM.exidx.text.arm_radix4_butterfly_inverse_f16), (8 bytes).
    Removing transformfunctionsf16.o(.text.arm_rfft_fast_init_f16), (154 bytes).
    Removing transformfunctionsf16.o(.ARM.exidx.text.arm_rfft_fast_init_f16), (8 bytes).
    Removing transformfunctionsf16.o(.text.arm_rfft_4096_fast_init_f16), (48 bytes).
    Removing transformfunctionsf16.o(.ARM.exidx.text.arm_rfft_4096_fast_init_f16), (8 bytes).
    Removing transformfunctionsf16.o(.text.arm_rfft_2048_fast_init_f16), (48 bytes).
    Removing transformfunctionsf16.o(.ARM.exidx.text.arm_rfft_2048_fast_init_f16), (8 bytes).
    Removing transformfunctionsf16.o(.text.arm_rfft_1024_fast_init_f16), (48 bytes).
    Removing transformfunctionsf16.o(.ARM.exidx.text.arm_rfft_1024_fast_init_f16), (8 bytes).
    Removing transformfunctionsf16.o(.text.arm_rfft_512_fast_init_f16), (48 bytes).
    Removing transformfunctionsf16.o(.ARM.exidx.text.arm_rfft_512_fast_init_f16), (8 bytes).
    Removing transformfunctionsf16.o(.text.arm_rfft_256_fast_init_f16), (46 bytes).
    Removing transformfunctionsf16.o(.ARM.exidx.text.arm_rfft_256_fast_init_f16), (8 bytes).
    Removing transformfunctionsf16.o(.text.arm_rfft_128_fast_init_f16), (44 bytes).
    Removing transformfunctionsf16.o(.ARM.exidx.text.arm_rfft_128_fast_init_f16), (8 bytes).
    Removing transformfunctionsf16.o(.text.arm_rfft_64_fast_init_f16), (44 bytes).
    Removing transformfunctionsf16.o(.ARM.exidx.text.arm_rfft_64_fast_init_f16), (8 bytes).
    Removing transformfunctionsf16.o(.text.arm_rfft_32_fast_init_f16), (44 bytes).
    Removing transformfunctionsf16.o(.ARM.exidx.text.arm_rfft_32_fast_init_f16), (8 bytes).
    Removing transformfunctionsf16.o(.text.stage_rfft_f16), (272 bytes).
    Removing transformfunctionsf16.o(.ARM.exidx.text.stage_rfft_f16), (8 bytes).
    Removing transformfunctionsf16.o(.text.merge_rfft_f16), (270 bytes).
    Removing transformfunctionsf16.o(.ARM.exidx.text.merge_rfft_f16), (8 bytes).
    Removing transformfunctionsf16.o(.text.arm_rfft_fast_f16), (66 bytes).
    Removing transformfunctionsf16.o(.ARM.exidx.text.arm_rfft_fast_f16), (8 bytes).
    Removing transformfunctionsf16.o(.text.arm_radix8_butterfly_f16), (2158 bytes).
    Removing transformfunctionsf16.o(.ARM.exidx.text.arm_radix8_butterfly_f16), (8 bytes).
    Removing transformfunctionsf16.o(.text.arm_cfft_radix2_init_f16), (236 bytes).
    Removing transformfunctionsf16.o(.ARM.exidx.text.arm_cfft_radix2_init_f16), (8 bytes).
    Removing transformfunctionsf16.o(.text.arm_cfft_radix4_init_f16), (152 bytes).
    Removing transformfunctionsf16.o(.ARM.exidx.text.arm_cfft_radix4_init_f16), (8 bytes).
    Removing arm_nn_activations_q15.o(.text), (0 bytes).
    Removing arm_nn_activations_q15.o(.text.arm_nn_activations_direct_q15), (120 bytes).
    Removing arm_nn_activations_q15.o(.ARM.exidx.text.arm_nn_activations_direct_q15), (8 bytes).
    Removing arm_nn_activations_q7.o(.text), (0 bytes).
    Removing arm_nn_activations_q7.o(.text.arm_nn_activations_direct_q7), (64 bytes).
    Removing arm_nn_activations_q7.o(.ARM.exidx.text.arm_nn_activations_direct_q7), (8 bytes).
    Removing arm_relu6_s8.o(.text), (0 bytes).
    Removing arm_relu6_s8.o(.text.arm_relu6_s8), (30 bytes).
    Removing arm_relu6_s8.o(.ARM.exidx.text.arm_relu6_s8), (8 bytes).
    Removing arm_relu_q15.o(.text), (0 bytes).
    Removing arm_relu_q15.o(.text.arm_relu_q15), (66 bytes).
    Removing arm_relu_q15.o(.ARM.exidx.text.arm_relu_q15), (8 bytes).
    Removing arm_relu_q7.o(.text), (0 bytes).
    Removing arm_relu_q7.o(.text.arm_relu_q7), (80 bytes).
    Removing arm_relu_q7.o(.ARM.exidx.text.arm_relu_q7), (8 bytes).
    Removing arm_elementwise_add_s8.o(.text), (0 bytes).
    Removing arm_elementwise_add_s8.o(.text.arm_elementwise_add_s8), (1294 bytes).
    Removing arm_elementwise_add_s8.o(.ARM.exidx.text.arm_elementwise_add_s8), (8 bytes).
    Removing arm_elementwise_mul_s8.o(.text), (0 bytes).
    Removing arm_elementwise_mul_s8.o(.text.arm_elementwise_mul_s8), (654 bytes).
    Removing arm_elementwise_mul_s8.o(.ARM.exidx.text.arm_elementwise_mul_s8), (8 bytes).
    Removing arm_concatenation_s8_w.o(.text), (0 bytes).
    Removing arm_concatenation_s8_w.o(.text.arm_concatenation_s8_w), (30 bytes).
    Removing arm_concatenation_s8_w.o(.ARM.exidx.text.arm_concatenation_s8_w), (8 bytes).
    Removing arm_concatenation_s8_x.o(.text), (0 bytes).
    Removing arm_concatenation_s8_x.o(.text.arm_concatenation_s8_x), (62 bytes).
    Removing arm_concatenation_s8_x.o(.ARM.exidx.text.arm_concatenation_s8_x), (8 bytes).
    Removing arm_concatenation_s8_y.o(.text), (0 bytes).
    Removing arm_concatenation_s8_y.o(.text.arm_concatenation_s8_y), (58 bytes).
    Removing arm_concatenation_s8_y.o(.ARM.exidx.text.arm_concatenation_s8_y), (8 bytes).
    Removing arm_concatenation_s8_z.o(.text), (0 bytes).
    Removing arm_concatenation_s8_z.o(.text.arm_concatenation_s8_z), (62 bytes).
    Removing arm_concatenation_s8_z.o(.ARM.exidx.text.arm_concatenation_s8_z), (8 bytes).
    Removing arm_convolve_1_x_n_s8.o(.text), (0 bytes).
    Removing arm_convolve_1_x_n_s8.o(.text.arm_convolve_1_x_n_s8), (66 bytes).
    Removing arm_convolve_1_x_n_s8.o(.ARM.exidx.text.arm_convolve_1_x_n_s8), (8 bytes).
    Removing arm_convolve_1_x_n_s8.o(.text.arm_convolve_1_x_n_s8_get_buffer_size), (14 bytes).
    Removing arm_convolve_1_x_n_s8.o(.ARM.exidx.text.arm_convolve_1_x_n_s8_get_buffer_size), (8 bytes).
    Removing arm_convolve_1x1_hwc_q7_fast_nonsquare.o(.text), (0 bytes).
    Removing arm_convolve_1x1_hwc_q7_fast_nonsquare.o(.text.arm_convolve_1x1_HWC_q7_fast_nonsquare), (416 bytes).
    Removing arm_convolve_1x1_hwc_q7_fast_nonsquare.o(.ARM.exidx.text.arm_convolve_1x1_HWC_q7_fast_nonsquare), (8 bytes).
    Removing arm_convolve_1x1_s8_fast.o(.text), (0 bytes).
    Removing arm_convolve_1x1_s8_fast.o(.text.arm_convolve_1x1_s8_fast), (132 bytes).
    Removing arm_convolve_1x1_s8_fast.o(.ARM.exidx.text.arm_convolve_1x1_s8_fast), (8 bytes).
    Removing arm_convolve_1x1_s8_fast.o(.text.arm_convolve_1x1_s8_fast_get_buffer_size), (4 bytes).
    Removing arm_convolve_1x1_s8_fast.o(.ARM.exidx.text.arm_convolve_1x1_s8_fast_get_buffer_size), (8 bytes).
    Removing arm_convolve_hwc_q15_basic.o(.text), (0 bytes).
    Removing arm_convolve_hwc_q15_basic.o(.text.arm_convolve_HWC_q15_basic), (448 bytes).
    Removing arm_convolve_hwc_q15_basic.o(.ARM.exidx.text.arm_convolve_HWC_q15_basic), (8 bytes).
    Removing arm_convolve_hwc_q15_fast.o(.text), (0 bytes).
    Removing arm_convolve_hwc_q15_fast.o(.text.arm_convolve_HWC_q15_fast), (640 bytes).
    Removing arm_convolve_hwc_q15_fast.o(.ARM.exidx.text.arm_convolve_HWC_q15_fast), (8 bytes).
    Removing arm_convolve_hwc_q15_fast_nonsquare.o(.text), (0 bytes).
    Removing arm_convolve_hwc_q15_fast_nonsquare.o(.text.arm_convolve_HWC_q15_fast_nonsquare), (656 bytes).
    Removing arm_convolve_hwc_q15_fast_nonsquare.o(.ARM.exidx.text.arm_convolve_HWC_q15_fast_nonsquare), (8 bytes).
    Removing arm_convolve_hwc_q7_rgb.o(.text), (0 bytes).
    Removing arm_convolve_hwc_q7_rgb.o(.text.arm_convolve_HWC_q7_RGB), (532 bytes).
    Removing arm_convolve_hwc_q7_rgb.o(.ARM.exidx.text.arm_convolve_HWC_q7_RGB), (8 bytes).
    Removing arm_convolve_hwc_q7_basic.o(.text), (0 bytes).
    Removing arm_convolve_hwc_q7_basic.o(.text.arm_convolve_HWC_q7_basic), (524 bytes).
    Removing arm_convolve_hwc_q7_basic.o(.ARM.exidx.text.arm_convolve_HWC_q7_basic), (8 bytes).
    Removing arm_convolve_hwc_q7_basic_nonsquare.o(.text), (0 bytes).
    Removing arm_convolve_hwc_q7_basic_nonsquare.o(.text.arm_convolve_HWC_q7_basic_nonsquare), (530 bytes).
    Removing arm_convolve_hwc_q7_basic_nonsquare.o(.ARM.exidx.text.arm_convolve_HWC_q7_basic_nonsquare), (8 bytes).
    Removing arm_convolve_hwc_q7_fast.o(.text), (0 bytes).
    Removing arm_convolve_hwc_q7_fast.o(.text.arm_convolve_HWC_q7_fast), (1480 bytes).
    Removing arm_convolve_hwc_q7_fast.o(.ARM.exidx.text.arm_convolve_HWC_q7_fast), (8 bytes).
    Removing arm_convolve_hwc_q7_fast_nonsquare.o(.text), (0 bytes).
    Removing arm_convolve_hwc_q7_fast_nonsquare.o(.text.arm_convolve_HWC_q7_fast_nonsquare), (1500 bytes).
    Removing arm_convolve_hwc_q7_fast_nonsquare.o(.ARM.exidx.text.arm_convolve_HWC_q7_fast_nonsquare), (8 bytes).
    Removing arm_convolve_s8.o(.text), (0 bytes).
    Removing arm_convolve_s8.o(.text.arm_convolve_s8), (796 bytes).
    Removing arm_convolve_s8.o(.ARM.exidx.text.arm_convolve_s8), (8 bytes).
    Removing arm_convolve_s8.o(.text.arm_convolve_s8_get_buffer_size), (14 bytes).
    Removing arm_convolve_s8.o(.ARM.exidx.text.arm_convolve_s8_get_buffer_size), (8 bytes).
    Removing arm_convolve_wrapper_s8.o(.text), (0 bytes).
    Removing arm_convolve_wrapper_s8.o(.text.arm_convolve_wrapper_s8), (172 bytes).
    Removing arm_convolve_wrapper_s8.o(.ARM.exidx.text.arm_convolve_wrapper_s8), (8 bytes).
    Removing arm_convolve_wrapper_s8.o(.text.arm_convolve_wrapper_s8_get_buffer_size), (120 bytes).
    Removing arm_convolve_wrapper_s8.o(.ARM.exidx.text.arm_convolve_wrapper_s8_get_buffer_size), (8 bytes).
    Removing arm_depthwise_conv_3x3_s8.o(.text), (0 bytes).
    Removing arm_depthwise_conv_3x3_s8.o(.text.arm_depthwise_conv_3x3_s8), (1484 bytes).
    Removing arm_depthwise_conv_3x3_s8.o(.ARM.exidx.text.arm_depthwise_conv_3x3_s8), (8 bytes).
    Removing arm_depthwise_conv_s8.o(.text), (0 bytes).
    Removing arm_depthwise_conv_s8.o(.text.arm_depthwise_conv_s8), (278 bytes).
    Removing arm_depthwise_conv_s8.o(.ARM.exidx.text.arm_depthwise_conv_s8), (8 bytes).
    Removing arm_depthwise_conv_s8.o(.text.depthwise_conv_s8_mult_4), (944 bytes).
    Removing arm_depthwise_conv_s8.o(.ARM.exidx.text.depthwise_conv_s8_mult_4), (8 bytes).
    Removing arm_depthwise_conv_s8.o(.text.depthwise_conv_s8_generic), (594 bytes).
    Removing arm_depthwise_conv_s8.o(.ARM.exidx.text.depthwise_conv_s8_generic), (8 bytes).
    Removing arm_depthwise_conv_s8_opt.o(.text), (0 bytes).
    Removing arm_depthwise_conv_s8_opt.o(.text.arm_depthwise_conv_s8_opt), (1406 bytes).
    Removing arm_depthwise_conv_s8_opt.o(.ARM.exidx.text.arm_depthwise_conv_s8_opt), (8 bytes).
    Removing arm_depthwise_conv_s8_opt.o(.text.arm_depthwise_conv_s8_opt_get_buffer_size), (14 bytes).
    Removing arm_depthwise_conv_s8_opt.o(.ARM.exidx.text.arm_depthwise_conv_s8_opt_get_buffer_size), (8 bytes).
    Removing arm_depthwise_conv_u8_basic_ver1.o(.text), (0 bytes).
    Removing arm_depthwise_conv_u8_basic_ver1.o(.text.arm_depthwise_conv_u8_basic_ver1), (176 bytes).
    Removing arm_depthwise_conv_u8_basic_ver1.o(.ARM.exidx.text.arm_depthwise_conv_u8_basic_ver1), (8 bytes).
    Removing arm_depthwise_conv_u8_basic_ver1.o(.text.depthwise_conv_u8_mult_4), (848 bytes).
    Removing arm_depthwise_conv_u8_basic_ver1.o(.ARM.exidx.text.depthwise_conv_u8_mult_4), (8 bytes).
    Removing arm_depthwise_conv_u8_basic_ver1.o(.text.depthwise_conv_u8_generic), (602 bytes).
    Removing arm_depthwise_conv_u8_basic_ver1.o(.ARM.exidx.text.depthwise_conv_u8_generic), (8 bytes).
    Removing arm_depthwise_conv_wrapper_s8.o(.text), (0 bytes).
    Removing arm_depthwise_conv_wrapper_s8.o(.text.arm_depthwise_conv_wrapper_s8), (128 bytes).
    Removing arm_depthwise_conv_wrapper_s8.o(.ARM.exidx.text.arm_depthwise_conv_wrapper_s8), (8 bytes).
    Removing arm_depthwise_conv_wrapper_s8.o(.text.arm_depthwise_conv_wrapper_s8_get_buffer_size), (30 bytes).
    Removing arm_depthwise_conv_wrapper_s8.o(.ARM.exidx.text.arm_depthwise_conv_wrapper_s8_get_buffer_size), (8 bytes).
    Removing arm_depthwise_separable_conv_hwc_q7.o(.text), (0 bytes).
    Removing arm_depthwise_separable_conv_hwc_q7.o(.text.arm_depthwise_separable_conv_HWC_q7), (820 bytes).
    Removing arm_depthwise_separable_conv_hwc_q7.o(.ARM.exidx.text.arm_depthwise_separable_conv_HWC_q7), (8 bytes).
    Removing arm_depthwise_separable_conv_hwc_q7_nonsquare.o(.text), (0 bytes).
    Removing arm_depthwise_separable_conv_hwc_q7_nonsquare.o(.text.arm_depthwise_separable_conv_HWC_q7_nonsquare), (784 bytes).
    Removing arm_depthwise_separable_conv_hwc_q7_nonsquare.o(.ARM.exidx.text.arm_depthwise_separable_conv_HWC_q7_nonsquare), (8 bytes).
    Removing arm_nn_depthwise_conv_s8_core.o(.text), (0 bytes).
    Removing arm_nn_depthwise_conv_s8_core.o(.text.arm_nn_depthwise_conv_s8_core), (4 bytes).
    Removing arm_nn_depthwise_conv_s8_core.o(.ARM.exidx.text.arm_nn_depthwise_conv_s8_core), (8 bytes).
    Removing arm_nn_mat_mult_kernel_q7_q15.o(.text), (0 bytes).
    Removing arm_nn_mat_mult_kernel_q7_q15.o(.text.arm_nn_mat_mult_kernel_q7_q15), (672 bytes).
    Removing arm_nn_mat_mult_kernel_q7_q15.o(.ARM.exidx.text.arm_nn_mat_mult_kernel_q7_q15), (8 bytes).
    Removing arm_nn_mat_mult_kernel_q7_q15_reordered.o(.text), (0 bytes).
    Removing arm_nn_mat_mult_kernel_q7_q15_reordered.o(.text.arm_nn_mat_mult_kernel_q7_q15_reordered), (436 bytes).
    Removing arm_nn_mat_mult_kernel_q7_q15_reordered.o(.ARM.exidx.text.arm_nn_mat_mult_kernel_q7_q15_reordered), (8 bytes).
    Removing arm_nn_mat_mult_kernel_s8_s16.o(.text), (0 bytes).
    Removing arm_nn_mat_mult_kernel_s8_s16.o(.text.arm_nn_mat_mult_kernel_s8_s16), (1156 bytes).
    Removing arm_nn_mat_mult_kernel_s8_s16.o(.ARM.exidx.text.arm_nn_mat_mult_kernel_s8_s16), (8 bytes).
    Removing arm_nn_mat_mult_kernel_s8_s16_reordered.o(.text), (0 bytes).
    Removing arm_nn_mat_mult_kernel_s8_s16_reordered.o(.text.arm_nn_mat_mult_kernel_s8_s16_reordered), (918 bytes).
    Removing arm_nn_mat_mult_kernel_s8_s16_reordered.o(.ARM.exidx.text.arm_nn_mat_mult_kernel_s8_s16_reordered), (8 bytes).
    Removing arm_nn_mat_mult_s8.o(.text), (0 bytes).
    Removing arm_nn_mat_mult_s8.o(.text.arm_nn_mat_mult_s8), (4 bytes).
    Removing arm_nn_mat_mult_s8.o(.ARM.exidx.text.arm_nn_mat_mult_s8), (8 bytes).
    Removing arm_fully_connected_mat_q7_vec_q15.o(.text), (0 bytes).
    Removing arm_fully_connected_mat_q7_vec_q15.o(.text.arm_fully_connected_mat_q7_vec_q15), (430 bytes).
    Removing arm_fully_connected_mat_q7_vec_q15.o(.ARM.exidx.text.arm_fully_connected_mat_q7_vec_q15), (8 bytes).
    Removing arm_fully_connected_mat_q7_vec_q15_opt.o(.text), (0 bytes).
    Removing arm_fully_connected_mat_q7_vec_q15_opt.o(.text.arm_fully_connected_mat_q7_vec_q15_opt), (500 bytes).
    Removing arm_fully_connected_mat_q7_vec_q15_opt.o(.ARM.exidx.text.arm_fully_connected_mat_q7_vec_q15_opt), (8 bytes).
    Removing arm_fully_connected_q15.o(.text), (0 bytes).
    Removing arm_fully_connected_q15.o(.text.arm_fully_connected_q15), (392 bytes).
    Removing arm_fully_connected_q15.o(.ARM.exidx.text.arm_fully_connected_q15), (8 bytes).
    Removing arm_fully_connected_q15_opt.o(.text), (0 bytes).
    Removing arm_fully_connected_q15_opt.o(.text.arm_fully_connected_q15_opt), (444 bytes).
    Removing arm_fully_connected_q15_opt.o(.ARM.exidx.text.arm_fully_connected_q15_opt), (8 bytes).
    Removing arm_fully_connected_q7.o(.text), (0 bytes).
    Removing arm_fully_connected_q7.o(.text.arm_fully_connected_q7), (458 bytes).
    Removing arm_fully_connected_q7.o(.ARM.exidx.text.arm_fully_connected_q7), (8 bytes).
    Removing arm_fully_connected_q7_opt.o(.text), (0 bytes).
    Removing arm_fully_connected_q7_opt.o(.text.arm_fully_connected_q7_opt), (588 bytes).
    Removing arm_fully_connected_q7_opt.o(.ARM.exidx.text.arm_fully_connected_q7_opt), (8 bytes).
    Removing arm_fully_connected_s8.o(.text), (0 bytes).
    Removing arm_fully_connected_s8.o(.text.arm_fully_connected_s8), (108 bytes).
    Removing arm_fully_connected_s8.o(.ARM.exidx.text.arm_fully_connected_s8), (8 bytes).
    Removing arm_fully_connected_s8.o(.text.arm_fully_connected_s8_get_buffer_size), (4 bytes).
    Removing arm_fully_connected_s8.o(.ARM.exidx.text.arm_fully_connected_s8_get_buffer_size), (8 bytes).
    Removing arm_nn_accumulate_q7_to_q15.o(.text), (0 bytes).
    Removing arm_nn_accumulate_q7_to_q15.o(.text.arm_nn_accumulate_q7_to_q15), (104 bytes).
    Removing arm_nn_accumulate_q7_to_q15.o(.ARM.exidx.text.arm_nn_accumulate_q7_to_q15), (8 bytes).
    Removing arm_nn_add_q7.o(.text), (0 bytes).
    Removing arm_nn_add_q7.o(.text.arm_nn_add_q7), (74 bytes).
    Removing arm_nn_add_q7.o(.ARM.exidx.text.arm_nn_add_q7), (8 bytes).
    Removing arm_nn_depthwise_conv_nt_t_padded_s8.o(.text), (0 bytes).
    Removing arm_nn_depthwise_conv_nt_t_padded_s8.o(.text.arm_nn_depthwise_conv_nt_t_padded_s8), (4 bytes).
    Removing arm_nn_depthwise_conv_nt_t_padded_s8.o(.ARM.exidx.text.arm_nn_depthwise_conv_nt_t_padded_s8), (8 bytes).
    Removing arm_nn_depthwise_conv_nt_t_s8.o(.text), (0 bytes).
    Removing arm_nn_depthwise_conv_nt_t_s8.o(.text.arm_nn_depthwise_conv_nt_t_s8), (4 bytes).
    Removing arm_nn_depthwise_conv_nt_t_s8.o(.ARM.exidx.text.arm_nn_depthwise_conv_nt_t_s8), (8 bytes).
    Removing arm_nn_mat_mul_core_1x_s8.o(.text), (0 bytes).
    Removing arm_nn_mat_mul_core_1x_s8.o(.text.arm_nn_mat_mul_core_1x_s8), (58 bytes).
    Removing arm_nn_mat_mul_core_1x_s8.o(.ARM.exidx.text.arm_nn_mat_mul_core_1x_s8), (8 bytes).
    Removing arm_nn_mat_mul_core_4x_s8.o(.text), (0 bytes).
    Removing arm_nn_mat_mul_core_4x_s8.o(.text.arm_nn_mat_mul_core_4x_s8), (130 bytes).
    Removing arm_nn_mat_mul_core_4x_s8.o(.ARM.exidx.text.arm_nn_mat_mul_core_4x_s8), (8 bytes).
    Removing arm_nn_mat_mult_nt_t_s8.o(.text), (0 bytes).
    Removing arm_nn_mat_mult_nt_t_s8.o(.text.arm_nn_mat_mult_nt_t_s8), (1924 bytes).
    Removing arm_nn_mat_mult_nt_t_s8.o(.ARM.exidx.text.arm_nn_mat_mult_nt_t_s8), (8 bytes).
    Removing arm_nn_mult_q15.o(.text), (0 bytes).
    Removing arm_nn_mult_q15.o(.text.arm_nn_mult_q15), (172 bytes).
    Removing arm_nn_mult_q15.o(.ARM.exidx.text.arm_nn_mult_q15), (8 bytes).
    Removing arm_nn_mult_q7.o(.text), (0 bytes).
    Removing arm_nn_mult_q7.o(.text.arm_nn_mult_q7), (218 bytes).
    Removing arm_nn_mult_q7.o(.ARM.exidx.text.arm_nn_mult_q7), (8 bytes).
    Removing arm_nn_vec_mat_mult_t_s8.o(.text), (0 bytes).
    Removing arm_nn_vec_mat_mult_t_s8.o(.text.arm_nn_vec_mat_mult_t_s8), (664 bytes).
    Removing arm_nn_vec_mat_mult_t_s8.o(.ARM.exidx.text.arm_nn_vec_mat_mult_t_s8), (8 bytes).
    Removing arm_nn_vec_mat_mult_t_svdf_s8.o(.text), (0 bytes).
    Removing arm_nn_vec_mat_mult_t_svdf_s8.o(.text.arm_nn_vec_mat_mult_t_svdf_s8), (770 bytes).
    Removing arm_nn_vec_mat_mult_t_svdf_s8.o(.ARM.exidx.text.arm_nn_vec_mat_mult_t_svdf_s8), (8 bytes).
    Removing arm_nntables.o(.text), (0 bytes).
    Removing arm_nntables.o(.rodata.sigmoidTable_q7), (256 bytes).
    Removing arm_nntables.o(.rodata.sigmoidTable_q15), (512 bytes).
    Removing arm_nntables.o(.rodata.sigmoidLTable_q15), (256 bytes).
    Removing arm_nntables.o(.rodata.sigmoidHTable_q15), (384 bytes).
    Removing arm_nntables.o(.rodata.tanhTable_q7), (256 bytes).
    Removing arm_nntables.o(.rodata.tanhTable_q15), (512 bytes).
    Removing arm_nntables.o(.rodata.tanhLTable_q15), (256 bytes).
    Removing arm_nntables.o(.rodata.tanhHTable_q15), (384 bytes).
    Removing arm_q7_to_q15_no_shift.o(.text), (0 bytes).
    Removing arm_q7_to_q15_no_shift.o(.text.arm_q7_to_q15_no_shift), (82 bytes).
    Removing arm_q7_to_q15_no_shift.o(.ARM.exidx.text.arm_q7_to_q15_no_shift), (8 bytes).
    Removing arm_q7_to_q15_reordered_no_shift.o(.text), (0 bytes).
    Removing arm_q7_to_q15_reordered_no_shift.o(.text.arm_q7_to_q15_reordered_no_shift), (70 bytes).
    Removing arm_q7_to_q15_reordered_no_shift.o(.ARM.exidx.text.arm_q7_to_q15_reordered_no_shift), (8 bytes).
    Removing arm_q7_to_q15_reordered_with_offset.o(.text), (0 bytes).
    Removing arm_q7_to_q15_reordered_with_offset.o(.text.arm_q7_to_q15_reordered_with_offset), (80 bytes).
    Removing arm_q7_to_q15_reordered_with_offset.o(.ARM.exidx.text.arm_q7_to_q15_reordered_with_offset), (8 bytes).
    Removing arm_q7_to_q15_with_offset.o(.text), (0 bytes).
    Removing arm_q7_to_q15_with_offset.o(.text.arm_q7_to_q15_with_offset), (102 bytes).
    Removing arm_q7_to_q15_with_offset.o(.ARM.exidx.text.arm_q7_to_q15_with_offset), (8 bytes).
    Removing arm_avgpool_s8.o(.text), (0 bytes).
    Removing arm_avgpool_s8.o(.text.arm_avgpool_s8), (460 bytes).
    Removing arm_avgpool_s8.o(.ARM.exidx.text.arm_avgpool_s8), (8 bytes).
    Removing arm_avgpool_s8.o(.text.scale_q31_to_q7_and_clamp), (64 bytes).
    Removing arm_avgpool_s8.o(.ARM.exidx.text.scale_q31_to_q7_and_clamp), (8 bytes).
    Removing arm_avgpool_s8.o(.text.arm_avgpool_s8_get_buffer_size), (4 bytes).
    Removing arm_avgpool_s8.o(.ARM.exidx.text.arm_avgpool_s8_get_buffer_size), (8 bytes).
    Removing arm_max_pool_s8.o(.text), (0 bytes).
    Removing arm_max_pool_s8.o(.text.arm_max_pool_s8), (320 bytes).
    Removing arm_max_pool_s8.o(.ARM.exidx.text.arm_max_pool_s8), (8 bytes).
    Removing arm_max_pool_s8.o(.text.compare_and_replace_if_larger_q7), (170 bytes).
    Removing arm_max_pool_s8.o(.ARM.exidx.text.compare_and_replace_if_larger_q7), (8 bytes).
    Removing arm_max_pool_s8.o(.text.clamp_output), (178 bytes).
    Removing arm_max_pool_s8.o(.ARM.exidx.text.clamp_output), (8 bytes).
    Removing arm_pool_q7_hwc.o(.text), (0 bytes).
    Removing arm_pool_q7_hwc.o(.text.arm_maxpool_q7_HWC), (286 bytes).
    Removing arm_pool_q7_hwc.o(.ARM.exidx.text.arm_maxpool_q7_HWC), (8 bytes).
    Removing arm_pool_q7_hwc.o(.text.compare_and_replace_if_larger_q7), (166 bytes).
    Removing arm_pool_q7_hwc.o(.ARM.exidx.text.compare_and_replace_if_larger_q7), (8 bytes).
    Removing arm_pool_q7_hwc.o(.text.arm_avepool_q7_HWC), (348 bytes).
    Removing arm_pool_q7_hwc.o(.ARM.exidx.text.arm_avepool_q7_HWC), (8 bytes).
    Removing arm_pool_q7_hwc.o(.text.accumulate_q7_to_q15), (104 bytes).
    Removing arm_pool_q7_hwc.o(.ARM.exidx.text.accumulate_q7_to_q15), (8 bytes).
    Removing arm_pool_q7_hwc.o(.text.buffer_scale_back_q15_to_q7), (30 bytes).
    Removing arm_pool_q7_hwc.o(.ARM.exidx.text.buffer_scale_back_q15_to_q7), (8 bytes).
    Removing arm_reshape_s8.o(.text), (0 bytes).
    Removing arm_reshape_s8.o(.text.arm_reshape_s8), (14 bytes).
    Removing arm_reshape_s8.o(.ARM.exidx.text.arm_reshape_s8), (8 bytes).
    Removing arm_svdf_s8.o(.text), (0 bytes).
    Removing arm_svdf_s8.o(.text.arm_svdf_s8), (914 bytes).
    Removing arm_svdf_s8.o(.ARM.exidx.text.arm_svdf_s8), (8 bytes).
    Removing arm_softmax_q15.o(.text), (0 bytes).
    Removing arm_softmax_q15.o(.text.arm_softmax_q15), (164 bytes).
    Removing arm_softmax_q15.o(.ARM.exidx.text.arm_softmax_q15), (8 bytes).
    Removing arm_softmax_q7.o(.text), (0 bytes).
    Removing arm_softmax_q7.o(.text.arm_softmax_q7), (148 bytes).
    Removing arm_softmax_q7.o(.ARM.exidx.text.arm_softmax_q7), (8 bytes).
    Removing arm_softmax_s8.o(.text), (0 bytes).
    Removing arm_softmax_s8.o(.text.arm_softmax_s8), (2572 bytes).
    Removing arm_softmax_s8.o(.ARM.exidx.text.arm_softmax_s8), (8 bytes).
    Removing arm_softmax_u8.o(.text), (0 bytes).
    Removing arm_softmax_u8.o(.text.arm_softmax_u8), (2536 bytes).
    Removing arm_softmax_u8.o(.ARM.exidx.text.arm_softmax_u8), (8 bytes).
    Removing arm_softmax_with_batch_q7.o(.text), (0 bytes).
    Removing arm_softmax_with_batch_q7.o(.text.arm_softmax_with_batch_q7), (46 bytes).
    Removing arm_softmax_with_batch_q7.o(.ARM.exidx.text.arm_softmax_with_batch_q7), (8 bytes).
    Removing system_tm4c123.o(.text), (0 bytes).
    Removing system_tm4c123.o(.text.SystemCoreClockUpdate), (132 bytes).
    Removing system_tm4c123.o(.ARM.exidx.text.SystemCoreClockUpdate), (8 bytes).
    Removing system_tm4c123.o(.text.getOscClk), (56 bytes).
    Removing system_tm4c123.o(.ARM.exidx.text.getOscClk), (8 bytes).
    Removing system_tm4c123.o(.ARM.exidx.text.SystemInit), (8 bytes).
    Removing system_tm4c123.o(.data.SystemCoreClock), (4 bytes).
    Removing system_tm4c123.o(.rodata..Lswitch.table.getOscClk), (92 bytes).

1629 unused section(s) (total 1116242 bytes) removed from the image.

==============================================================================

Image Symbol Table

    Local Symbols

    Symbol Name                              Value     Ov Type        Size  Object(Section)

    ../clib/angel/boardlib.s                 0x00000000   Number         0  boardinit1.o ABSOLUTE
    ../clib/angel/boardlib.s                 0x00000000   Number         0  boardinit2.o ABSOLUTE
    ../clib/angel/boardlib.s                 0x00000000   Number         0  boardinit3.o ABSOLUTE
    ../clib/angel/boardlib.s                 0x00000000   Number         0  boardshut.o ABSOLUTE
    ../clib/angel/handlers.s                 0x00000000   Number         0  __scatter_zi.o ABSOLUTE
    ../clib/angel/kernel.s                   0x00000000   Number         0  __rtentry.o ABSOLUTE
    ../clib/angel/kernel.s                   0x00000000   Number         0  __rtentry2.o ABSOLUTE
    ../clib/angel/kernel.s                   0x00000000   Number         0  __rtentry4.o ABSOLUTE
    ../clib/angel/kernel.s                   0x00000000   Number         0  rtexit.o ABSOLUTE
    ../clib/angel/kernel.s                   0x00000000   Number         0  rtexit2.o ABSOLUTE
    ../clib/angel/rt.s                       0x00000000   Number         0  aeabi_ldiv0.o ABSOLUTE
    ../clib/angel/rt.s                       0x00000000   Number         0  aeabi_ldiv0_sigfpe.o ABSOLUTE
    ../clib/angel/rt.s                       0x00000000   Number         0  rt_div0.o ABSOLUTE
    ../clib/angel/rt.s                       0x00000000   Number         0  rt_errno_addr.o ABSOLUTE
    ../clib/angel/rt.s                       0x00000000   Number         0  rt_errno_addr_intlibspace.o ABSOLUTE
    ../clib/angel/rt.s                       0x00000000   Number         0  rt_raise.o ABSOLUTE
    ../clib/angel/scatter.s                  0x00000000   Number         0  __scatter.o ABSOLUTE
    ../clib/angel/startup.s                  0x00000000   Number         0  __main.o ABSOLUTE
    ../clib/angel/sys.s                      0x00000000   Number         0  libspace.o ABSOLUTE
    ../clib/angel/sys.s                      0x00000000   Number         0  sys_stackheap_outer.o ABSOLUTE
    ../clib/angel/sys.s                      0x00000000   Number         0  use_no_semi.o ABSOLUTE
    ../clib/angel/sys.s                      0x00000000   Number         0  indicate_semi.o ABSOLUTE
    ../clib/angel/sysapp.c                   0x00000000   Number         0  sys_exit.o ABSOLUTE
    ../clib/angel/sysapp.c                   0x00000000   Number         0  sys_exit_hlt.o ABSOLUTE
    ../clib/angel/sysapp.c                   0x00000000   Number         0  sys_wrch.o ABSOLUTE
    ../clib/angel/sysapp.c                   0x00000000   Number         0  sys_wrch_hlt.o ABSOLUTE
    ../clib/angel/sysapp.c                   0x00000000   Number         0  sys_command.o ABSOLUTE
    ../clib/angel/sysapp.c                   0x00000000   Number         0  sys_command_hlt.o ABSOLUTE
    ../clib/armsys.c                         0x00000000   Number         0  argv_veneer.o ABSOLUTE
    ../clib/armsys.c                         0x00000000   Number         0  argv_veneer.o ABSOLUTE
    ../clib/armsys.c                         0x00000000   Number         0  _get_argv_nomalloc.o ABSOLUTE
    ../clib/armsys.c                         0x00000000   Number         0  no_argv.o ABSOLUTE
    ../clib/fenv.c                           0x00000000   Number         0  _rserrno.o ABSOLUTE
    ../clib/heapalloc.c                      0x00000000   Number         0  hrguard.o ABSOLUTE
    ../clib/heapaux.c                        0x00000000   Number         0  heapauxi.o ABSOLUTE
    ../clib/libinit.s                        0x00000000   Number         0  libinit.o ABSOLUTE
    ../clib/libinit.s                        0x00000000   Number         0  libinit2.o ABSOLUTE
    ../clib/libinit.s                        0x00000000   Number         0  libshutdown.o ABSOLUTE
    ../clib/libinit.s                        0x00000000   Number         0  libshutdown2.o ABSOLUTE
    ../clib/longlong.s                       0x00000000   Number         0  lludivv7m.o ABSOLUTE
    ../clib/longlong.s                       0x00000000   Number         0  llsdiv.o ABSOLUTE
    ../clib/memcpset.s                       0x00000000   Number         0  rt_memcpy_v6.o ABSOLUTE
    ../clib/memcpset.s                       0x00000000   Number         0  rt_memmove_v6.o ABSOLUTE
    ../clib/memcpset.s                       0x00000000   Number         0  rt_memcpy_w.o ABSOLUTE
    ../clib/memcpset.s                       0x00000000   Number         0  aeabi_memset.o ABSOLUTE
    ../clib/memcpset.s                       0x00000000   Number         0  rt_memclr.o ABSOLUTE
    ../clib/memcpset.s                       0x00000000   Number         0  rt_memclr_w.o ABSOLUTE
    ../clib/memcpset.s                       0x00000000   Number         0  rt_memmove_w.o ABSOLUTE
    ../clib/signal.c                         0x00000000   Number         0  defsig_fpe_outer.o ABSOLUTE
    ../clib/signal.c                         0x00000000   Number         0  defsig_fpe_formal.o ABSOLUTE
    ../clib/signal.c                         0x00000000   Number         0  defsig_exit.o ABSOLUTE
    ../clib/signal.c                         0x00000000   Number         0  defsig_fpe_inner.o ABSOLUTE
    ../clib/signal.c                         0x00000000   Number         0  __raise.o ABSOLUTE
    ../clib/signal.c                         0x00000000   Number         0  defsig_general.o ABSOLUTE
    ../clib/signal.c                         0x00000000   Number         0  defsig_abrt_inner.o ABSOLUTE
    ../clib/signal.c                         0x00000000   Number         0  defsig_rtred_inner.o ABSOLUTE
    ../clib/signal.c                         0x00000000   Number         0  defsig_rtmem_inner.o ABSOLUTE
    ../clib/signal.c                         0x00000000   Number         0  defsig_rtmem_outer.o ABSOLUTE
    ../clib/signal.c                         0x00000000   Number         0  defsig_rtmem_formal.o ABSOLUTE
    ../clib/signal.c                         0x00000000   Number         0  defsig_stak_inner.o ABSOLUTE
    ../clib/signal.c                         0x00000000   Number         0  defsig_pvfn_inner.o ABSOLUTE
    ../clib/signal.c                         0x00000000   Number         0  defsig_cppl_inner.o ABSOLUTE
    ../clib/signal.c                         0x00000000   Number         0  defsig_segv_inner.o ABSOLUTE
    ../clib/signal.c                         0x00000000   Number         0  defsig_other.o ABSOLUTE
    ../clib/signal.s                         0x00000000   Number         0  defsig.o ABSOLUTE
    ../clib/stdlib.c                         0x00000000   Number         0  exit.o ABSOLUTE
    ../fplib/basic.s                         0x00000000   Number         0  basic.o ABSOLUTE
    ../fplib/d2f.s                           0x00000000   Number         0  d2f.o ABSOLUTE
    ../fplib/daddsub.s                       0x00000000   Number         0  daddsub_clz.o ABSOLUTE
    ../fplib/dcmp.s                          0x00000000   Number         0  dcmp.o ABSOLUTE
    ../fplib/dcmpi.s                         0x00000000   Number         0  dcmpi.o ABSOLUTE
    ../fplib/ddiv.s                          0x00000000   Number         0  ddiv.o ABSOLUTE
    ../fplib/deqf.s                          0x00000000   Number         0  deqf.o ABSOLUTE
    ../fplib/dfix.s                          0x00000000   Number         0  dfix.o ABSOLUTE
    ../fplib/dflt.s                          0x00000000   Number         0  dflt_clz.o ABSOLUTE
    ../fplib/dgeqf.s                         0x00000000   Number         0  dgeqf.o ABSOLUTE
    ../fplib/dleqf.s                         0x00000000   Number         0  dleqf.o ABSOLUTE
    ../fplib/dmul.s                          0x00000000   Number         0  dmul.o ABSOLUTE
    ../fplib/dnaninf.s                       0x00000000   Number         0  dnaninf.o ABSOLUTE
    ../fplib/dretinf.s                       0x00000000   Number         0  dretinf.o ABSOLUTE
    ../fplib/dsqrt.s                         0x00000000   Number         0  dsqrt_umaal.o ABSOLUTE
    ../fplib/f2d.s                           0x00000000   Number         0  f2d.o ABSOLUTE
    ../fplib/ffixll.s                        0x00000000   Number         0  ffixll.o ABSOLUTE
    ../fplib/fnaninf.s                       0x00000000   Number         0  fnaninf.o ABSOLUTE
    ../fplib/fpinit.s                        0x00000000   Number         0  fpinit.o ABSOLUTE
    ../fplib/fretinf.s                       0x00000000   Number         0  fretinf.o ABSOLUTE
    ../fplib/istatus.s                       0x00000000   Number         0  istatus.o ABSOLUTE
    ../fplib/usenofp.s                       0x00000000   Number         0  usenofp.o ABSOLUTE
    ../mathlib/dunder.c                      0x00000000   Number         0  dunder.o ABSOLUTE
    ../mathlib/expf.c                        0x00000000   Number         0  expf.o ABSOLUTE
    ../mathlib/fpclassifyf.c                 0x00000000   Number         0  fpclassifyf.o ABSOLUTE
    ../mathlib/funder.c                      0x00000000   Number         0  funder.o ABSOLUTE
    ../mathlib/log.c                         0x00000000   Number         0  log.o ABSOLUTE
    ../mathlib/logf.c                        0x00000000   Number         0  logf.o ABSOLUTE
    ../mathlib/poly.c                        0x00000000   Number         0  poly.o ABSOLUTE
    ../mathlib/powf.c                        0x00000000   Number         0  powf.o ABSOLUTE
    ../mathlib/qnan.c                        0x00000000   Number         0  qnan.o ABSOLUTE
    ../mathlib/sqrt.c                        0x00000000   Number         0  sqrt.o ABSOLUTE
    ../mathlib/sqrtf.c                       0x00000000   Number         0  sqrtf.o ABSOLUTE
    ../mathlib/tanhf.c                       0x00000000   Number         0  tanhf.o ABSOLUTE
    BasicMathFunctions.c                     0x00000000   Number         0  basicmathfunctions.o ABSOLUTE
    BasicMathFunctionsF16.c                  0x00000000   Number         0  basicmathfunctionsf16.o ABSOLUTE
    BayesFunctions.c                         0x00000000   Number         0  bayesfunctions.o ABSOLUTE
    BayesFunctionsF16.c                      0x00000000   Number         0  bayesfunctionsf16.o ABSOLUTE
    CommonTables.c                           0x00000000   Number         0  commontables.o ABSOLUTE
    CommonTablesF16.c                        0x00000000   Number         0  commontablesf16.o ABSOLUTE
    ComplexMathFunctions.c                   0x00000000   Number         0  complexmathfunctions.o ABSOLUTE
    ComplexMathFunctionsF16.c                0x00000000   Number         0  complexmathfunctionsf16.o ABSOLUTE
    ControllerFunctions.c                    0x00000000   Number         0  controllerfunctions.o ABSOLUTE
    DistanceFunctions.c                      0x00000000   Number         0  distancefunctions.o ABSOLUTE
    DistanceFunctionsF16.c                   0x00000000   Number         0  distancefunctionsf16.o ABSOLUTE
    FastMathFunctions.c                      0x00000000   Number         0  fastmathfunctions.o ABSOLUTE
    FastMathFunctionsF16.c                   0x00000000   Number         0  fastmathfunctionsf16.o ABSOLUTE
    FilteringFunctions.c                     0x00000000   Number         0  filteringfunctions.o ABSOLUTE
    FilteringFunctionsF16.c                  0x00000000   Number         0  filteringfunctionsf16.o ABSOLUTE
    InterpolationFunctions.c                 0x00000000   Number         0  interpolationfunctions.o ABSOLUTE
    InterpolationFunctionsF16.c              0x00000000   Number         0  interpolationfunctionsf16.o ABSOLUTE
    MatrixFunctions.c                        0x00000000   Number         0  matrixfunctions.o ABSOLUTE
    MatrixFunctionsF16.c                     0x00000000   Number         0  matrixfunctionsf16.o ABSOLUTE
    QuaternionMathFunctions.c                0x00000000   Number         0  quaternionmathfunctions.o ABSOLUTE
    RTE/Device/TM4C123GH6PM/startup_TM4C123.s 0x00000000   Number         0  startup_tm4c123.o ABSOLUTE
    SVMFunctions.c                           0x00000000   Number         0  svmfunctions.o ABSOLUTE
    SVMFunctionsF16.c                        0x00000000   Number         0  svmfunctionsf16.o ABSOLUTE
    StatisticsFunctions.c                    0x00000000   Number         0  statisticsfunctions.o ABSOLUTE
    StatisticsFunctionsF16.c                 0x00000000   Number         0  statisticsfunctionsf16.o ABSOLUTE
    SupportFunctions.c                       0x00000000   Number         0  supportfunctions.o ABSOLUTE
    SupportFunctionsF16.c                    0x00000000   Number         0  supportfunctionsf16.o ABSOLUTE
    TransformFunctions.c                     0x00000000   Number         0  transformfunctions.o ABSOLUTE
    TransformFunctionsF16.c                  0x00000000   Number         0  transformfunctionsf16.o ABSOLUTE
    aa.c                                     0x00000000   Number         0  aa.o ABSOLUTE
    arm_avgpool_s8.c                         0x00000000   Number         0  arm_avgpool_s8.o ABSOLUTE
    arm_concatenation_s8_w.c                 0x00000000   Number         0  arm_concatenation_s8_w.o ABSOLUTE
    arm_concatenation_s8_x.c                 0x00000000   Number         0  arm_concatenation_s8_x.o ABSOLUTE
    arm_concatenation_s8_y.c                 0x00000000   Number         0  arm_concatenation_s8_y.o ABSOLUTE
    arm_concatenation_s8_z.c                 0x00000000   Number         0  arm_concatenation_s8_z.o ABSOLUTE
    arm_convolve_1_x_n_s8.c                  0x00000000   Number         0  arm_convolve_1_x_n_s8.o ABSOLUTE
    arm_convolve_1x1_HWC_q7_fast_nonsquare.c 0x00000000   Number         0  arm_convolve_1x1_hwc_q7_fast_nonsquare.o ABSOLUTE
    arm_convolve_1x1_s8_fast.c               0x00000000   Number         0  arm_convolve_1x1_s8_fast.o ABSOLUTE
    arm_convolve_HWC_q15_basic.c             0x00000000   Number         0  arm_convolve_hwc_q15_basic.o ABSOLUTE
    arm_convolve_HWC_q15_fast.c              0x00000000   Number         0  arm_convolve_hwc_q15_fast.o ABSOLUTE
    arm_convolve_HWC_q15_fast_nonsquare.c    0x00000000   Number         0  arm_convolve_hwc_q15_fast_nonsquare.o ABSOLUTE
    arm_convolve_HWC_q7_RGB.c                0x00000000   Number         0  arm_convolve_hwc_q7_rgb.o ABSOLUTE
    arm_convolve_HWC_q7_basic.c              0x00000000   Number         0  arm_convolve_hwc_q7_basic.o ABSOLUTE
    arm_convolve_HWC_q7_basic_nonsquare.c    0x00000000   Number         0  arm_convolve_hwc_q7_basic_nonsquare.o ABSOLUTE
    arm_convolve_HWC_q7_fast.c               0x00000000   Number         0  arm_convolve_hwc_q7_fast.o ABSOLUTE
    arm_convolve_HWC_q7_fast_nonsquare.c     0x00000000   Number         0  arm_convolve_hwc_q7_fast_nonsquare.o ABSOLUTE
    arm_convolve_s8.c                        0x00000000   Number         0  arm_convolve_s8.o ABSOLUTE
    arm_convolve_wrapper_s8.c                0x00000000   Number         0  arm_convolve_wrapper_s8.o ABSOLUTE
    arm_depthwise_conv_3x3_s8.c              0x00000000   Number         0  arm_depthwise_conv_3x3_s8.o ABSOLUTE
    arm_depthwise_conv_s8.c                  0x00000000   Number         0  arm_depthwise_conv_s8.o ABSOLUTE
    arm_depthwise_conv_s8_opt.c              0x00000000   Number         0  arm_depthwise_conv_s8_opt.o ABSOLUTE
    arm_depthwise_conv_u8_basic_ver1.c       0x00000000   Number         0  arm_depthwise_conv_u8_basic_ver1.o ABSOLUTE
    arm_depthwise_conv_wrapper_s8.c          0x00000000   Number         0  arm_depthwise_conv_wrapper_s8.o ABSOLUTE
    arm_depthwise_separable_conv_HWC_q7.c    0x00000000   Number         0  arm_depthwise_separable_conv_hwc_q7.o ABSOLUTE
    arm_depthwise_separable_conv_HWC_q7_nonsquare.c 0x00000000   Number         0  arm_depthwise_separable_conv_hwc_q7_nonsquare.o ABSOLUTE
    arm_elementwise_add_s8.c                 0x00000000   Number         0  arm_elementwise_add_s8.o ABSOLUTE
    arm_elementwise_mul_s8.c                 0x00000000   Number         0  arm_elementwise_mul_s8.o ABSOLUTE
    arm_fully_connected_mat_q7_vec_q15.c     0x00000000   Number         0  arm_fully_connected_mat_q7_vec_q15.o ABSOLUTE
    arm_fully_connected_mat_q7_vec_q15_opt.c 0x00000000   Number         0  arm_fully_connected_mat_q7_vec_q15_opt.o ABSOLUTE
    arm_fully_connected_q15.c                0x00000000   Number         0  arm_fully_connected_q15.o ABSOLUTE
    arm_fully_connected_q15_opt.c            0x00000000   Number         0  arm_fully_connected_q15_opt.o ABSOLUTE
    arm_fully_connected_q7.c                 0x00000000   Number         0  arm_fully_connected_q7.o ABSOLUTE
    arm_fully_connected_q7_opt.c             0x00000000   Number         0  arm_fully_connected_q7_opt.o ABSOLUTE
    arm_fully_connected_s8.c                 0x00000000   Number         0  arm_fully_connected_s8.o ABSOLUTE
    arm_max_pool_s8.c                        0x00000000   Number         0  arm_max_pool_s8.o ABSOLUTE
    arm_nn_accumulate_q7_to_q15.c            0x00000000   Number         0  arm_nn_accumulate_q7_to_q15.o ABSOLUTE
    arm_nn_activations_q15.c                 0x00000000   Number         0  arm_nn_activations_q15.o ABSOLUTE
    arm_nn_activations_q7.c                  0x00000000   Number         0  arm_nn_activations_q7.o ABSOLUTE
    arm_nn_add_q7.c                          0x00000000   Number         0  arm_nn_add_q7.o ABSOLUTE
    arm_nn_depthwise_conv_nt_t_padded_s8.c   0x00000000   Number         0  arm_nn_depthwise_conv_nt_t_padded_s8.o ABSOLUTE
    arm_nn_depthwise_conv_nt_t_s8.c          0x00000000   Number         0  arm_nn_depthwise_conv_nt_t_s8.o ABSOLUTE
    arm_nn_depthwise_conv_s8_core.c          0x00000000   Number         0  arm_nn_depthwise_conv_s8_core.o ABSOLUTE
    arm_nn_mat_mul_core_1x_s8.c              0x00000000   Number         0  arm_nn_mat_mul_core_1x_s8.o ABSOLUTE
    arm_nn_mat_mul_core_4x_s8.c              0x00000000   Number         0  arm_nn_mat_mul_core_4x_s8.o ABSOLUTE
    arm_nn_mat_mult_kernel_q7_q15.c          0x00000000   Number         0  arm_nn_mat_mult_kernel_q7_q15.o ABSOLUTE
    arm_nn_mat_mult_kernel_q7_q15_reordered.c 0x00000000   Number         0  arm_nn_mat_mult_kernel_q7_q15_reordered.o ABSOLUTE
    arm_nn_mat_mult_kernel_s8_s16.c          0x00000000   Number         0  arm_nn_mat_mult_kernel_s8_s16.o ABSOLUTE
    arm_nn_mat_mult_kernel_s8_s16_reordered.c 0x00000000   Number         0  arm_nn_mat_mult_kernel_s8_s16_reordered.o ABSOLUTE
    arm_nn_mat_mult_nt_t_s8.c                0x00000000   Number         0  arm_nn_mat_mult_nt_t_s8.o ABSOLUTE
    arm_nn_mat_mult_s8.c                     0x00000000   Number         0  arm_nn_mat_mult_s8.o ABSOLUTE
    arm_nn_mult_q15.c                        0x00000000   Number         0  arm_nn_mult_q15.o ABSOLUTE
    arm_nn_mult_q7.c                         0x00000000   Number         0  arm_nn_mult_q7.o ABSOLUTE
    arm_nn_vec_mat_mult_t_s8.c               0x00000000   Number         0  arm_nn_vec_mat_mult_t_s8.o ABSOLUTE
    arm_nn_vec_mat_mult_t_svdf_s8.c          0x00000000   Number         0  arm_nn_vec_mat_mult_t_svdf_s8.o ABSOLUTE
    arm_nntables.c                           0x00000000   Number         0  arm_nntables.o ABSOLUTE
    arm_pool_q7_HWC.c                        0x00000000   Number         0  arm_pool_q7_hwc.o ABSOLUTE
    arm_q7_to_q15_no_shift.c                 0x00000000   Number         0  arm_q7_to_q15_no_shift.o ABSOLUTE
    arm_q7_to_q15_reordered_no_shift.c       0x00000000   Number         0  arm_q7_to_q15_reordered_no_shift.o ABSOLUTE
    arm_q7_to_q15_reordered_with_offset.c    0x00000000   Number         0  arm_q7_to_q15_reordered_with_offset.o ABSOLUTE
    arm_q7_to_q15_with_offset.c              0x00000000   Number         0  arm_q7_to_q15_with_offset.o ABSOLUTE
    arm_relu6_s8.c                           0x00000000   Number         0  arm_relu6_s8.o ABSOLUTE
    arm_relu_q15.c                           0x00000000   Number         0  arm_relu_q15.o ABSOLUTE
    arm_relu_q7.c                            0x00000000   Number         0  arm_relu_q7.o ABSOLUTE
    arm_reshape_s8.c                         0x00000000   Number         0  arm_reshape_s8.o ABSOLUTE
    arm_softmax_q15.c                        0x00000000   Number         0  arm_softmax_q15.o ABSOLUTE
    arm_softmax_q7.c                         0x00000000   Number         0  arm_softmax_q7.o ABSOLUTE
    arm_softmax_s8.c                         0x00000000   Number         0  arm_softmax_s8.o ABSOLUTE
    arm_softmax_u8.c                         0x00000000   Number         0  arm_softmax_u8.o ABSOLUTE
    arm_softmax_with_batch_q7.c              0x00000000   Number         0  arm_softmax_with_batch_q7.o ABSOLUTE
    arm_svdf_s8.c                            0x00000000   Number         0  arm_svdf_s8.o ABSOLUTE
    dc.s                                     0x00000000   Number         0  dc.o ABSOLUTE
    system_TM4C123.c                         0x00000000   Number         0  system_tm4c123.o ABSOLUTE
    RESET                                    0x00000000   Section      620  startup_tm4c123.o(RESET)
    !!!main                                  0x0000026c   Section        8  __main.o(!!!main)
    !!!scatter                               0x00000274   Section       52  __scatter.o(!!!scatter)
    !!handler_zi                             0x000002a8   Section       28  __scatter_zi.o(!!handler_zi)
    .ARM.Collect$$libinit$$00000000          0x000002c4   Section        2  libinit.o(.ARM.Collect$$libinit$$00000000)
    .ARM.Collect$$libinit$$00000001          0x000002c6   Section        4  libinit2.o(.ARM.Collect$$libinit$$00000001)
    .ARM.Collect$$libinit$$00000004          0x000002ca   Section        0  libinit2.o(.ARM.Collect$$libinit$$00000004)
    .ARM.Collect$$libinit$$0000000A          0x000002ca   Section        0  libinit2.o(.ARM.Collect$$libinit$$0000000A)
    .ARM.Collect$$libinit$$0000000C          0x000002ca   Section        0  libinit2.o(.ARM.Collect$$libinit$$0000000C)
    .ARM.Collect$$libinit$$0000000E          0x000002ca   Section        0  libinit2.o(.ARM.Collect$$libinit$$0000000E)
    .ARM.Collect$$libinit$$00000011          0x000002ca   Section        0  libinit2.o(.ARM.Collect$$libinit$$00000011)
    .ARM.Collect$$libinit$$00000013          0x000002ca   Section        0  libinit2.o(.ARM.Collect$$libinit$$00000013)
    .ARM.Collect$$libinit$$00000015          0x000002ca   Section        0  libinit2.o(.ARM.Collect$$libinit$$00000015)
    .ARM.Collect$$libinit$$00000017          0x000002ca   Section        0  libinit2.o(.ARM.Collect$$libinit$$00000017)
    .ARM.Collect$$libinit$$00000019          0x000002ca   Section        0  libinit2.o(.ARM.Collect$$libinit$$00000019)
    .ARM.Collect$$libinit$$0000001B          0x000002ca   Section        0  libinit2.o(.ARM.Collect$$libinit$$0000001B)
    .ARM.Collect$$libinit$$0000001D          0x000002ca   Section        0  libinit2.o(.ARM.Collect$$libinit$$0000001D)
    .ARM.Collect$$libinit$$0000001F          0x000002ca   Section        0  libinit2.o(.ARM.Collect$$libinit$$0000001F)
    .ARM.Collect$$libinit$$00000021          0x000002ca   Section        0  libinit2.o(.ARM.Collect$$libinit$$00000021)
    .ARM.Collect$$libinit$$00000023          0x000002ca   Section        0  libinit2.o(.ARM.Collect$$libinit$$00000023)
    .ARM.Collect$$libinit$$00000025          0x000002ca   Section        0  libinit2.o(.ARM.Collect$$libinit$$00000025)
    .ARM.Collect$$libinit$$0000002C          0x000002ca   Section        0  libinit2.o(.ARM.Collect$$libinit$$0000002C)
    .ARM.Collect$$libinit$$0000002E          0x000002ca   Section        0  libinit2.o(.ARM.Collect$$libinit$$0000002E)
    .ARM.Collect$$libinit$$00000030          0x000002ca   Section        0  libinit2.o(.ARM.Collect$$libinit$$00000030)
    .ARM.Collect$$libinit$$00000032          0x000002ca   Section        0  libinit2.o(.ARM.Collect$$libinit$$00000032)
    .ARM.Collect$$libinit$$00000033          0x000002ca   Section        2  libinit2.o(.ARM.Collect$$libinit$$00000033)
    .ARM.Collect$$libshutdown$$00000000      0x000002cc   Section        2  libshutdown.o(.ARM.Collect$$libshutdown$$00000000)
    .ARM.Collect$$libshutdown$$00000002      0x000002ce   Section        0  libshutdown2.o(.ARM.Collect$$libshutdown$$00000002)
    .ARM.Collect$$libshutdown$$00000004      0x000002ce   Section        0  libshutdown2.o(.ARM.Collect$$libshutdown$$00000004)
    .ARM.Collect$$libshutdown$$00000007      0x000002ce   Section        0  libshutdown2.o(.ARM.Collect$$libshutdown$$00000007)
    .ARM.Collect$$libshutdown$$0000000A      0x000002ce   Section        0  libshutdown2.o(.ARM.Collect$$libshutdown$$0000000A)
    .ARM.Collect$$libshutdown$$0000000C      0x000002ce   Section        0  libshutdown2.o(.ARM.Collect$$libshutdown$$0000000C)
    .ARM.Collect$$libshutdown$$0000000F      0x000002ce   Section        0  libshutdown2.o(.ARM.Collect$$libshutdown$$0000000F)
    .ARM.Collect$$libshutdown$$00000010      0x000002ce   Section        2  libshutdown2.o(.ARM.Collect$$libshutdown$$00000010)
    .ARM.Collect$$rtentry$$00000000          0x000002d0   Section        0  __rtentry.o(.ARM.Collect$$rtentry$$00000000)
    .ARM.Collect$$rtentry$$00000002          0x000002d0   Section        0  __rtentry2.o(.ARM.Collect$$rtentry$$00000002)
    .ARM.Collect$$rtentry$$00000004          0x000002d0   Section        6  __rtentry4.o(.ARM.Collect$$rtentry$$00000004)
    .ARM.Collect$$rtentry$$00000009          0x000002d6   Section        0  __rtentry2.o(.ARM.Collect$$rtentry$$00000009)
    .ARM.Collect$$rtentry$$0000000A          0x000002d6   Section        4  __rtentry2.o(.ARM.Collect$$rtentry$$0000000A)
    .ARM.Collect$$rtentry$$0000000C          0x000002da   Section        0  __rtentry2.o(.ARM.Collect$$rtentry$$0000000C)
    .ARM.Collect$$rtentry$$0000000D          0x000002da   Section        8  __rtentry2.o(.ARM.Collect$$rtentry$$0000000D)
    .ARM.Collect$$rtexit$$00000000           0x000002e2   Section        2  rtexit.o(.ARM.Collect$$rtexit$$00000000)
    .ARM.Collect$$rtexit$$00000002           0x000002e4   Section        0  rtexit2.o(.ARM.Collect$$rtexit$$00000002)
    .ARM.Collect$$rtexit$$00000003           0x000002e4   Section        4  rtexit2.o(.ARM.Collect$$rtexit$$00000003)
    .ARM.Collect$$rtexit$$00000004           0x000002e8   Section        6  rtexit2.o(.ARM.Collect$$rtexit$$00000004)
    $v0                                      0x000002f0   Number         0  startup_tm4c123.o(.text)
    .text                                    0x000002f0   Section      276  startup_tm4c123.o(.text)
    .text                                    0x00000404   Section        0  heapauxi.o(.text)
    .text                                    0x0000040c   Section        8  libspace.o(.text)
    .text                                    0x00000414   Section       74  sys_stackheap_outer.o(.text)
    .text                                    0x0000045e   Section        0  exit.o(.text)
    .text                                    0x00000470   Section        0  sys_exit.o(.text)
    .text                                    0x0000047c   Section        2  use_no_semi.o(.text)
    .text                                    0x0000047e   Section        0  indicate_semi.o(.text)
    [Anonymous Symbol]                       0x00000480   Section        0  aa.o(.text.Delay)
    [Anonymous Symbol]                       0x000004a4   Section        0  system_tm4c123.o(.text.SystemInit)
    [Anonymous Symbol]                       0x00000514   Section        0  aa.o(.text.main)
    $v0                                      0x000005ae   Number         0  fpinit.o(x$fpl$fpinit)
    x$fpl$fpinit                             0x000005ae   Section       26  fpinit.o(x$fpl$fpinit)
    .bss                                     0x20000000   Section       96  libspace.o(.bss)
    i                                        0x20000060   Data           4  aa.o(.bss.i)
    [Anonymous Symbol]                       0x20000060   Section        0  aa.o(.bss.i)
    Heap_Mem                                 0x20000068   Data           0  startup_tm4c123.o(HEAP)
    Stack_Mem                                0x20000068   Data         512  startup_tm4c123.o(STACK)
    HEAP                                     0x20000068   Section        0  startup_tm4c123.o(HEAP)
    STACK                                    0x20000068   Section      512  startup_tm4c123.o(STACK)
    __initial_sp                             0x20000268   Data           0  startup_tm4c123.o(STACK)

    Global Symbols

    Symbol Name                              Value     Ov Type        Size  Object(Section)

    BuildAttributes$$THM_ISAv4$E$P$D$K$B$S$7EM$VFPi3$EXTD16$VFPS$VFMA$PE$A:L22UL41UL21$X:L11$S22US41US21$IEEE1$IW$~IW$USESV6$~STKCKD$USESV7$~SHL$OTIME$ROPI$IEEEX$EBA8$UX$STANDARDLIB$REQ8$PRES8$EABIv2 0x00000000   Number         0  anon$$obj.o ABSOLUTE
    __Vectors                                0x00000000   Data           4  startup_tm4c123.o(RESET)
    __ARM_exceptions_init                     - Undefined Weak Reference
    __alloca_initialize                       - Undefined Weak Reference
    __arm_preinit_                            - Undefined Weak Reference
    __cpp_initialize__aeabi_                  - Undefined Weak Reference
    __cxa_finalize                            - Undefined Weak Reference
    __rt_locale                               - Undefined Weak Reference
    __sigvec_lookup                           - Undefined Weak Reference
    _atexit_init                              - Undefined Weak Reference
    _call_atexit_fns                          - Undefined Weak Reference
    _clock_init                               - Undefined Weak Reference
    _fp_trap_init                             - Undefined Weak Reference
    _fp_trap_shutdown                         - Undefined Weak Reference
    _get_lc_collate                           - Undefined Weak Reference
    _get_lc_ctype                             - Undefined Weak Reference
    _get_lc_monetary                          - Undefined Weak Reference
    _get_lc_numeric                           - Undefined Weak Reference
    _get_lc_time                              - Undefined Weak Reference
    _getenv_init                              - Undefined Weak Reference
    _handle_redirection                       - Undefined Weak Reference
    _init_alloc                               - Undefined Weak Reference
    _init_user_alloc                          - Undefined Weak Reference
    _initio                                   - Undefined Weak Reference
    _rand_init                                - Undefined Weak Reference
    _signal_finish                            - Undefined Weak Reference
    _signal_init                              - Undefined Weak Reference
    _terminate_alloc                          - Undefined Weak Reference
    _terminate_user_alloc                     - Undefined Weak Reference
    _terminateio                              - Undefined Weak Reference
    __Vectors_End                            0x0000026c   Data           0  startup_tm4c123.o(RESET)
    __Vectors_Size                           0x0000026c   Number         0  startup_tm4c123.o ABSOLUTE
    __main                                   0x0000026d   Thumb Code     8  __main.o(!!!main)
    __scatterload                            0x00000275   Thumb Code     0  __scatter.o(!!!scatter)
    __scatterload_rt2                        0x00000275   Thumb Code    44  __scatter.o(!!!scatter)
    __scatterload_rt2_thumb_only             0x00000275   Thumb Code     0  __scatter.o(!!!scatter)
    __scatterload_null                       0x00000283   Thumb Code     0  __scatter.o(!!!scatter)
    __scatterload_zeroinit                   0x000002a9   Thumb Code    28  __scatter_zi.o(!!handler_zi)
    __rt_lib_init                            0x000002c5   Thumb Code     0  libinit.o(.ARM.Collect$$libinit$$00000000)
    __rt_lib_init_fp_1                       0x000002c7   Thumb Code     0  libinit2.o(.ARM.Collect$$libinit$$00000001)
    __rt_lib_init_alloca_1                   0x000002cb   Thumb Code     0  libinit2.o(.ARM.Collect$$libinit$$0000002E)
    __rt_lib_init_argv_1                     0x000002cb   Thumb Code     0  libinit2.o(.ARM.Collect$$libinit$$0000002C)
    __rt_lib_init_atexit_1                   0x000002cb   Thumb Code     0  libinit2.o(.ARM.Collect$$libinit$$0000001B)
    __rt_lib_init_clock_1                    0x000002cb   Thumb Code     0  libinit2.o(.ARM.Collect$$libinit$$00000021)
    __rt_lib_init_cpp_1                      0x000002cb   Thumb Code     0  libinit2.o(.ARM.Collect$$libinit$$00000032)
    __rt_lib_init_exceptions_1               0x000002cb   Thumb Code     0  libinit2.o(.ARM.Collect$$libinit$$00000030)
    __rt_lib_init_fp_trap_1                  0x000002cb   Thumb Code     0  libinit2.o(.ARM.Collect$$libinit$$0000001F)
    __rt_lib_init_getenv_1                   0x000002cb   Thumb Code     0  libinit2.o(.ARM.Collect$$libinit$$00000023)
    __rt_lib_init_heap_1                     0x000002cb   Thumb Code     0  libinit2.o(.ARM.Collect$$libinit$$0000000A)
    __rt_lib_init_lc_collate_1               0x000002cb   Thumb Code     0  libinit2.o(.ARM.Collect$$libinit$$00000011)
    __rt_lib_init_lc_ctype_1                 0x000002cb   Thumb Code     0  libinit2.o(.ARM.Collect$$libinit$$00000013)
    __rt_lib_init_lc_monetary_1              0x000002cb   Thumb Code     0  libinit2.o(.ARM.Collect$$libinit$$00000015)
    __rt_lib_init_lc_numeric_1               0x000002cb   Thumb Code     0  libinit2.o(.ARM.Collect$$libinit$$00000017)
    __rt_lib_init_lc_time_1                  0x000002cb   Thumb Code     0  libinit2.o(.ARM.Collect$$libinit$$00000019)
    __rt_lib_init_preinit_1                  0x000002cb   Thumb Code     0  libinit2.o(.ARM.Collect$$libinit$$00000004)
    __rt_lib_init_rand_1                     0x000002cb   Thumb Code     0  libinit2.o(.ARM.Collect$$libinit$$0000000E)
    __rt_lib_init_return                     0x000002cb   Thumb Code     0  libinit2.o(.ARM.Collect$$libinit$$00000033)
    __rt_lib_init_signal_1                   0x000002cb   Thumb Code     0  libinit2.o(.ARM.Collect$$libinit$$0000001D)
    __rt_lib_init_stdio_1                    0x000002cb   Thumb Code     0  libinit2.o(.ARM.Collect$$libinit$$00000025)
    __rt_lib_init_user_alloc_1               0x000002cb   Thumb Code     0  libinit2.o(.ARM.Collect$$libinit$$0000000C)
    __rt_lib_shutdown                        0x000002cd   Thumb Code     0  libshutdown.o(.ARM.Collect$$libshutdown$$00000000)
    __rt_lib_shutdown_cpp_1                  0x000002cf   Thumb Code     0  libshutdown2.o(.ARM.Collect$$libshutdown$$00000002)
    __rt_lib_shutdown_fp_trap_1              0x000002cf   Thumb Code     0  libshutdown2.o(.ARM.Collect$$libshutdown$$00000007)
    __rt_lib_shutdown_heap_1                 0x000002cf   Thumb Code     0  libshutdown2.o(.ARM.Collect$$libshutdown$$0000000F)
    __rt_lib_shutdown_return                 0x000002cf   Thumb Code     0  libshutdown2.o(.ARM.Collect$$libshutdown$$00000010)
    __rt_lib_shutdown_signal_1               0x000002cf   Thumb Code     0  libshutdown2.o(.ARM.Collect$$libshutdown$$0000000A)
    __rt_lib_shutdown_stdio_1                0x000002cf   Thumb Code     0  libshutdown2.o(.ARM.Collect$$libshutdown$$00000004)
    __rt_lib_shutdown_user_alloc_1           0x000002cf   Thumb Code     0  libshutdown2.o(.ARM.Collect$$libshutdown$$0000000C)
    __rt_entry                               0x000002d1   Thumb Code     0  __rtentry.o(.ARM.Collect$$rtentry$$00000000)
    __rt_entry_presh_1                       0x000002d1   Thumb Code     0  __rtentry2.o(.ARM.Collect$$rtentry$$00000002)
    __rt_entry_sh                            0x000002d1   Thumb Code     0  __rtentry4.o(.ARM.Collect$$rtentry$$00000004)
    __rt_entry_li                            0x000002d7   Thumb Code     0  __rtentry2.o(.ARM.Collect$$rtentry$$0000000A)
    __rt_entry_postsh_1                      0x000002d7   Thumb Code     0  __rtentry2.o(.ARM.Collect$$rtentry$$00000009)
    __rt_entry_main                          0x000002db   Thumb Code     0  __rtentry2.o(.ARM.Collect$$rtentry$$0000000D)
    __rt_entry_postli_1                      0x000002db   Thumb Code     0  __rtentry2.o(.ARM.Collect$$rtentry$$0000000C)
    __rt_exit                                0x000002e3   Thumb Code     0  rtexit.o(.ARM.Collect$$rtexit$$00000000)
    __rt_exit_ls                             0x000002e5   Thumb Code     0  rtexit2.o(.ARM.Collect$$rtexit$$00000003)
    __rt_exit_prels_1                        0x000002e5   Thumb Code     0  rtexit2.o(.ARM.Collect$$rtexit$$00000002)
    __rt_exit_exit                           0x000002e9   Thumb Code     0  rtexit2.o(.ARM.Collect$$rtexit$$00000004)
    Reset_Handler                            0x000002f1   Thumb Code     8  startup_tm4c123.o(.text)
    NMI_Handler                              0x000002f9   Thumb Code     2  startup_tm4c123.o(.text)
    HardFault_Handler                        0x000002fb   Thumb Code     2  startup_tm4c123.o(.text)
    MemManage_Handler                        0x000002fd   Thumb Code     2  startup_tm4c123.o(.text)
    BusFault_Handler                         0x000002ff   Thumb Code     2  startup_tm4c123.o(.text)
    UsageFault_Handler                       0x00000301   Thumb Code     2  startup_tm4c123.o(.text)
    SVC_Handler                              0x00000303   Thumb Code     2  startup_tm4c123.o(.text)
    DebugMon_Handler                         0x00000305   Thumb Code     2  startup_tm4c123.o(.text)
    PendSV_Handler                           0x00000307   Thumb Code     2  startup_tm4c123.o(.text)
    SysTick_Handler                          0x00000309   Thumb Code     2  startup_tm4c123.o(.text)
    GPIOA_Handler                            0x0000030b   Thumb Code     2  startup_tm4c123.o(.text)
    GPIOB_Handler                            0x0000030d   Thumb Code     2  startup_tm4c123.o(.text)
    GPIOC_Handler                            0x0000030f   Thumb Code     2  startup_tm4c123.o(.text)
    GPIOD_Handler                            0x00000311   Thumb Code     2  startup_tm4c123.o(.text)
    GPIOE_Handler                            0x00000313   Thumb Code     2  startup_tm4c123.o(.text)
    UART0_Handler                            0x00000315   Thumb Code     2  startup_tm4c123.o(.text)
    UART1_Handler                            0x00000317   Thumb Code     2  startup_tm4c123.o(.text)
    SSI0_Handler                             0x00000319   Thumb Code     2  startup_tm4c123.o(.text)
    I2C0_Handler                             0x0000031b   Thumb Code     2  startup_tm4c123.o(.text)
    PMW0_FAULT_Handler                       0x0000031d   Thumb Code     2  startup_tm4c123.o(.text)
    PWM0_0_Handler                           0x0000031f   Thumb Code     2  startup_tm4c123.o(.text)
    PWM0_1_Handler                           0x00000321   Thumb Code     2  startup_tm4c123.o(.text)
    PWM0_2_Handler                           0x00000323   Thumb Code     2  startup_tm4c123.o(.text)
    QEI0_Handler                             0x00000325   Thumb Code     2  startup_tm4c123.o(.text)
    ADC0SS0_Handler                          0x00000327   Thumb Code     2  startup_tm4c123.o(.text)
    ADC0SS1_Handler                          0x00000329   Thumb Code     2  startup_tm4c123.o(.text)
    ADC0SS2_Handler                          0x0000032b   Thumb Code     2  startup_tm4c123.o(.text)
    ADC0SS3_Handler                          0x0000032d   Thumb Code     2  startup_tm4c123.o(.text)
    WDT0_Handler                             0x0000032f   Thumb Code     2  startup_tm4c123.o(.text)
    TIMER0A_Handler                          0x00000331   Thumb Code     2  startup_tm4c123.o(.text)
    TIMER0B_Handler                          0x00000333   Thumb Code     2  startup_tm4c123.o(.text)
    TIMER1A_Handler                          0x00000335   Thumb Code     2  startup_tm4c123.o(.text)
    TIMER1B_Handler                          0x00000337   Thumb Code     2  startup_tm4c123.o(.text)
    TIMER2A_Handler                          0x00000339   Thumb Code     2  startup_tm4c123.o(.text)
    TIMER2B_Handler                          0x0000033b   Thumb Code     2  startup_tm4c123.o(.text)
    COMP0_Handler                            0x0000033d   Thumb Code     2  startup_tm4c123.o(.text)
    COMP1_Handler                            0x0000033f   Thumb Code     2  startup_tm4c123.o(.text)
    COMP2_Handler                            0x00000341   Thumb Code     2  startup_tm4c123.o(.text)
    SYSCTL_Handler                           0x00000343   Thumb Code     2  startup_tm4c123.o(.text)
    FLASH_Handler                            0x00000345   Thumb Code     2  startup_tm4c123.o(.text)
    GPIOF_Handler                            0x00000347   Thumb Code     2  startup_tm4c123.o(.text)
    GPIOG_Handler                            0x00000349   Thumb Code     2  startup_tm4c123.o(.text)
    GPIOH_Handler                            0x0000034b   Thumb Code     2  startup_tm4c123.o(.text)
    UART2_Handler                            0x0000034d   Thumb Code     2  startup_tm4c123.o(.text)
    SSI1_Handler                             0x0000034f   Thumb Code     2  startup_tm4c123.o(.text)
    TIMER3A_Handler                          0x00000351   Thumb Code     2  startup_tm4c123.o(.text)
    TIMER3B_Handler                          0x00000353   Thumb Code     2  startup_tm4c123.o(.text)
    I2C1_Handler                             0x00000355   Thumb Code     2  startup_tm4c123.o(.text)
    QEI1_Handler                             0x00000357   Thumb Code     2  startup_tm4c123.o(.text)
    CAN0_Handler                             0x00000359   Thumb Code     2  startup_tm4c123.o(.text)
    CAN1_Handler                             0x0000035b   Thumb Code     2  startup_tm4c123.o(.text)
    CAN2_Handler                             0x0000035d   Thumb Code     2  startup_tm4c123.o(.text)
    HIB_Handler                              0x0000035f   Thumb Code     2  startup_tm4c123.o(.text)
    USB0_Handler                             0x00000361   Thumb Code     2  startup_tm4c123.o(.text)
    PWM0_3_Handler                           0x00000363   Thumb Code     2  startup_tm4c123.o(.text)
    UDMA_Handler                             0x00000365   Thumb Code     2  startup_tm4c123.o(.text)
    UDMAERR_Handler                          0x00000367   Thumb Code     2  startup_tm4c123.o(.text)
    ADC1SS0_Handler                          0x00000369   Thumb Code     2  startup_tm4c123.o(.text)
    ADC1SS1_Handler                          0x0000036b   Thumb Code     2  startup_tm4c123.o(.text)
    ADC1SS2_Handler                          0x0000036d   Thumb Code     2  startup_tm4c123.o(.text)
    ADC1SS3_Handler                          0x0000036f   Thumb Code     2  startup_tm4c123.o(.text)
    GPIOJ_Handler                            0x00000371   Thumb Code     2  startup_tm4c123.o(.text)
    GPIOK_Handler                            0x00000373   Thumb Code     2  startup_tm4c123.o(.text)
    GPIOL_Handler                            0x00000375   Thumb Code     2  startup_tm4c123.o(.text)
    SSI2_Handler                             0x00000377   Thumb Code     2  startup_tm4c123.o(.text)
    SSI3_Handler                             0x00000379   Thumb Code     2  startup_tm4c123.o(.text)
    UART3_Handler                            0x0000037b   Thumb Code     2  startup_tm4c123.o(.text)
    UART4_Handler                            0x0000037d   Thumb Code     2  startup_tm4c123.o(.text)
    UART5_Handler                            0x0000037f   Thumb Code     2  startup_tm4c123.o(.text)
    UART6_Handler                            0x00000381   Thumb Code     2  startup_tm4c123.o(.text)
    UART7_Handler                            0x00000383   Thumb Code     2  startup_tm4c123.o(.text)
    I2C2_Handler                             0x00000385   Thumb Code     2  startup_tm4c123.o(.text)
    I2C3_Handler                             0x00000387   Thumb Code     2  startup_tm4c123.o(.text)
    TIMER4A_Handler                          0x00000389   Thumb Code     2  startup_tm4c123.o(.text)
    TIMER4B_Handler                          0x0000038b   Thumb Code     2  startup_tm4c123.o(.text)
    TIMER5A_Handler                          0x0000038d   Thumb Code     2  startup_tm4c123.o(.text)
    TIMER5B_Handler                          0x0000038f   Thumb Code     2  startup_tm4c123.o(.text)
    WTIMER0A_Handler                         0x00000391   Thumb Code     2  startup_tm4c123.o(.text)
    WTIMER0B_Handler                         0x00000393   Thumb Code     2  startup_tm4c123.o(.text)
    WTIMER1A_Handler                         0x00000395   Thumb Code     2  startup_tm4c123.o(.text)
    WTIMER1B_Handler                         0x00000397   Thumb Code     2  startup_tm4c123.o(.text)
    WTIMER2A_Handler                         0x00000399   Thumb Code     2  startup_tm4c123.o(.text)
    WTIMER2B_Handler                         0x0000039b   Thumb Code     2  startup_tm4c123.o(.text)
    WTIMER3A_Handler                         0x0000039d   Thumb Code     2  startup_tm4c123.o(.text)
    WTIMER3B_Handler                         0x0000039f   Thumb Code     2  startup_tm4c123.o(.text)
    WTIMER4A_Handler                         0x000003a1   Thumb Code     2  startup_tm4c123.o(.text)
    WTIMER4B_Handler                         0x000003a3   Thumb Code     2  startup_tm4c123.o(.text)
    WTIMER5A_Handler                         0x000003a5   Thumb Code     2  startup_tm4c123.o(.text)
    WTIMER5B_Handler                         0x000003a7   Thumb Code     2  startup_tm4c123.o(.text)
    FPU_Handler                              0x000003a9   Thumb Code     2  startup_tm4c123.o(.text)
    I2C4_Handler                             0x000003ab   Thumb Code     2  startup_tm4c123.o(.text)
    I2C5_Handler                             0x000003ad   Thumb Code     2  startup_tm4c123.o(.text)
    GPIOM_Handler                            0x000003af   Thumb Code     2  startup_tm4c123.o(.text)
    GPION_Handler                            0x000003b1   Thumb Code     2  startup_tm4c123.o(.text)
    QEI2_Handler                             0x000003b3   Thumb Code     2  startup_tm4c123.o(.text)
    GPIOP0_Handler                           0x000003b5   Thumb Code     2  startup_tm4c123.o(.text)
    GPIOP1_Handler                           0x000003b7   Thumb Code     2  startup_tm4c123.o(.text)
    GPIOP2_Handler                           0x000003b9   Thumb Code     2  startup_tm4c123.o(.text)
    GPIOP3_Handler                           0x000003bb   Thumb Code     2  startup_tm4c123.o(.text)
    GPIOP4_Handler                           0x000003bd   Thumb Code     2  startup_tm4c123.o(.text)
    GPIOP5_Handler                           0x000003bf   Thumb Code     2  startup_tm4c123.o(.text)
    GPIOP6_Handler                           0x000003c1   Thumb Code     2  startup_tm4c123.o(.text)
    GPIOP7_Handler                           0x000003c3   Thumb Code     2  startup_tm4c123.o(.text)
    GPIOQ0_Handler                           0x000003c5   Thumb Code     2  startup_tm4c123.o(.text)
    GPIOQ1_Handler                           0x000003c7   Thumb Code     2  startup_tm4c123.o(.text)
    GPIOQ2_Handler                           0x000003c9   Thumb Code     2  startup_tm4c123.o(.text)
    GPIOQ3_Handler                           0x000003cb   Thumb Code     2  startup_tm4c123.o(.text)
    GPIOQ4_Handler                           0x000003cd   Thumb Code     2  startup_tm4c123.o(.text)
    GPIOQ5_Handler                           0x000003cf   Thumb Code     2  startup_tm4c123.o(.text)
    GPIOQ6_Handler                           0x000003d1   Thumb Code     2  startup_tm4c123.o(.text)
    GPIOQ7_Handler                           0x000003d3   Thumb Code     2  startup_tm4c123.o(.text)
    GPIOR_Handler                            0x000003d5   Thumb Code     2  startup_tm4c123.o(.text)
    GPIOS_Handler                            0x000003d7   Thumb Code     2  startup_tm4c123.o(.text)
    PMW1_0_Handler                           0x000003d9   Thumb Code     2  startup_tm4c123.o(.text)
    PWM1_1_Handler                           0x000003db   Thumb Code     2  startup_tm4c123.o(.text)
    PWM1_2_Handler                           0x000003dd   Thumb Code     2  startup_tm4c123.o(.text)
    PWM1_3_Handler                           0x000003df   Thumb Code     2  startup_tm4c123.o(.text)
    PWM1_FAULT_Handler                       0x000003e1   Thumb Code     2  startup_tm4c123.o(.text)
    __user_initial_stackheap                 0x000003e5   Thumb Code     0  startup_tm4c123.o(.text)
    __use_two_region_memory                  0x00000405   Thumb Code     2  heapauxi.o(.text)
    __rt_heap_escrow$2region                 0x00000407   Thumb Code     2  heapauxi.o(.text)
    __rt_heap_expand$2region                 0x00000409   Thumb Code     2  heapauxi.o(.text)
    __user_libspace                          0x0000040d   Thumb Code     8  libspace.o(.text)
    __user_perproc_libspace                  0x0000040d   Thumb Code     0  libspace.o(.text)
    __user_perthread_libspace                0x0000040d   Thumb Code     0  libspace.o(.text)
    __user_setup_stackheap                   0x00000415   Thumb Code    74  sys_stackheap_outer.o(.text)
    exit                                     0x0000045f   Thumb Code    18  exit.o(.text)
    _sys_exit                                0x00000471   Thumb Code     8  sys_exit.o(.text)
    __I$use$semihosting                      0x0000047d   Thumb Code     0  use_no_semi.o(.text)
    __use_no_semihosting_swi                 0x0000047d   Thumb Code     2  use_no_semi.o(.text)
    __semihosting_library_function           0x0000047f   Thumb Code     0  indicate_semi.o(.text)
    Delay                                    0x00000481   Thumb Code    34  aa.o(.text.Delay)
    SystemInit                               0x000004a5   Thumb Code   112  system_tm4c123.o(.text.SystemInit)
    main                                     0x00000515   Thumb Code   154  aa.o(.text.main)
    _fp_init                                 0x000005af   Thumb Code    26  fpinit.o(x$fpl$fpinit)
    __fplib_config_fpu_vfp                   0x000005c7   Thumb Code     0  fpinit.o(x$fpl$fpinit)
    __fplib_config_pureend_doubles           0x000005c7   Thumb Code     0  fpinit.o(x$fpl$fpinit)
    Region$$Table$$Base                      0x000005c8   Number         0  anon$$obj.o(Region$$Table)
    Region$$Table$$Limit                     0x000005d8   Number         0  anon$$obj.o(Region$$Table)
    __libspace_start                         0x20000000   Data          96  libspace.o(.bss)
    __temporary_stack_top$libspace           0x20000060   Data           0  libspace.o(.bss)



==============================================================================

Memory Map of the image

  Image Entry point : 0x000002f1

  Load Region LR_1 (Base: 0x00000000, Size: 0x000005d8, Max: 0xffffffff, ABSOLUTE)

    Execution Region ER_RO (Exec base: 0x00000000, Load base: 0x00000000, Size: 0x000005d8, Max: 0xffffffff, ABSOLUTE)

    Exec Addr    Load Addr    Size         Type   Attr      Idx    E Section Name        Object

    0x00000000   0x00000000   0x0000026c   Data   RO         2287    RESET               startup_tm4c123.o
    0x0000026c   0x0000026c   0x00000008   Code   RO         2330  * !!!main             c_w.l(__main.o)
    0x00000274   0x00000274   0x00000034   Code   RO         2646    !!!scatter          c_w.l(__scatter.o)
    0x000002a8   0x000002a8   0x0000001c   Code   RO         2648    !!handler_zi        c_w.l(__scatter_zi.o)
    0x000002c4   0x000002c4   0x00000002   Code   RO         2513    .ARM.Collect$$libinit$$00000000  c_w.l(libinit.o)
    0x000002c6   0x000002c6   0x00000004   Code   RO         2522    .ARM.Collect$$libinit$$00000001  c_w.l(libinit2.o)
    0x000002ca   0x000002ca   0x00000000   Code   RO         2525    .ARM.Collect$$libinit$$00000004  c_w.l(libinit2.o)
    0x000002ca   0x000002ca   0x00000000   Code   RO         2528    .ARM.Collect$$libinit$$0000000A  c_w.l(libinit2.o)
    0x000002ca   0x000002ca   0x00000000   Code   RO         2530    .ARM.Collect$$libinit$$0000000C  c_w.l(libinit2.o)
    0x000002ca   0x000002ca   0x00000000   Code   RO         2532    .ARM.Collect$$libinit$$0000000E  c_w.l(libinit2.o)
    0x000002ca   0x000002ca   0x00000000   Code   RO         2535    .ARM.Collect$$libinit$$00000011  c_w.l(libinit2.o)
    0x000002ca   0x000002ca   0x00000000   Code   RO         2537    .ARM.Collect$$libinit$$00000013  c_w.l(libinit2.o)
    0x000002ca   0x000002ca   0x00000000   Code   RO         2539    .ARM.Collect$$libinit$$00000015  c_w.l(libinit2.o)
    0x000002ca   0x000002ca   0x00000000   Code   RO         2541    .ARM.Collect$$libinit$$00000017  c_w.l(libinit2.o)
    0x000002ca   0x000002ca   0x00000000   Code   RO         2543    .ARM.Collect$$libinit$$00000019  c_w.l(libinit2.o)
    0x000002ca   0x000002ca   0x00000000   Code   RO         2545    .ARM.Collect$$libinit$$0000001B  c_w.l(libinit2.o)
    0x000002ca   0x000002ca   0x00000000   Code   RO         2547    .ARM.Collect$$libinit$$0000001D  c_w.l(libinit2.o)
    0x000002ca   0x000002ca   0x00000000   Code   RO         2549    .ARM.Collect$$libinit$$0000001F  c_w.l(libinit2.o)
    0x000002ca   0x000002ca   0x00000000   Code   RO         2551    .ARM.Collect$$libinit$$00000021  c_w.l(libinit2.o)
    0x000002ca   0x000002ca   0x00000000   Code   RO         2553    .ARM.Collect$$libinit$$00000023  c_w.l(libinit2.o)
    0x000002ca   0x000002ca   0x00000000   Code   RO         2555    .ARM.Collect$$libinit$$00000025  c_w.l(libinit2.o)
    0x000002ca   0x000002ca   0x00000000   Code   RO         2559    .ARM.Collect$$libinit$$0000002C  c_w.l(libinit2.o)
    0x000002ca   0x000002ca   0x00000000   Code   RO         2561    .ARM.Collect$$libinit$$0000002E  c_w.l(libinit2.o)
    0x000002ca   0x000002ca   0x00000000   Code   RO         2563    .ARM.Collect$$libinit$$00000030  c_w.l(libinit2.o)
    0x000002ca   0x000002ca   0x00000000   Code   RO         2565    .ARM.Collect$$libinit$$00000032  c_w.l(libinit2.o)
    0x000002ca   0x000002ca   0x00000002   Code   RO         2566    .ARM.Collect$$libinit$$00000033  c_w.l(libinit2.o)
    0x000002cc   0x000002cc   0x00000002   Code   RO         2601    .ARM.Collect$$libshutdown$$00000000  c_w.l(libshutdown.o)
    0x000002ce   0x000002ce   0x00000000   Code   RO         2629    .ARM.Collect$$libshutdown$$00000002  c_w.l(libshutdown2.o)
    0x000002ce   0x000002ce   0x00000000   Code   RO         2631    .ARM.Collect$$libshutdown$$00000004  c_w.l(libshutdown2.o)
    0x000002ce   0x000002ce   0x00000000   Code   RO         2634    .ARM.Collect$$libshutdown$$00000007  c_w.l(libshutdown2.o)
    0x000002ce   0x000002ce   0x00000000   Code   RO         2637    .ARM.Collect$$libshutdown$$0000000A  c_w.l(libshutdown2.o)
    0x000002ce   0x000002ce   0x00000000   Code   RO         2639    .ARM.Collect$$libshutdown$$0000000C  c_w.l(libshutdown2.o)
    0x000002ce   0x000002ce   0x00000000   Code   RO         2642    .ARM.Collect$$libshutdown$$0000000F  c_w.l(libshutdown2.o)
    0x000002ce   0x000002ce   0x00000002   Code   RO         2643    .ARM.Collect$$libshutdown$$00000010  c_w.l(libshutdown2.o)
    0x000002d0   0x000002d0   0x00000000   Code   RO         2410    .ARM.Collect$$rtentry$$00000000  c_w.l(__rtentry.o)
    0x000002d0   0x000002d0   0x00000000   Code   RO         2474    .ARM.Collect$$rtentry$$00000002  c_w.l(__rtentry2.o)
    0x000002d0   0x000002d0   0x00000006   Code   RO         2486    .ARM.Collect$$rtentry$$00000004  c_w.l(__rtentry4.o)
    0x000002d6   0x000002d6   0x00000000   Code   RO         2476    .ARM.Collect$$rtentry$$00000009  c_w.l(__rtentry2.o)
    0x000002d6   0x000002d6   0x00000004   Code   RO         2477    .ARM.Collect$$rtentry$$0000000A  c_w.l(__rtentry2.o)
    0x000002da   0x000002da   0x00000000   Code   RO         2479    .ARM.Collect$$rtentry$$0000000C  c_w.l(__rtentry2.o)
    0x000002da   0x000002da   0x00000008   Code   RO         2480    .ARM.Collect$$rtentry$$0000000D  c_w.l(__rtentry2.o)
    0x000002e2   0x000002e2   0x00000002   Code   RO         2514    .ARM.Collect$$rtexit$$00000000  c_w.l(rtexit.o)
    0x000002e4   0x000002e4   0x00000000   Code   RO         2572    .ARM.Collect$$rtexit$$00000002  c_w.l(rtexit2.o)
    0x000002e4   0x000002e4   0x00000004   Code   RO         2573    .ARM.Collect$$rtexit$$00000003  c_w.l(rtexit2.o)
    0x000002e8   0x000002e8   0x00000006   Code   RO         2574    .ARM.Collect$$rtexit$$00000004  c_w.l(rtexit2.o)
    0x000002ee   0x000002ee   0x00000002   PAD
    0x000002f0   0x000002f0   0x00000114   Code   RO         2288  * .text               startup_tm4c123.o
    0x00000404   0x00000404   0x00000006   Code   RO         2328    .text               c_w.l(heapauxi.o)
    0x0000040a   0x0000040a   0x00000002   PAD
    0x0000040c   0x0000040c   0x00000008   Code   RO         2497    .text               c_w.l(libspace.o)
    0x00000414   0x00000414   0x0000004a   Code   RO         2500    .text               c_w.l(sys_stackheap_outer.o)
    0x0000045e   0x0000045e   0x00000012   Code   RO         2502    .text               c_w.l(exit.o)
    0x00000470   0x00000470   0x0000000c   Code   RO         2567    .text               c_w.l(sys_exit.o)
    0x0000047c   0x0000047c   0x00000002   Code   RO         2590    .text               c_w.l(use_no_semi.o)
    0x0000047e   0x0000047e   0x00000000   Code   RO         2592    .text               c_w.l(indicate_semi.o)
    0x0000047e   0x0000047e   0x00000002   PAD
    0x00000480   0x00000480   0x00000022   Code   RO            2    .text.Delay         aa.o
    0x000004a2   0x000004a2   0x00000002   PAD
    0x000004a4   0x000004a4   0x00000070   Code   RO         2299    .text.SystemInit    system_tm4c123.o
    0x00000514   0x00000514   0x0000009a   Code   RO            4    .text.main          aa.o
    0x000005ae   0x000005ae   0x0000001a   Code   RO         2584    x$fpl$fpinit        fz_wm.l(fpinit.o)
    0x000005c8   0x000005c8   0x00000010   Data   RO         2645    Region$$Table       anon$$obj.o


    Execution Region ER_RW (Exec base: 0x20000000, Load base: 0x000005d8, Size: 0x00000000, Max: 0xffffffff, ABSOLUTE)

    **** No section assigned to this execution region ****


    Execution Region ER_ZI (Exec base: 0x20000000, Load base: 0x000005d8, Size: 0x00000268, Max: 0xffffffff, ABSOLUTE)

    Exec Addr    Load Addr    Size         Type   Attr      Idx    E Section Name        Object

    0x20000000        -       0x00000060   Zero   RW         2498    .bss                c_w.l(libspace.o)
    0x20000060        -       0x00000004   Zero   RW            6    .bss.i              aa.o
    0x20000064   0x000005d8   0x00000004   PAD
    0x20000068        -       0x00000000   Zero   RW         2286    HEAP                startup_tm4c123.o
    0x20000068        -       0x00000200   Zero   RW         2285    STACK               startup_tm4c123.o


==============================================================================

Image component sizes


      Code (inc. data)   RO Data    RW Data    ZI Data      Debug   Object Name

       188          0          0          0          4        769   aa.o
       276         24        620          0        512       5428   startup_tm4c123.o
       112          0          0          0          0       6426   system_tm4c123.o

    ----------------------------------------------------------------------
       578         24        636          0        520      12623   Object Totals
         0          0         16          0          0          0   (incl. Generated)
         2          0          0          0          4          0   (incl. Padding)

    ----------------------------------------------------------------------

      Code (inc. data)   RO Data    RW Data    ZI Data      Debug   Library Member Name

         8          0          0          0          0         68   __main.o
         0          0          0          0          0          0   __rtentry.o
        12          0          0          0          0          0   __rtentry2.o
         6          0          0          0          0          0   __rtentry4.o
        52          8          0          0          0          0   __scatter.o
        28          0          0          0          0          0   __scatter_zi.o
        18          0          0          0          0         80   exit.o
         6          0          0          0          0        152   heapauxi.o
         0          0          0          0          0          0   indicate_semi.o
         2          0          0          0          0          0   libinit.o
         6          0          0          0          0          0   libinit2.o
         2          0          0          0          0          0   libshutdown.o
         2          0          0          0          0          0   libshutdown2.o
         8          4          0          0         96         68   libspace.o
         2          0          0          0          0          0   rtexit.o
        10          0          0          0          0          0   rtexit2.o
        12          4          0          0          0         68   sys_exit.o
        74          0          0          0          0         80   sys_stackheap_outer.o
         2          0          0          0          0         68   use_no_semi.o
        26          0          0          0          0        116   fpinit.o

    ----------------------------------------------------------------------
       282         16          0          0         96        700   Library Totals
         6          0          0          0          0          0   (incl. Padding)

    ----------------------------------------------------------------------

      Code (inc. data)   RO Data    RW Data    ZI Data      Debug   Library Name

       250         16          0          0         96        584   c_w.l
        26          0          0          0          0        116   fz_wm.l

    ----------------------------------------------------------------------
       282         16          0          0         96        700   Library Totals

    ----------------------------------------------------------------------

==============================================================================


      Code (inc. data)   RO Data    RW Data    ZI Data      Debug   

       860         40        636          0        616      13079   Grand Totals
       860         40        636          0        616      13079   ELF Image Totals
       860         40        636          0          0          0   ROM Totals

==============================================================================

    Total RO  Size (Code + RO Data)                 1496 (   1.46kB)
    Total RW  Size (RW Data + ZI Data)               616 (   0.60kB)
    Total ROM Size (Code + RO Data + RW Data)       1496 (   1.46kB)

==============================================================================

